ARM Linker, 5.03 [Build 76] [MDK-ARM Standard]

==============================================================================

Section Cross References

    stm32f4xx_hal_rcc_ex.o(i.HAL_RCCEx_PeriphCLKConfig) refers to stm32f4xx_hal.o(i.HAL_GetTick) for HAL_GetTick
    stm32f4xx_hal_flash.o(i.FLASH_SetErrorCode) refers to stm32f4xx_hal_flash.o(.bss) for pFlash
    stm32f4xx_hal_flash.o(i.FLASH_WaitForLastOperation) refers to stm32f4xx_hal.o(i.HAL_GetTick) for HAL_GetTick
    stm32f4xx_hal_flash.o(i.FLASH_WaitForLastOperation) refers to stm32f4xx_hal_flash.o(i.FLASH_SetErrorCode) for FLASH_SetErrorCode
    stm32f4xx_hal_flash.o(i.FLASH_WaitForLastOperation) refers to stm32f4xx_hal_flash.o(.bss) for pFlash
    stm32f4xx_hal_flash.o(i.HAL_FLASH_GetError) refers to stm32f4xx_hal_flash.o(.bss) for pFlash
    stm32f4xx_hal_flash.o(i.HAL_FLASH_IRQHandler) refers to stm32f4xx_hal_flash.o(i.FLASH_SetErrorCode) for FLASH_SetErrorCode
    stm32f4xx_hal_flash.o(i.HAL_FLASH_IRQHandler) refers to stm32f4xx_hal_flash.o(i.HAL_FLASH_OperationErrorCallback) for HAL_FLASH_OperationErrorCallback
    stm32f4xx_hal_flash.o(i.HAL_FLASH_IRQHandler) refers to stm32f4xx_hal_flash.o(i.HAL_FLASH_EndOfOperationCallback) for HAL_FLASH_EndOfOperationCallback
    stm32f4xx_hal_flash.o(i.HAL_FLASH_IRQHandler) refers to stm32f4xx_hal_flash_ex.o(i.FLASH_Erase_Sector) for FLASH_Erase_Sector
    stm32f4xx_hal_flash.o(i.HAL_FLASH_IRQHandler) refers to stm32f4xx_hal_flash_ex.o(i.FLASH_FlushCaches) for FLASH_FlushCaches
    stm32f4xx_hal_flash.o(i.HAL_FLASH_IRQHandler) refers to stm32f4xx_hal_flash.o(.bss) for pFlash
    stm32f4xx_hal_flash.o(i.HAL_FLASH_OB_Launch) refers to stm32f4xx_hal_flash.o(i.FLASH_WaitForLastOperation) for FLASH_WaitForLastOperation
    stm32f4xx_hal_flash.o(i.HAL_FLASH_Program) refers to stm32f4xx_hal_flash.o(i.FLASH_WaitForLastOperation) for FLASH_WaitForLastOperation
    stm32f4xx_hal_flash.o(i.HAL_FLASH_Program) refers to stm32f4xx_hal_flash.o(i.FLASH_Program_Byte) for FLASH_Program_Byte
    stm32f4xx_hal_flash.o(i.HAL_FLASH_Program) refers to stm32f4xx_hal_flash.o(i.FLASH_Program_HalfWord) for FLASH_Program_HalfWord
    stm32f4xx_hal_flash.o(i.HAL_FLASH_Program) refers to stm32f4xx_hal_flash.o(i.FLASH_Program_Word) for FLASH_Program_Word
    stm32f4xx_hal_flash.o(i.HAL_FLASH_Program) refers to stm32f4xx_hal_flash.o(i.FLASH_Program_DoubleWord) for FLASH_Program_DoubleWord
    stm32f4xx_hal_flash.o(i.HAL_FLASH_Program) refers to stm32f4xx_hal_flash.o(.bss) for pFlash
    stm32f4xx_hal_flash.o(i.HAL_FLASH_Program_IT) refers to stm32f4xx_hal_flash.o(i.FLASH_Program_Byte) for FLASH_Program_Byte
    stm32f4xx_hal_flash.o(i.HAL_FLASH_Program_IT) refers to stm32f4xx_hal_flash.o(i.FLASH_Program_HalfWord) for FLASH_Program_HalfWord
    stm32f4xx_hal_flash.o(i.HAL_FLASH_Program_IT) refers to stm32f4xx_hal_flash.o(i.FLASH_Program_Word) for FLASH_Program_Word
    stm32f4xx_hal_flash.o(i.HAL_FLASH_Program_IT) refers to stm32f4xx_hal_flash.o(i.FLASH_Program_DoubleWord) for FLASH_Program_DoubleWord
    stm32f4xx_hal_flash.o(i.HAL_FLASH_Program_IT) refers to stm32f4xx_hal_flash.o(.bss) for pFlash
    stm32f4xx_hal.o(i.HAL_DeInit) refers to stm32f4xx_hal.o(i.HAL_MspDeInit) for HAL_MspDeInit
    stm32f4xx_hal.o(i.HAL_Delay) refers to stm32f4xx_hal.o(i.HAL_GetTick) for HAL_GetTick
    stm32f4xx_hal.o(i.HAL_GetTick) refers to stm32f4xx_hal.o(.data) for uwTick
    stm32f4xx_hal.o(i.HAL_IncTick) refers to stm32f4xx_hal.o(.data) for uwTick
    stm32f4xx_hal.o(i.HAL_Init) refers to stm32f4xx_hal_cortex.o(i.HAL_NVIC_SetPriorityGrouping) for HAL_NVIC_SetPriorityGrouping
    stm32f4xx_hal.o(i.HAL_Init) refers to stm32f4xx_hal.o(i.HAL_InitTick) for HAL_InitTick
    stm32f4xx_hal.o(i.HAL_Init) refers to stm32f4xx_hal_msp.o(i.HAL_MspInit) for HAL_MspInit
    stm32f4xx_hal.o(i.HAL_InitTick) refers to stm32f4xx_hal_rcc.o(i.HAL_RCC_GetHCLKFreq) for HAL_RCC_GetHCLKFreq
    stm32f4xx_hal.o(i.HAL_InitTick) refers to stm32f4xx_hal_cortex.o(i.HAL_SYSTICK_Config) for HAL_SYSTICK_Config
    stm32f4xx_hal.o(i.HAL_InitTick) refers to stm32f4xx_hal_cortex.o(i.HAL_NVIC_SetPriority) for HAL_NVIC_SetPriority
    stm32f4xx_hal_i2s.o(i.HAL_I2S_DMAStop) refers to stm32f4xx_hal_dma.o(i.HAL_DMA_Abort) for HAL_DMA_Abort
    stm32f4xx_hal_i2s.o(i.HAL_I2S_DeInit) refers to stm32f4xx_hal_msp.o(i.HAL_I2S_MspDeInit) for HAL_I2S_MspDeInit
    stm32f4xx_hal_i2s.o(i.HAL_I2S_IRQHandler) refers to stm32f4xx_hal_i2s.o(i.I2S_Receive_IT) for I2S_Receive_IT
    stm32f4xx_hal_i2s.o(i.HAL_I2S_IRQHandler) refers to stm32f4xx_hal_i2s.o(i.I2S_Transmit_IT) for I2S_Transmit_IT
    stm32f4xx_hal_i2s.o(i.HAL_I2S_IRQHandler) refers to stm32f4xx_hal_i2s.o(i.HAL_I2S_ErrorCallback) for HAL_I2S_ErrorCallback
    stm32f4xx_hal_i2s.o(i.HAL_I2S_Init) refers to stm32f4xx_hal_msp.o(i.HAL_I2S_MspInit) for HAL_I2S_MspInit
    stm32f4xx_hal_i2s.o(i.HAL_I2S_Init) refers to stm32f4xx_hal_i2s_ex.o(i.I2S_GetInputClock) for I2S_GetInputClock
[...]
    .ARM.Collect$$$$00000001                 0x08000188   Section        4  entry2.o(.ARM.Collect$$$$00000001)
    .ARM.Collect$$$$00000004                 0x0800018c   Section        4  entry5.o(.ARM.Collect$$$$00000004)
    .ARM.Collect$$$$00000008                 0x08000190   Section        0  entry7b.o(.ARM.Collect$$$$00000008)
    .ARM.Collect$$$$0000000A                 0x08000190   Section        0  entry8b.o(.ARM.Collect$$$$0000000A)
    .ARM.Collect$$$$0000000B                 0x08000190   Section        8  entry9a.o(.ARM.Collect$$$$0000000B)
    .ARM.Collect$$$$0000000D                 0x08000198   Section        0  entry10a.o(.ARM.Collect$$$$0000000D)
    .ARM.Collect$$$$0000000F                 0x08000198   Section        0  entry11a.o(.ARM.Collect$$$$0000000F)
    .ARM.Collect$$$$00002712                 0x08000198   Section        4  entry2.o(.ARM.Collect$$$$00002712)
    __lit__00000000                          0x08000198   Data           4  entry2.o(.ARM.Collect$$$$00002712)
    .text                                    0x0800019c   Section       36  startup_stm32f407xx.o(.text)
    $v0                                      0x0800019c   Number         0  startup_stm32f407xx.o(.text)
    .text                                    0x080001c0   Section        0  dmul.o(.text)
    .text                                    0x080002a4   Section        0  ddiv.o(.text)
    .text                                    0x08000382   Section        0  f2d.o(.text)
    .text                                    0x080003a8   Section       40  cdcmple.o(.text)
    .text                                    0x080003d0   Section       40  cdrcmple.o(.text)
    .text                                    0x080003f8   Section        0  d2f.o(.text)
    .text                                    0x08000430   Section        0  iusefp.o(.text)
    .text                                    0x08000430   Section        0  fepilogue.o(.text)
    .text                                    0x0800049c   Section        0  depilogue.o(.text)
    .text                                    0x0800055c   Section       36  init.o(.text)
    .text                                    0x08000580   Section        0  llshl.o(.text)
    .text                                    0x0800059e   Section        0  llushr.o(.text)
    i.BusFault_Handler                       0x080005be   Section        0  stm32f4xx_it.o(i.BusFault_Handler)
    i.CDC_Itf_Control                        0x080005c4   Section        0  usbd_cdc_interface.o(i.CDC_Itf_Control)
    CDC_Itf_Control                          0x080005c5   Thumb Code   154  usbd_cdc_interface.o(i.CDC_Itf_Control)
    i.CDC_Itf_DeInit                         0x08000664   Section        0  usbd_cdc_interface.o(i.CDC_Itf_DeInit)
    CDC_Itf_DeInit                           0x08000665   Thumb Code     4  usbd_cdc_interface.o(i.CDC_Itf_DeInit)
    i.CDC_Itf_Init                           0x08000668   Section        0  usbd_cdc_interface.o(i.CDC_Itf_Init)
    CDC_Itf_Init                             0x08000669   Thumb Code    40  usbd_cdc_interface.o(i.CDC_Itf_Init)
    i.CDC_Itf_Receive                        0x080006a0   Section        0  usbd_cdc_interface.o(i.CDC_Itf_Receive)
    CDC_Itf_Receive                          0x080006a1   Thumb Code     6  usbd_cdc_interface.o(i.CDC_Itf_Receive)
    i.DebugMon_Handler                       0x080006a6   Section        0  stm32f4xx_it.o(i.DebugMon_Handler)
    i.Error_Handler                          0x080006a8   Section        0  main.o(i.Error_Handler)
    i.HAL_Delay                              0x080006ac   Section        0  util.o(i.HAL_Delay)
    i.HAL_GPIO_Init                          0x080006b8   Section        0  stm32f4xx_hal_gpio.o(i.HAL_GPIO_Init)
    i.HAL_GPIO_ReadPin                       0x080008c4   Section        0  stm32f4xx_hal_gpio.o(i.HAL_GPIO_ReadPin)
    i.HAL_GPIO_WritePin                      0x080008d4   Section        0  stm32f4xx_hal_gpio.o(i.HAL_GPIO_WritePin)
    i.HAL_GetTick                            0x080008e0   Section        0  stm32f4xx_hal.o(i.HAL_GetTick)
    i.HAL_IncTick                            0x080008ec   Section        0  stm32f4xx_hal.o(i.HAL_IncTick)
    i.HAL_Init                               0x080008fc   Section        0  stm32f4xx_hal.o(i.HAL_Init)
    i.HAL_InitTick                           0x08000938   Section        0  stm32f4xx_hal.o(i.HAL_InitTick)
    i.HAL_MspInit                            0x0800095c   Section        0  stm32f4xx_hal_msp.o(i.HAL_MspInit)
    i.HAL_NVIC_EnableIRQ                     0x0800099e   Section        0  stm32f4xx_hal_cortex.o(i.HAL_NVIC_EnableIRQ)
    i.HAL_NVIC_SetPriority                   0x080009ba   Section        0  stm32f4xx_hal_cortex.o(i.HAL_NVIC_SetPriority)
    i.HAL_NVIC_SetPriorityGrouping           0x08000a38   Section        0  stm32f4xx_hal_cortex.o(i.HAL_NVIC_SetPriorityGrouping)
    i.HAL_PCD_ConnectCallback                0x08000a60   Section        0  usbd_conf.o(i.HAL_PCD_ConnectCallback)
    i.HAL_PCD_DataInStageCallback            0x08000a6e   Section        0  usbd_conf.o(i.HAL_PCD_DataInStageCallback)
    i.HAL_PCD_DataOutStageCallback           0x08000a8e   Section        0  usbd_conf.o(i.HAL_PCD_DataOutStageCallback)
    i.HAL_PCD_DisconnectCallback             0x08000aae   Section        0  usbd_conf.o(i.HAL_PCD_DisconnectCallback)
    i.HAL_PCD_EP_ClrStall                    0x08000abc   Section        0  stm32f4xx_hal_pcd.o(i.HAL_PCD_EP_ClrStall)
    i.HAL_PCD_EP_Open                        0x08000b24   Section        0  stm32f4xx_hal_pcd.o(i.HAL_PCD_EP_Open)
    i.HAL_PCD_EP_Receive                     0x08000bb0   Section        0  stm32f4xx_hal_pcd.o(i.HAL_PCD_EP_Receive)
    i.HAL_PCD_EP_SetStall                    0x08000c28   Section        0  stm32f4xx_hal_pcd.o(i.HAL_PCD_EP_SetStall)
    i.HAL_PCD_EP_Transmit                    0x08000ca2   Section        0  stm32f4xx_hal_pcd.o(i.HAL_PCD_EP_Transmit)
    i.HAL_PCD_IRQHandler                     0x08000d1c   Section        0  stm32f4xx_hal_pcd.o(i.HAL_PCD_IRQHandler)
    i.HAL_PCD_ISOINIncompleteCallback        0x08001274   Section        0  usbd_conf.o(i.HAL_PCD_ISOINIncompleteCallback)
    i.HAL_PCD_ISOOUTIncompleteCallback       0x08001286   Section        0  usbd_conf.o(i.HAL_PCD_ISOOUTIncompleteCallback)
    i.HAL_PCD_ResetCallback                  0x08001298   Section        0  usbd_conf.o(i.HAL_PCD_ResetCallback)
    i.HAL_PCD_ResumeCallback                 0x080012ca   Section        0  usbd_conf.o(i.HAL_PCD_ResumeCallback)
    i.HAL_PCD_SOFCallback                    0x080012d8   Section        0  usbd_conf.o(i.HAL_PCD_SOFCallback)
    i.HAL_PCD_SetAddress                     0x080012e6   Section        0  stm32f4xx_hal_pcd.o(i.HAL_PCD_SetAddress)
    i.HAL_PCD_SetupStageCallback             0x08001318   Section        0  usbd_conf.o(i.HAL_PCD_SetupStageCallback)
    i.HAL_PCD_SuspendCallback                0x0800132a   Section        0  usbd_conf.o(i.HAL_PCD_SuspendCallback)
    i.HAL_RCC_ClockConfig                    0x08001338   Section        0  stm32f4xx_hal_rcc.o(i.HAL_RCC_ClockConfig)
    i.HAL_RCC_GetHCLKFreq                    0x080014d8   Section        0  stm32f4xx_hal_rcc.o(i.HAL_RCC_GetHCLKFreq)
    i.HAL_RCC_GetPCLK1Freq                   0x08001510   Section        0  stm32f4xx_hal_rcc.o(i.HAL_RCC_GetPCLK1Freq)
    i.HAL_RCC_GetPCLK2Freq                   0x0800153c   Section        0  stm32f4xx_hal_rcc.o(i.HAL_RCC_GetPCLK2Freq)
    i.HAL_RCC_GetSysClockFreq                0x08001568   Section        0  stm32f4xx_hal_rcc.o(i.HAL_RCC_GetSysClockFreq)
    i.HAL_RCC_OscConfig                      0x0800161c   Section        0  stm32f4xx_hal_rcc.o(i.HAL_RCC_OscConfig)
    i.HAL_SYSTICK_CLKSourceConfig            0x080019b4   Section        0  stm32f4xx_hal_cortex.o(i.HAL_SYSTICK_CLKSourceConfig)
    i.HAL_SYSTICK_Config                     0x080019dc   Section        0  stm32f4xx_hal_cortex.o(i.HAL_SYSTICK_Config)
    i.HAL_TIMEx_BreakCallback                0x08001a10   Section        0  stm32f4xx_hal_tim_ex.o(i.HAL_TIMEx_BreakCallback)
    i.HAL_TIMEx_CommutationCallback          0x08001a12   Section        0  stm32f4xx_hal_tim_ex.o(i.HAL_TIMEx_CommutationCallback)
    i.HAL_TIMEx_MasterConfigSynchronization  0x08001a14   Section        0  stm32f4xx_hal_tim_ex.o(i.HAL_TIMEx_MasterConfigSynchronization)
    i.HAL_TIM_Base_Init                      0x08001a76   Section        0  stm32f4xx_hal_tim.o(i.HAL_TIM_Base_Init)
    i.HAL_TIM_Base_MspInit                   0x08001aac   Section        0  stm32f4xx_hal_msp.o(i.HAL_TIM_Base_MspInit)
    i.HAL_TIM_Base_Start_IT                  0x08001b94   Section        0  stm32f4xx_hal_tim.o(i.HAL_TIM_Base_Start_IT)
    i.HAL_TIM_ConfigClockSource              0x08001bb2   Section        0  stm32f4xx_hal_tim.o(i.HAL_TIM_ConfigClockSource)
    i.HAL_TIM_IC_CaptureCallback             0x08001ce4   Section        0  stm32f4xx_hal_tim.o(i.HAL_TIM_IC_CaptureCallback)
    i.HAL_TIM_IRQHandler                     0x08001ce6   Section        0  stm32f4xx_hal_tim.o(i.HAL_TIM_IRQHandler)
    i.HAL_TIM_MspPostInit                    0x08001e7c   Section        0  stm32f4xx_hal_msp.o(i.HAL_TIM_MspPostInit)
    i.HAL_TIM_OC_DelayElapsedCallback        0x08001f20   Section        0  stm32f4xx_hal_tim.o(i.HAL_TIM_OC_DelayElapsedCallback)
    i.HAL_TIM_PWM_ConfigChannel              0x08001f22   Section        0  stm32f4xx_hal_tim.o(i.HAL_TIM_PWM_ConfigChannel)
    i.HAL_TIM_PWM_Init                       0x0800202a   Section        0  stm32f4xx_hal_tim.o(i.HAL_TIM_PWM_Init)
    i.HAL_TIM_PWM_MspInit                    0x0800205e   Section        0  stm32f4xx_hal_tim.o(i.HAL_TIM_PWM_MspInit)
    i.HAL_TIM_PWM_PulseFinishedCallback      0x08002060   Section        0  stm32f4xx_hal_tim.o(i.HAL_TIM_PWM_PulseFinishedCallback)
    i.HAL_TIM_PWM_Start                      0x08002064   Section        0  stm32f4xx_hal_tim.o(i.HAL_TIM_PWM_Start)
    i.HAL_TIM_PWM_Stop                       0x080020b0   Section        0  stm32f4xx_hal_tim.o(i.HAL_TIM_PWM_Stop)
    i.HAL_TIM_PeriodElapsedCallback          0x08002138   Section        0  usbd_cdc_interface.o(i.HAL_TIM_PeriodElapsedCallback)
    i.HAL_TIM_TriggerCallback                0x080021ac   Section        0  stm32f4xx_hal_tim.o(i.HAL_TIM_TriggerCallback)
    i.HAL_UART_ErrorCallback                 0x080021ae   Section        0  usart.o(i.HAL_UART_ErrorCallback)
    i.HAL_UART_IRQHandler                    0x080021ba   Section        0  stm32f4xx_hal_uart.o(i.HAL_UART_IRQHandler)
    i.HAL_UART_Init                          0x080022ee   Section        0  stm32f4xx_hal_uart.o(i.HAL_UART_Init)
    i.HAL_UART_MspInit                       0x08002360   Section        0  stm32f4xx_hal_msp.o(i.HAL_UART_MspInit)
    i.HAL_UART_Receive_IT                    0x08002490   Section        0  stm32f4xx_hal_uart.o(i.HAL_UART_Receive_IT)
    i.HAL_UART_RxCpltCallback                0x08002500   Section        0  usart.o(i.HAL_UART_RxCpltCallback)
    i.HAL_UART_Transmit                      0x0800250c   Section        0  stm32f4xx_hal_uart.o(i.HAL_UART_Transmit)
    i.HAL_UART_TxCpltCallback                0x080025d0   Section        0  usart.o(i.HAL_UART_TxCpltCallback)
    i.HardFault_Handler                      0x080025d2   Section        0  stm32f4xx_it.o(i.HardFault_Handler)
    i.MX_GPIO_Init                           0x080025d8   Section        0  main.o(i.MX_GPIO_Init)
    MX_GPIO_Init                             0x080025d9   Thumb Code   344  main.o(i.MX_GPIO_Init)
    i.MX_TIM2_Init                           0x08002744   Section        0  main.o(i.MX_TIM2_Init)
    MX_TIM2_Init                             0x08002745   Thumb Code   120  main.o(i.MX_TIM2_Init)
    i.MX_USART1_UART_Init                    0x080027c0   Section        0  usart.o(i.MX_USART1_UART_Init)
    i.MX_USART3_UART_Init                    0x08002800   Section        0  usart.o(i.MX_USART3_UART_Init)
    i.MemManage_Handler                      0x08002840   Section        0  stm32f4xx_it.o(i.MemManage_Handler)
    i.NMI_Handler                            0x08002844   Section        0  stm32f4xx_it.o(i.NMI_Handler)
    i.NVIC_GetPriorityGrouping               0x08002848   Section        0  stm32f4xx_hal_cortex.o(i.NVIC_GetPriorityGrouping)
    NVIC_GetPriorityGrouping                 0x08002849   Thumb Code    10  stm32f4xx_hal_cortex.o(i.NVIC_GetPriorityGrouping)
    i.NVIC_SetPriority                       0x08002858   Section        0  stm32f4xx_hal_cortex.o(i.NVIC_SetPriority)
    NVIC_SetPriority                         0x08002859   Thumb Code    32  stm32f4xx_hal_cortex.o(i.NVIC_SetPriority)
    i.OTG_HS_IRQHandler                      0x08002880   Section        0  stm32f4xx_it.o(i.OTG_HS_IRQHandler)
    i.PCD_WriteEmptyTxFifo                   0x08002890   Section        0  stm32f4xx_hal_pcd.o(i.PCD_WriteEmptyTxFifo)
    PCD_WriteEmptyTxFifo                     0x08002891   Thumb Code   162  stm32f4xx_hal_pcd.o(i.PCD_WriteEmptyTxFifo)
    i.SysTick_Handler                        0x08002932   Section        0  stm32f4xx_it.o(i.SysTick_Handler)
    i.SystemClock_Config                     0x0800293c   Section        0  main.o(i.SystemClock_Config)
    i.SystemInit                             0x080029f4   Section        0  system_stm32f4xx.o(i.SystemInit)
    i.TIM4_IRQHandler                        0x08002a58   Section        0  stm32f4xx_it.o(i.TIM4_IRQHandler)
    i.TIM_Base_SetConfig                     0x08002a68   Section        0  stm32f4xx_hal_tim.o(i.TIM_Base_SetConfig)
    i.TIM_CCxChannelCmd                      0x08002b4c   Section        0  stm32f4xx_hal_tim.o(i.TIM_CCxChannelCmd)
    i.TIM_Config                             0x08002b68   Section        0  usbd_cdc_interface.o(i.TIM_Config)
    TIM_Config                               0x08002b69   Thumb Code    90  usbd_cdc_interface.o(i.TIM_Config)
    i.TIM_ETR_SetConfig                      0x08002bd0   Section        0  stm32f4xx_hal_tim.o(i.TIM_ETR_SetConfig)
    TIM_ETR_SetConfig                        0x08002bd1   Thumb Code    24  stm32f4xx_hal_tim.o(i.TIM_ETR_SetConfig)
    i.TIM_ITRx_SetConfig                     0x08002be8   Section        0  stm32f4xx_hal_tim.o(i.TIM_ITRx_SetConfig)
    TIM_ITRx_SetConfig                       0x08002be9   Thumb Code    20  stm32f4xx_hal_tim.o(i.TIM_ITRx_SetConfig)
    i.TIM_OC1_SetConfig                      0x08002bfc   Section        0  stm32f4xx_hal_tim.o(i.TIM_OC1_SetConfig)
    TIM_OC1_SetConfig                        0x08002bfd   Thumb Code   102  stm32f4xx_hal_tim.o(i.TIM_OC1_SetConfig)
    i.TIM_OC2_SetConfig                      0x08002c6c   Section        0  stm32f4xx_hal_tim.o(i.TIM_OC2_SetConfig)
    i.TIM_OC3_SetConfig                      0x08002ce4   Section        0  stm32f4xx_hal_tim.o(i.TIM_OC3_SetConfig)
    TIM_OC3_SetConfig                        0x08002ce5   Thumb Code   110  stm32f4xx_hal_tim.o(i.TIM_OC3_SetConfig)
    i.TIM_OC4_SetConfig                      0x08002d5c   Section        0  stm32f4xx_hal_tim.o(i.TIM_OC4_SetConfig)
    TIM_OC4_SetConfig                        0x08002d5d   Thumb Code    88  stm32f4xx_hal_tim.o(i.TIM_OC4_SetConfig)
    i.TIM_TI1_ConfigInputStage               0x08002dbc   Section        0  stm32f4xx_hal_tim.o(i.TIM_TI1_ConfigInputStage)
    TIM_TI1_ConfigInputStage                 0x08002dbd   Thumb Code    42  stm32f4xx_hal_tim.o(i.TIM_TI1_ConfigInputStage)
    i.TIM_TI2_ConfigInputStage               0x08002de6   Section        0  stm32f4xx_hal_tim.o(i.TIM_TI2_ConfigInputStage)
    TIM_TI2_ConfigInputStage                 0x08002de7   Thumb Code    44  stm32f4xx_hal_tim.o(i.TIM_TI2_ConfigInputStage)
    i.UART_EndTransmit_IT                    0x08002e12   Section        0  stm32f4xx_hal_uart.o(i.UART_EndTransmit_IT)
    UART_EndTransmit_IT                      0x08002e13   Thumb Code    32  stm32f4xx_hal_uart.o(i.UART_EndTransmit_IT)
    i.UART_Receive_IT                        0x08002e32   Section        0  stm32f4xx_hal_uart.o(i.UART_Receive_IT)
    UART_Receive_IT                          0x08002e33   Thumb Code   168  stm32f4xx_hal_uart.o(i.UART_Receive_IT)
    i.UART_SetConfig                         0x08002edc   Section        0  stm32f4xx_hal_uart.o(i.UART_SetConfig)
    UART_SetConfig                           0x08002edd   Thumb Code   864  stm32f4xx_hal_uart.o(i.UART_SetConfig)
    i.UART_Transmit_IT                       0x08003244   Section        0  stm32f4xx_hal_uart.o(i.UART_Transmit_IT)
    UART_Transmit_IT                         0x08003245   Thumb Code   106  stm32f4xx_hal_uart.o(i.UART_Transmit_IT)
    i.UART_WaitOnFlagUntilTimeout            0x080032ae   Section        0  stm32f4xx_hal_uart.o(i.UART_WaitOnFlagUntilTimeout)
    UART_WaitOnFlagUntilTimeout              0x080032af   Thumb Code   258  stm32f4xx_hal_uart.o(i.UART_WaitOnFlagUntilTimeout)
    i.USART1_IRQHandler                      0x080033b0   Section        0  usart.o(i.USART1_IRQHandler)
    i.USART3_IRQHandler                      0x080033c0   Section        0  usart.o(i.USART3_IRQHandler)
    i.USBD_CDC_SetRxBuffer                   0x080033d0   Section        0  usbd_cdc.o(i.USBD_CDC_SetRxBuffer)
    i.USBD_CDC_SetTxBuffer                   0x080033de   Section        0  usbd_cdc.o(i.USBD_CDC_SetTxBuffer)
    i.USBD_CDC_TransmitPacket                0x080033f2   Section        0  usbd_cdc.o(i.USBD_CDC_TransmitPacket)
    i.USBD_ClrClassConfig                    0x0800342a   Section        0  usbd_core.o(i.USBD_ClrClassConfig)
    i.USBD_ClrFeature                        0x08003440   Section        0  usbd_ctlreq.o(i.USBD_ClrFeature)
    USBD_ClrFeature                          0x08003441   Thumb Code    68  usbd_ctlreq.o(i.USBD_ClrFeature)
    i.USBD_CtlContinueRx                     0x08003484   Section        0  usbd_ioreq.o(i.USBD_CtlContinueRx)
    i.USBD_CtlContinueSendData               0x0800349c   Section        0  usbd_ioreq.o(i.USBD_CtlContinueSendData)
    i.USBD_CtlError                          0x080034b4   Section        0  usbd_ctlreq.o(i.USBD_CtlError)
    i.USBD_CtlReceiveStatus                  0x080034cc   Section        0  usbd_ioreq.o(i.USBD_CtlReceiveStatus)
    i.USBD_CtlSendData                       0x080034e6   Section        0  usbd_ioreq.o(i.USBD_CtlSendData)
    i.USBD_CtlSendStatus                     0x08003508   Section        0  usbd_ioreq.o(i.USBD_CtlSendStatus)
    i.USBD_GetConfig                         0x08003522   Section        0  usbd_ctlreq.o(i.USBD_GetConfig)
    USBD_GetConfig                           0x08003523   Thumb Code    80  usbd_ctlreq.o(i.USBD_GetConfig)
    i.USBD_GetDescriptor                     0x08003572   Section        0  usbd_ctlreq.o(i.USBD_GetDescriptor)
    USBD_GetDescriptor                       0x08003573   Thumb Code   328  usbd_ctlreq.o(i.USBD_GetDescriptor)
    i.USBD_GetStatus                         0x080036ba   Section        0  usbd_ctlreq.o(i.USBD_GetStatus)
    USBD_GetStatus                           0x080036bb   Thumb Code    68  usbd_ctlreq.o(i.USBD_GetStatus)
    i.USBD_LL_ClearStallEP                   0x080036fe   Section        0  usbd_conf.o(i.USBD_LL_ClearStallEP)
    i.USBD_LL_DataInStage                    0x08003712   Section        0  usbd_core.o(i.USBD_LL_DataInStage)
    i.USBD_LL_DataOutStage                   0x080037ec   Section        0  usbd_core.o(i.USBD_LL_DataOutStage)
    i.USBD_LL_DevConnected                   0x08003872   Section        0  usbd_core.o(i.USBD_LL_DevConnected)
    i.USBD_LL_DevDisconnected                0x08003878   Section        0  usbd_core.o(i.USBD_LL_DevDisconnected)
    i.USBD_LL_IsStallEP                      0x08003892   Section        0  usbd_conf.o(i.USBD_LL_IsStallEP)
    i.USBD_LL_IsoINIncomplete                0x080038ca   Section        0  usbd_core.o(i.USBD_LL_IsoINIncomplete)
    i.USBD_LL_IsoOUTIncomplete               0x080038d0   Section        0  usbd_core.o(i.USBD_LL_IsoOUTIncomplete)
    i.USBD_LL_OpenEP                         0x080038d6   Section        0  usbd_conf.o(i.USBD_LL_OpenEP)
    i.USBD_LL_PrepareReceive                 0x080038f6   Section        0  usbd_conf.o(i.USBD_LL_PrepareReceive)
    i.USBD_LL_Reset                          0x08003916   Section        0  usbd_core.o(i.USBD_LL_Reset)
    i.USBD_LL_Resume                         0x0800395a   Section        0  usbd_core.o(i.USBD_LL_Resume)
    i.USBD_LL_SOF                            0x08003968   Section        0  usbd_core.o(i.USBD_LL_SOF)
    i.USBD_LL_SetSpeed                       0x0800398a   Section        0  usbd_core.o(i.USBD_LL_SetSpeed)
    i.USBD_LL_SetUSBAddress                  0x08003992   Section        0  usbd_conf.o(i.USBD_LL_SetUSBAddress)
    i.USBD_LL_SetupStage                     0x080039a6   Section        0  usbd_core.o(i.USBD_LL_SetupStage)
    i.USBD_LL_StallEP                        0x08003a14   Section        0  usbd_conf.o(i.USBD_LL_StallEP)
    i.USBD_LL_Suspend                        0x08003a28   Section        0  usbd_core.o(i.USBD_LL_Suspend)
    i.USBD_LL_Transmit                       0x08003a3c   Section        0  usbd_conf.o(i.USBD_LL_Transmit)
    i.USBD_ParseSetupRequest                 0x08003a5c   Section        0  usbd_ctlreq.o(i.USBD_ParseSetupRequest)
    i.USBD_RunTestMode                       0x08003a84   Section        0  usbd_core.o(i.USBD_RunTestMode)
    i.USBD_SetAddress                        0x08003a8a   Section        0  usbd_ctlreq.o(i.USBD_SetAddress)
    USBD_SetAddress                          0x08003a8b   Thumb Code    84  usbd_ctlreq.o(i.USBD_SetAddress)
    i.USBD_SetClassConfig                    0x08003ade   Section        0  usbd_core.o(i.USBD_SetClassConfig)
    i.USBD_SetConfig                         0x08003b00   Section        0  usbd_ctlreq.o(i.USBD_SetConfig)
    USBD_SetConfig                           0x08003b01   Thumb Code   218  usbd_ctlreq.o(i.USBD_SetConfig)
    i.USBD_SetFeature                        0x08003be0   Section        0  usbd_ctlreq.o(i.USBD_SetFeature)
    USBD_SetFeature                          0x08003be1   Thumb Code    36  usbd_ctlreq.o(i.USBD_SetFeature)
    i.USBD_StdDevReq                         0x08003c04   Section        0  usbd_ctlreq.o(i.USBD_StdDevReq)
    i.USBD_StdEPReq                          0x08003c76   Section        0  usbd_ctlreq.o(i.USBD_StdEPReq)
    i.USBD_StdItfReq                         0x08003dcc   Section        0  usbd_ctlreq.o(i.USBD_StdItfReq)
    i.USB_ActivateEndpoint                   0x08003e18   Section        0  stm32f4xx_ll_usb.o(i.USB_ActivateEndpoint)
    i.USB_ActivateSetup                      0x08003ed8   Section        0  stm32f4xx_ll_usb.o(i.USB_ActivateSetup)
    i.USB_EP0StartXfer                       0x08003f1c   Section        0  stm32f4xx_ll_usb.o(i.USB_EP0StartXfer)
    i.USB_EP0_OutStart                       0x080040cc   Section        0  stm32f4xx_ll_usb.o(i.USB_EP0_OutStart)
    i.USB_EPClearStall                       0x08004110   Section        0  stm32f4xx_ll_usb.o(i.USB_EPClearStall)
    i.USB_EPSetStall                         0x08004198   Section        0  stm32f4xx_ll_usb.o(i.USB_EPSetStall)
    i.USB_EPStartXfer                        0x08004224   Section        0  stm32f4xx_ll_usb.o(i.USB_EPStartXfer)
    i.USB_FlushTxFifo                        0x080044f4   Section        0  stm32f4xx_ll_usb.o(i.USB_FlushTxFifo)
    i.USB_GetDevSpeed                        0x08004524   Section        0  stm32f4xx_ll_usb.o(i.USB_GetDevSpeed)
    i.USB_GetMode                            0x08004568   Section        0  stm32f4xx_ll_usb.o(i.USB_GetMode)
    i.USB_ReadDevAllInEpInterrupt            0x08004572   Section        0  stm32f4xx_ll_usb.o(i.USB_ReadDevAllInEpInterrupt)
    i.USB_ReadDevAllOutEpInterrupt           0x08004584   Section        0  stm32f4xx_ll_usb.o(i.USB_ReadDevAllOutEpInterrupt)
    i.USB_ReadDevInEPInterrupt               0x08004596   Section        0  stm32f4xx_ll_usb.o(i.USB_ReadDevInEPInterrupt)
    i.USB_ReadDevOutEPInterrupt              0x080045c2   Section        0  stm32f4xx_ll_usb.o(i.USB_ReadDevOutEPInterrupt)
    i.USB_ReadInterrupts                     0x080045d8   Section        0  stm32f4xx_ll_usb.o(i.USB_ReadInterrupts)
    i.USB_ReadPacket                         0x080045e4   Section        0  stm32f4xx_ll_usb.o(i.USB_ReadPacket)
    i.USB_SetDevAddress                      0x08004606   Section        0  stm32f4xx_ll_usb.o(i.USB_SetDevAddress)
    i.USB_WritePacket                        0x0800462e   Section        0  stm32f4xx_ll_usb.o(i.USB_WritePacket)
    i.UsageFault_Handler                     0x0800465e   Section        0  stm32f4xx_it.o(i.UsageFault_Handler)
    i.__scatterload_copy                     0x08004662   Section       14  handlers.o(i.__scatterload_copy)
    i.__scatterload_null                     0x08004670   Section        2  handlers.o(i.__scatterload_null)
    i.__scatterload_zeroinit                 0x08004672   Section       14  handlers.o(i.__scatterload_zeroinit)
    i.controller                             0x08004680   Section        0  main.o(i.controller)
    i.delayInit                              0x0800481c   Section        0  util.o(i.delayInit)
    i.delayWaitms                            0x08004848   Section        0  util.o(i.delayWaitms)
    i.delayWaitus                            0x08004860   Section        0  util.o(i.delayWaitus)
    i.disableMotors                          0x080048b4   Section        0  motors.o(i.disableMotors)
    i.driveMotors                            0x08004914   Section        0  motors.o(i.driveMotors)
    i.enableMotors                           0x080049f4   Section        0  motors.o(i.enableMotors)
    i.main                                   0x08004a50   Section        0  main.o(i.main)
    i.millis                                 0x08004abc   Section        0  usart.o(i.millis)
    i.motor_dir                              0x08004ac4   Section        0  motors.o(i.motor_dir)
    i.parseUARTbuffer                        0x08004b08   Section        0  usart.o(i.parseUARTbuffer)
    i.reset_IT                               0x08005048   Section        0  usart.o(i.reset_IT)
    i.send_with_ack                          0x08005090   Section        0  usart.o(i.send_with_ack)
    send_with_ack                            0x08005091   Thumb Code   172  usart.o(i.send_with_ack)
    i.stateMachine                           0x08005150   Section        0  main.o(i.stateMachine)
    i.writeMotors                            0x0800519c   Section        0  motors.o(i.writeMotors)
    .constdata                               0x080051c4   Section       16  stm32f4xx_hal_rcc.o(.constdata)
    .constdata                               0x080051d8   Section       48  main.o(.constdata)
    UDIR                                     0x080051d8   Data          48  main.o(.constdata)
    .data                                    0x20000000   Section        4  stm32f4xx_hal.o(.data)
    .data                                    0x20000004   Section        4  system_stm32f4xx.o(.data)
    .data                                    0x20000008   Section        7  main.o(.data)
    drive_counter                            0x2000000c   Data           2  main.o(.data)
    drive_flag                               0x2000000e   Data           1  main.o(.data)
    .data                                    0x20000010   Section       36  usbd_cdc_interface.o(.data)
    .data                                    0x20000034   Section       12  util.o(.data)
    ticks                                    0x20000034   Data           4  util.o(.data)
    first                                    0x20000038   Data           4  util.o(.data)
    us_ticks                                 0x2000003c   Data           4  util.o(.data)
    .data                                    0x20000040   Section       14  usart.o(.data)
    .data                                    0x2000004e   Section        1  usbd_ctlreq.o(.data)
    cfgidx                                   0x2000004e   Data           1  usbd_ctlreq.o(.data)
    .bss                                     0x20000050   Section     2024  main.o(.bss)
    .bss                                     0x20000838   Section     4220  usbd_cdc_interface.o(.bss)
    .bss                                     0x200018b4   Section     1492  usbd_conf.o(.bss)
    .bss                                     0x20001e88   Section      236  usart.o(.bss)
    .bss                                     0x20001f74   Section       16  motors.o(.bss)
    pwm                                      0x20001f74   Data          16  motors.o(.bss)
    STACK                                    0x20001f88   Section     1024  startup_stm32f407xx.o(STACK)

    Global Symbols

    Symbol Name                              Value     Ov Type        Size  Object(Section)

    BuildAttributes$$THM_ISAv4$E$P$D$K$B$S$7EM$VFPi3$EXTD16$VFPS$VFMA$PE$A:L22UL41UL21$X:L11$S22US41US21$IEEE1$IW$USESV6$~STKCKD$USESV7$~SHL$OTIME$ROPI$EBA8$MICROLIB$REQ8$PRES8$EABIv2 0x00000000   Number         0  anon$$obj.o ABSOLUTE
    __ARM_use_no_argv                        0x00000000   Number         0  main.o ABSOLUTE
    _printf_a                                0x00000000   Number         0  stubs.o ABSOLUTE
    _printf_c                                0x00000000   Number         0  stubs.o ABSOLUTE
    _printf_charcount                        0x00000000   Number         0  stubs.o ABSOLUTE
    _printf_d                                0x00000000   Number         0  stubs.o ABSOLUTE
    _printf_e                                0x00000000   Number         0  stubs.o ABSOLUTE
    _printf_f                                0x00000000   Number         0  stubs.o ABSOLUTE
    _printf_flags                            0x00000000   Number         0  stubs.o ABSOLUTE
    _printf_fp_dec                           0x00000000   Number         0  stubs.o ABSOLUTE
    _printf_fp_hex                           0x00000000   Number         0  stubs.o ABSOLUTE
    _printf_g                                0x00000000   Number         0  stubs.o ABSOLUTE
    _printf_i                                0x00000000   Number         0  stubs.o ABSOLUTE
    _printf_int_dec                          0x00000000   Number         0  stubs.o ABSOLUTE
    _printf_l                                0x00000000   Number         0  stubs.o ABSOLUTE
    _printf_lc                               0x00000000   Number         0  stubs.o ABSOLUTE
    _printf_ll                               0x00000000   Number         0  stubs.o ABSOLUTE
    _printf_lld                              0x00000000   Number         0  stubs.o ABSOLUTE
    _printf_lli                              0x00000000   Number         0  stubs.o ABSOLUTE
    _printf_llo                              0x00000000   Number         0  stubs.o ABSOLUTE
    _printf_llu                              0x00000000   Number         0  stubs.o ABSOLUTE
    _printf_llx                              0x00000000   Number         0  stubs.o ABSOLUTE
    _printf_longlong_dec                     0x00000000   Number         0  stubs.o ABSOLUTE
    _printf_longlong_hex                     0x00000000   Number         0  stubs.o ABSOLUTE
    _printf_longlong_oct                     0x00000000   Number         0  stubs.o ABSOLUTE
    _printf_ls                               0x00000000   Number         0  stubs.o ABSOLUTE
    _printf_mbtowc                           0x00000000   Number         0  stubs.o ABSOLUTE
    _printf_n                                0x00000000   Number         0  stubs.o ABSOLUTE
    _printf_o                                0x00000000   Number         0  stubs.o ABSOLUTE
    _printf_p                                0x00000000   Number         0  stubs.o ABSOLUTE
    _printf_percent                          0x00000000   Number         0  stubs.o ABSOLUTE
    _printf_pre_padding                      0x00000000   Number         0  stubs.o ABSOLUTE
    _printf_return_value                     0x00000000   Number         0  stubs.o ABSOLUTE
    _printf_s                                0x00000000   Number         0  stubs.o ABSOLUTE
    _printf_sizespec                         0x00000000   Number         0  stubs.o ABSOLUTE
    _printf_str                              0x00000000   Number         0  stubs.o ABSOLUTE
    _printf_truncate_signed                  0x00000000   Number         0  stubs.o ABSOLUTE
    _printf_truncate_unsigned                0x00000000   Number         0  stubs.o ABSOLUTE
    _printf_u                                0x00000000   Number         0  stubs.o ABSOLUTE
    _printf_wc                               0x00000000   Number         0  stubs.o ABSOLUTE
    _printf_wctomb                           0x00000000   Number         0  stubs.o ABSOLUTE
    _printf_widthprec                        0x00000000   Number         0  stubs.o ABSOLUTE
    _printf_x                                0x00000000   Number         0  stubs.o ABSOLUTE
    __cpp_initialize__aeabi_                  - Undefined Weak Reference
    __cxa_finalize                            - Undefined Weak Reference
    __decompress                              - Undefined Weak Reference
    _clock_init                               - Undefined Weak Reference
    _microlib_exit                            - Undefined Weak Reference
    __Vectors_Size                           0x00000188   Number         0  startup_stm32f407xx.o ABSOLUTE
    __Vectors                                0x08000000   Data           4  startup_stm32f407xx.o(RESET)
    __Vectors_End                            0x08000188   Data           0  startup_stm32f407xx.o(RESET)
    __main                                   0x08000189   Thumb Code     0  entry.o(.ARM.Collect$$$$00000000)
    _main_stk                                0x08000189   Thumb Code     0  entry2.o(.ARM.Collect$$$$00000001)
    _main_scatterload                        0x0800018d   Thumb Code     0  entry5.o(.ARM.Collect$$$$00000004)
    __main_after_scatterload                 0x08000191   Thumb Code     0  entry5.o(.ARM.Collect$$$$00000004)
    _main_clock                              0x08000191   Thumb Code     0  entry7b.o(.ARM.Collect$$$$00000008)
    _main_cpp_init                           0x08000191   Thumb Code     0  entry8b.o(.ARM.Collect$$$$0000000A)
    _main_init                               0x08000191   Thumb Code     0  entry9a.o(.ARM.Collect$$$$0000000B)
    __rt_final_cpp                           0x08000199   Thumb Code     0  entry10a.o(.ARM.Collect$$$$0000000D)
    __rt_final_exit                          0x08000199   Thumb Code     0  entry11a.o(.ARM.Collect$$$$0000000F)
    Reset_Handler                            0x0800019d   Thumb Code     8  startup_stm32f407xx.o(.text)
    SVC_Handler                              0x080001af   Thumb Code     2  startup_stm32f407xx.o(.text)
    PendSV_Handler                           0x080001b3   Thumb Code     2  startup_stm32f407xx.o(.text)
    ADC_IRQHandler                           0x080001b7   Thumb Code     0  startup_stm32f407xx.o(.text)
    CAN1_RX0_IRQHandler                      0x080001b7   Thumb Code     0  startup_stm32f407xx.o(.text)
    CAN1_RX1_IRQHandler                      0x080001b7   Thumb Code     0  startup_stm32f407xx.o(.text)
    CAN1_SCE_IRQHandler                      0x080001b7   Thumb Code     0  startup_stm32f407xx.o(.text)
    CAN1_TX_IRQHandler                       0x080001b7   Thumb Code     0  startup_stm32f407xx.o(.text)
    CAN2_RX0_IRQHandler                      0x080001b7   Thumb Code     0  startup_stm32f407xx.o(.text)
    CAN2_RX1_IRQHandler                      0x080001b7   Thumb Code     0  startup_stm32f407xx.o(.text)
    CAN2_SCE_IRQHandler                      0x080001b7   Thumb Code     0  startup_stm32f407xx.o(.text)
    CAN2_TX_IRQHandler                       0x080001b7   Thumb Code     0  startup_stm32f407xx.o(.text)
    DCMI_IRQHandler                          0x080001b7   Thumb Code     0  startup_stm32f407xx.o(.text)
    DMA1_Stream0_IRQHandler                  0x080001b7   Thumb Code     0  startup_stm32f407xx.o(.text)
    DMA1_Stream1_IRQHandler                  0x080001b7   Thumb Code     0  startup_stm32f407xx.o(.text)
    DMA1_Stream2_IRQHandler                  0x080001b7   Thumb Code     0  startup_stm32f407xx.o(.text)
    DMA1_Stream3_IRQHandler                  0x080001b7   Thumb Code     0  startup_stm32f407xx.o(.text)
    DMA1_Stream4_IRQHandler                  0x080001b7   Thumb Code     0  startup_stm32f407xx.o(.text)
    DMA1_Stream5_IRQHandler                  0x080001b7   Thumb Code     0  startup_stm32f407xx.o(.text)
    DMA1_Stream6_IRQHandler                  0x080001b7   Thumb Code     0  startup_stm32f407xx.o(.text)
    DMA1_Stream7_IRQHandler                  0x080001b7   Thumb Code     0  startup_stm32f407xx.o(.text)
    DMA2_Stream0_IRQHandler                  0x080001b7   Thumb Code     0  startup_stm32f407xx.o(.text)
    DMA2_Stream1_IRQHandler                  0x080001b7   Thumb Code     0  startup_stm32f407xx.o(.text)
    DMA2_Stream2_IRQHandler                  0x080001b7   Thumb Code     0  startup_stm32f407xx.o(.text)
    DMA2_Stream3_IRQHandler                  0x080001b7   Thumb Code     0  startup_stm32f407xx.o(.text)
    DMA2_Stream4_IRQHandler                  0x080001b7   Thumb Code     0  startup_stm32f407xx.o(.text)
    DMA2_Stream5_IRQHandler                  0x080001b7   Thumb Code     0  startup_stm32f407xx.o(.text)
    DMA2_Stream6_IRQHandler                  0x080001b7   Thumb Code     0  startup_stm32f407xx.o(.text)
    DMA2_Stream7_IRQHandler                  0x080001b7   Thumb Code     0  startup_stm32f407xx.o(.text)
    ETH_IRQHandler                           0x080001b7   Thumb Code     0  startup_stm32f407xx.o(.text)
    ETH_WKUP_IRQHandler                      0x080001b7   Thumb Code     0  startup_stm32f407xx.o(.text)
    EXTI0_IRQHandler                         0x080001b7   Thumb Code     0  startup_stm32f407xx.o(.text)
    EXTI15_10_IRQHandler                     0x080001b7   Thumb Code     0  startup_stm32f407xx.o(.text)
    EXTI1_IRQHandler                         0x080001b7   Thumb Code     0  startup_stm32f407xx.o(.text)
    EXTI2_IRQHandler                         0x080001b7   Thumb Code     0  startup_stm32f407xx.o(.text)
    EXTI3_IRQHandler                         0x080001b7   Thumb Code     0  startup_stm32f407xx.o(.text)
    EXTI4_IRQHandler                         0x080001b7   Thumb Code     0  startup_stm32f407xx.o(.text)
    EXTI9_5_IRQHandler                       0x080001b7   Thumb Code     0  startup_stm32f407xx.o(.text)
    FLASH_IRQHandler                         0x080001b7   Thumb Code     0  startup_stm32f407xx.o(.text)
    FMC_IRQHandler                           0x080001b7   Thumb Code     0  startup_stm32f407xx.o(.text)
    FPU_IRQHandler                           0x080001b7   Thumb Code     0  startup_stm32f407xx.o(.text)
    HASH_RNG_IRQHandler                      0x080001b7   Thumb Code     0  startup_stm32f407xx.o(.text)
    I2C1_ER_IRQHandler                       0x080001b7   Thumb Code     0  startup_stm32f407xx.o(.text)
    I2C1_EV_IRQHandler                       0x080001b7   Thumb Code     0  startup_stm32f407xx.o(.text)
    I2C2_ER_IRQHandler                       0x080001b7   Thumb Code     0  startup_stm32f407xx.o(.text)
    I2C2_EV_IRQHandler                       0x080001b7   Thumb Code     0  startup_stm32f407xx.o(.text)
    I2C3_ER_IRQHandler                       0x080001b7   Thumb Code     0  startup_stm32f407xx.o(.text)
    I2C3_EV_IRQHandler                       0x080001b7   Thumb Code     0  startup_stm32f407xx.o(.text)
    OTG_FS_IRQHandler                        0x080001b7   Thumb Code     0  startup_stm32f407xx.o(.text)
    OTG_FS_WKUP_IRQHandler                   0x080001b7   Thumb Code     0  startup_stm32f407xx.o(.text)
    OTG_HS_EP1_IN_IRQHandler                 0x080001b7   Thumb Code     0  startup_stm32f407xx.o(.text)
    OTG_HS_EP1_OUT_IRQHandler                0x080001b7   Thumb Code     0  startup_stm32f407xx.o(.text)
    OTG_HS_WKUP_IRQHandler                   0x080001b7   Thumb Code     0  startup_stm32f407xx.o(.text)
    PVD_IRQHandler                           0x080001b7   Thumb Code     0  startup_stm32f407xx.o(.text)
    RCC_IRQHandler                           0x080001b7   Thumb Code     0  startup_stm32f407xx.o(.text)
    RTC_Alarm_IRQHandler                     0x080001b7   Thumb Code     0  startup_stm32f407xx.o(.text)
    RTC_WKUP_IRQHandler                      0x080001b7   Thumb Code     0  startup_stm32f407xx.o(.text)
    SDIO_IRQHandler                          0x080001b7   Thumb Code     0  startup_stm32f407xx.o(.text)
    SPI1_IRQHandler                          0x080001b7   Thumb Code     0  startup_stm32f407xx.o(.text)
    SPI2_IRQHandler                          0x080001b7   Thumb Code     0  startup_stm32f407xx.o(.text)
    SPI3_IRQHandler                          0x080001b7   Thumb Code     0  startup_stm32f407xx.o(.text)
    TAMP_STAMP_IRQHandler                    0x080001b7   Thumb Code     0  startup_stm32f407xx.o(.text)
    TIM1_BRK_TIM9_IRQHandler                 0x080001b7   Thumb Code     0  startup_stm32f407xx.o(.text)
    TIM1_CC_IRQHandler                       0x080001b7   Thumb Code     0  startup_stm32f407xx.o(.text)
    TIM1_TRG_COM_TIM11_IRQHandler            0x080001b7   Thumb Code     0  startup_stm32f407xx.o(.text)
    TIM1_UP_TIM10_IRQHandler                 0x080001b7   Thumb Code     0  startup_stm32f407xx.o(.text)
    TIM2_IRQHandler                          0x080001b7   Thumb Code     0  startup_stm32f407xx.o(.text)
    TIM3_IRQHandler                          0x080001b7   Thumb Code     0  startup_stm32f407xx.o(.text)
    TIM5_IRQHandler                          0x080001b7   Thumb Code     0  startup_stm32f407xx.o(.text)
    TIM6_DAC_IRQHandler                      0x080001b7   Thumb Code     0  startup_stm32f407xx.o(.text)
    TIM7_IRQHandler                          0x080001b7   Thumb Code     0  startup_stm32f407xx.o(.text)
    TIM8_BRK_TIM12_IRQHandler                0x080001b7   Thumb Code     0  startup_stm32f407xx.o(.text)
    TIM8_CC_IRQHandler                       0x080001b7   Thumb Code     0  startup_stm32f407xx.o(.text)
    TIM8_TRG_COM_TIM14_IRQHandler            0x080001b7   Thumb Code     0  startup_stm32f407xx.o(.text)
    TIM8_UP_TIM13_IRQHandler                 0x080001b7   Thumb Code     0  startup_stm32f407xx.o(.text)
    UART4_IRQHandler                         0x080001b7   Thumb Code     0  startup_stm32f407xx.o(.text)
    UART5_IRQHandler                         0x080001b7   Thumb Code     0  startup_stm32f407xx.o(.text)
    USART2_IRQHandler                        0x080001b7   Thumb Code     0  startup_stm32f407xx.o(.text)
    USART6_IRQHandler                        0x080001b7   Thumb Code     0  startup_stm32f407xx.o(.text)
    WWDG_IRQHandler                          0x080001b7   Thumb Code     0  startup_stm32f407xx.o(.text)
    __aeabi_dmul                             0x080001c1   Thumb Code   228  dmul.o(.text)
    __aeabi_ddiv                             0x080002a5   Thumb Code   222  ddiv.o(.text)
    __aeabi_f2d                              0x08000383   Thumb Code    38  f2d.o(.text)
    __aeabi_cdcmpeq                          0x080003a9   Thumb Code     0  cdcmple.o(.text)
    __aeabi_cdcmple                          0x080003a9   Thumb Code    38  cdcmple.o(.text)
    __aeabi_cdrcmple                         0x080003d1   Thumb Code    38  cdrcmple.o(.text)
    __aeabi_d2f                              0x080003f9   Thumb Code    56  d2f.o(.text)
    __I$use$fp                               0x08000431   Thumb Code     0  iusefp.o(.text)
    _float_round                             0x08000431   Thumb Code    18  fepilogue.o(.text)
    _float_epilogue                          0x08000443   Thumb Code    90  fepilogue.o(.text)
    _double_round                            0x0800049d   Thumb Code    26  depilogue.o(.text)
    _double_epilogue                         0x080004b7   Thumb Code   164  depilogue.o(.text)
    __scatterload                            0x0800055d   Thumb Code    28  init.o(.text)
    __scatterload_rt2                        0x0800055d   Thumb Code     0  init.o(.text)
    __aeabi_llsl                             0x08000581   Thumb Code    30  llshl.o(.text)
    _ll_shift_l                              0x08000581   Thumb Code     0  llshl.o(.text)
    __aeabi_llsr                             0x0800059f   Thumb Code    32  llushr.o(.text)
    _ll_ushift_r                             0x0800059f   Thumb Code     0  llushr.o(.text)
    BusFault_Handler                         0x080005bf   Thumb Code     4  stm32f4xx_it.o(i.BusFault_Handler)
    DebugMon_Handler                         0x080006a7   Thumb Code     2  stm32f4xx_it.o(i.DebugMon_Handler)
    Error_Handler                            0x080006a9   Thumb Code     4  main.o(i.Error_Handler)
    HAL_Delay                                0x080006ad   Thumb Code    12  util.o(i.HAL_Delay)
    HAL_GPIO_Init                            0x080006b9   Thumb Code   476  stm32f4xx_hal_gpio.o(i.HAL_GPIO_Init)
    HAL_GPIO_ReadPin                         0x080008c5   Thumb Code    16  stm32f4xx_hal_gpio.o(i.HAL_GPIO_ReadPin)
    HAL_GPIO_WritePin                        0x080008d5   Thumb Code    12  stm32f4xx_hal_gpio.o(i.HAL_GPIO_WritePin)
    HAL_GetTick                              0x080008e1   Thumb Code     6  stm32f4xx_hal.o(i.HAL_GetTick)
    HAL_IncTick                              0x080008ed   Thumb Code    12  stm32f4xx_hal.o(i.HAL_IncTick)
    HAL_Init                                 0x080008fd   Thumb Code    54  stm32f4xx_hal.o(i.HAL_Init)
    HAL_InitTick                             0x08000939   Thumb Code    36  stm32f4xx_hal.o(i.HAL_InitTick)
    HAL_MspInit                              0x0800095d   Thumb Code    66  stm32f4xx_hal_msp.o(i.HAL_MspInit)
    HAL_NVIC_EnableIRQ                       0x0800099f   Thumb Code    28  stm32f4xx_hal_cortex.o(i.HAL_NVIC_EnableIRQ)
    HAL_NVIC_SetPriority                     0x080009bb   Thumb Code   124  stm32f4xx_hal_cortex.o(i.HAL_NVIC_SetPriority)
    HAL_NVIC_SetPriorityGrouping             0x08000a39   Thumb Code    32  stm32f4xx_hal_cortex.o(i.HAL_NVIC_SetPriorityGrouping)
    HAL_PCD_ConnectCallback                  0x08000a61   Thumb Code    14  usbd_conf.o(i.HAL_PCD_ConnectCallback)
    HAL_PCD_DataInStageCallback              0x08000a6f   Thumb Code    32  usbd_conf.o(i.HAL_PCD_DataInStageCallback)
    HAL_PCD_DataOutStageCallback             0x08000a8f   Thumb Code    32  usbd_conf.o(i.HAL_PCD_DataOutStageCallback)
    HAL_PCD_DisconnectCallback               0x08000aaf   Thumb Code    14  usbd_conf.o(i.HAL_PCD_DisconnectCallback)
    HAL_PCD_EP_ClrStall                      0x08000abd   Thumb Code   104  stm32f4xx_hal_pcd.o(i.HAL_PCD_EP_ClrStall)
    HAL_PCD_EP_Open                          0x08000b25   Thumb Code   140  stm32f4xx_hal_pcd.o(i.HAL_PCD_EP_Open)
    HAL_PCD_EP_Receive                       0x08000bb1   Thumb Code   120  stm32f4xx_hal_pcd.o(i.HAL_PCD_EP_Receive)
    HAL_PCD_EP_SetStall                      0x08000c29   Thumb Code   122  stm32f4xx_hal_pcd.o(i.HAL_PCD_EP_SetStall)
    HAL_PCD_EP_Transmit                      0x08000ca3   Thumb Code   122  stm32f4xx_hal_pcd.o(i.HAL_PCD_EP_Transmit)
    HAL_PCD_IRQHandler                       0x08000d1d   Thumb Code  1368  stm32f4xx_hal_pcd.o(i.HAL_PCD_IRQHandler)
    HAL_PCD_ISOINIncompleteCallback          0x08001275   Thumb Code    18  usbd_conf.o(i.HAL_PCD_ISOINIncompleteCallback)
    HAL_PCD_ISOOUTIncompleteCallback         0x08001287   Thumb Code    18  usbd_conf.o(i.HAL_PCD_ISOOUTIncompleteCallback)
    HAL_PCD_ResetCallback                    0x08001299   Thumb Code    50  usbd_conf.o(i.HAL_PCD_ResetCallback)
    HAL_PCD_ResumeCallback                   0x080012cb   Thumb Code    14  usbd_conf.o(i.HAL_PCD_ResumeCallback)
    HAL_PCD_SOFCallback                      0x080012d9   Thumb Code    14  usbd_conf.o(i.HAL_PCD_SOFCallback)
    HAL_PCD_SetAddress                       0x080012e7   Thumb Code    50  stm32f4xx_hal_pcd.o(i.HAL_PCD_SetAddress)
    HAL_PCD_SetupStageCallback               0x08001319   Thumb Code    18  usbd_conf.o(i.HAL_PCD_SetupStageCallback)
    HAL_PCD_SuspendCallback                  0x0800132b   Thumb Code    14  usbd_conf.o(i.HAL_PCD_SuspendCallback)
    HAL_RCC_ClockConfig                      0x08001339   Thumb Code   408  stm32f4xx_hal_rcc.o(i.HAL_RCC_ClockConfig)
    HAL_RCC_GetHCLKFreq                      0x080014d9   Thumb Code    42  stm32f4xx_hal_rcc.o(i.HAL_RCC_GetHCLKFreq)
    HAL_RCC_GetPCLK1Freq                     0x08001511   Thumb Code    36  stm32f4xx_hal_rcc.o(i.HAL_RCC_GetPCLK1Freq)
    HAL_RCC_GetPCLK2Freq                     0x0800153d   Thumb Code    36  stm32f4xx_hal_rcc.o(i.HAL_RCC_GetPCLK2Freq)
    HAL_RCC_GetSysClockFreq                  0x08001569   Thumb Code   168  stm32f4xx_hal_rcc.o(i.HAL_RCC_GetSysClockFreq)
    HAL_RCC_OscConfig                        0x0800161d   Thumb Code   902  stm32f4xx_hal_rcc.o(i.HAL_RCC_OscConfig)
    HAL_SYSTICK_CLKSourceConfig              0x080019b5   Thumb Code    40  stm32f4xx_hal_cortex.o(i.HAL_SYSTICK_CLKSourceConfig)
    HAL_SYSTICK_Config                       0x080019dd   Thumb Code    52  stm32f4xx_hal_cortex.o(i.HAL_SYSTICK_Config)
    HAL_TIMEx_BreakCallback                  0x08001a11   Thumb Code     2  stm32f4xx_hal_tim_ex.o(i.HAL_TIMEx_BreakCallback)
    HAL_TIMEx_CommutationCallback            0x08001a13   Thumb Code     2  stm32f4xx_hal_tim_ex.o(i.HAL_TIMEx_CommutationCallback)
    HAL_TIMEx_MasterConfigSynchronization    0x08001a15   Thumb Code    98  stm32f4xx_hal_tim_ex.o(i.HAL_TIMEx_MasterConfigSynchronization)
    HAL_TIM_Base_Init                        0x08001a77   Thumb Code    52  stm32f4xx_hal_tim.o(i.HAL_TIM_Base_Init)
    HAL_TIM_Base_MspInit                     0x08001aad   Thumb Code   212  stm32f4xx_hal_msp.o(i.HAL_TIM_Base_MspInit)
    HAL_TIM_Base_Start_IT                    0x08001b95   Thumb Code    30  stm32f4xx_hal_tim.o(i.HAL_TIM_Base_Start_IT)
    HAL_TIM_ConfigClockSource                0x08001bb3   Thumb Code   306  stm32f4xx_hal_tim.o(i.HAL_TIM_ConfigClockSource)
    HAL_TIM_IC_CaptureCallback               0x08001ce5   Thumb Code     2  stm32f4xx_hal_tim.o(i.HAL_TIM_IC_CaptureCallback)
    HAL_TIM_IRQHandler                       0x08001ce7   Thumb Code   406  stm32f4xx_hal_tim.o(i.HAL_TIM_IRQHandler)
    HAL_TIM_MspPostInit                      0x08001e7d   Thumb Code   144  stm32f4xx_hal_msp.o(i.HAL_TIM_MspPostInit)
    HAL_TIM_OC_DelayElapsedCallback          0x08001f21   Thumb Code     2  stm32f4xx_hal_tim.o(i.HAL_TIM_OC_DelayElapsedCallback)
    HAL_TIM_PWM_ConfigChannel                0x08001f23   Thumb Code   264  stm32f4xx_hal_tim.o(i.HAL_TIM_PWM_ConfigChannel)
    HAL_TIM_PWM_Init                         0x0800202b   Thumb Code    52  stm32f4xx_hal_tim.o(i.HAL_TIM_PWM_Init)
    HAL_TIM_PWM_MspInit                      0x0800205f   Thumb Code     2  stm32f4xx_hal_tim.o(i.HAL_TIM_PWM_MspInit)
    HAL_TIM_PWM_PulseFinishedCallback        0x08002061   Thumb Code     2  stm32f4xx_hal_tim.o(i.HAL_TIM_PWM_PulseFinishedCallback)
    HAL_TIM_PWM_Start                        0x08002065   Thumb Code    68  stm32f4xx_hal_tim.o(i.HAL_TIM_PWM_Start)
    HAL_TIM_PWM_Stop                         0x080020b1   Thumb Code   126  stm32f4xx_hal_tim.o(i.HAL_TIM_PWM_Stop)
    HAL_TIM_PeriodElapsedCallback            0x08002139   Thumb Code    98  usbd_cdc_interface.o(i.HAL_TIM_PeriodElapsedCallback)
    HAL_TIM_TriggerCallback                  0x080021ad   Thumb Code     2  stm32f4xx_hal_tim.o(i.HAL_TIM_TriggerCallback)
    HAL_UART_ErrorCallback                   0x080021af   Thumb Code    12  usart.o(i.HAL_UART_ErrorCallback)
    HAL_UART_IRQHandler                      0x080021bb   Thumb Code   308  stm32f4xx_hal_uart.o(i.HAL_UART_IRQHandler)
    HAL_UART_Init                            0x080022ef   Thumb Code   114  stm32f4xx_hal_uart.o(i.HAL_UART_Init)
    HAL_UART_MspInit                         0x08002361   Thumb Code   278  stm32f4xx_hal_msp.o(i.HAL_UART_MspInit)
    HAL_UART_Receive_IT                      0x08002491   Thumb Code   112  stm32f4xx_hal_uart.o(i.HAL_UART_Receive_IT)
    HAL_UART_RxCpltCallback                  0x08002501   Thumb Code    12  usart.o(i.HAL_UART_RxCpltCallback)
    HAL_UART_Transmit                        0x0800250d   Thumb Code   196  stm32f4xx_hal_uart.o(i.HAL_UART_Transmit)
    HAL_UART_TxCpltCallback                  0x080025d1   Thumb Code     2  usart.o(i.HAL_UART_TxCpltCallback)
    HardFault_Handler                        0x080025d3   Thumb Code     4  stm32f4xx_it.o(i.HardFault_Handler)
    MX_USART1_UART_Init                      0x080027c1   Thumb Code    52  usart.o(i.MX_USART1_UART_Init)
    MX_USART3_UART_Init                      0x08002801   Thumb Code    52  usart.o(i.MX_USART3_UART_Init)
    MemManage_Handler                        0x08002841   Thumb Code     4  stm32f4xx_it.o(i.MemManage_Handler)
    NMI_Handler                              0x08002845   Thumb Code     4  stm32f4xx_it.o(i.NMI_Handler)
    OTG_HS_IRQHandler                        0x08002881   Thumb Code    10  stm32f4xx_it.o(i.OTG_HS_IRQHandler)
    SysTick_Handler                          0x08002933   Thumb Code     8  stm32f4xx_it.o(i.SysTick_Handler)
    SystemClock_Config                       0x0800293d   Thumb Code   176  main.o(i.SystemClock_Config)
    SystemInit                               0x080029f5   Thumb Code    82  system_stm32f4xx.o(i.SystemInit)
    TIM4_IRQHandler                          0x08002a59   Thumb Code    10  stm32f4xx_it.o(i.TIM4_IRQHandler)
    TIM_Base_SetConfig                       0x08002a69   Thumb Code   184  stm32f4xx_hal_tim.o(i.TIM_Base_SetConfig)
    TIM_CCxChannelCmd                        0x08002b4d   Thumb Code    28  stm32f4xx_hal_tim.o(i.TIM_CCxChannelCmd)
    TIM_OC2_SetConfig                        0x08002c6d   Thumb Code   112  stm32f4xx_hal_tim.o(i.TIM_OC2_SetConfig)
    USART1_IRQHandler                        0x080033b1   Thumb Code    10  usart.o(i.USART1_IRQHandler)
    USART3_IRQHandler                        0x080033c1   Thumb Code    10  usart.o(i.USART3_IRQHandler)
    USBD_CDC_SetRxBuffer                     0x080033d1   Thumb Code    14  usbd_cdc.o(i.USBD_CDC_SetRxBuffer)
    USBD_CDC_SetTxBuffer                     0x080033df   Thumb Code    20  usbd_cdc.o(i.USBD_CDC_SetTxBuffer)
    USBD_CDC_TransmitPacket                  0x080033f3   Thumb Code    56  usbd_cdc.o(i.USBD_CDC_TransmitPacket)
    USBD_ClrClassConfig                      0x0800342b   Thumb Code    22  usbd_core.o(i.USBD_ClrClassConfig)
    USBD_CtlContinueRx                       0x08003485   Thumb Code    24  usbd_ioreq.o(i.USBD_CtlContinueRx)
    USBD_CtlContinueSendData                 0x0800349d   Thumb Code    24  usbd_ioreq.o(i.USBD_CtlContinueSendData)
    USBD_CtlError                            0x080034b5   Thumb Code    24  usbd_ctlreq.o(i.USBD_CtlError)
    USBD_CtlReceiveStatus                    0x080034cd   Thumb Code    26  usbd_ioreq.o(i.USBD_CtlReceiveStatus)
    USBD_CtlSendData                         0x080034e7   Thumb Code    34  usbd_ioreq.o(i.USBD_CtlSendData)
    USBD_CtlSendStatus                       0x08003509   Thumb Code    26  usbd_ioreq.o(i.USBD_CtlSendStatus)
    USBD_LL_ClearStallEP                     0x080036ff   Thumb Code    20  usbd_conf.o(i.USBD_LL_ClearStallEP)
    USBD_LL_DataInStage                      0x08003713   Thumb Code   218  usbd_core.o(i.USBD_LL_DataInStage)
    USBD_LL_DataOutStage                     0x080037ed   Thumb Code   134  usbd_core.o(i.USBD_LL_DataOutStage)
    USBD_LL_DevConnected                     0x08003873   Thumb Code     6  usbd_core.o(i.USBD_LL_DevConnected)
    USBD_LL_DevDisconnected                  0x08003879   Thumb Code    26  usbd_core.o(i.USBD_LL_DevDisconnected)
    USBD_LL_IsStallEP                        0x08003893   Thumb Code    56  usbd_conf.o(i.USBD_LL_IsStallEP)
    USBD_LL_IsoINIncomplete                  0x080038cb   Thumb Code     6  usbd_core.o(i.USBD_LL_IsoINIncomplete)
    USBD_LL_IsoOUTIncomplete                 0x080038d1   Thumb Code     6  usbd_core.o(i.USBD_LL_IsoOUTIncomplete)
    USBD_LL_OpenEP                           0x080038d7   Thumb Code    32  usbd_conf.o(i.USBD_LL_OpenEP)
    USBD_LL_PrepareReceive                   0x080038f7   Thumb Code    32  usbd_conf.o(i.USBD_LL_PrepareReceive)
    USBD_LL_Reset                            0x08003917   Thumb Code    68  usbd_core.o(i.USBD_LL_Reset)
    USBD_LL_Resume                           0x0800395b   Thumb Code    14  usbd_core.o(i.USBD_LL_Resume)
    USBD_LL_SOF                              0x08003969   Thumb Code    34  usbd_core.o(i.USBD_LL_SOF)
    USBD_LL_SetSpeed                         0x0800398b   Thumb Code     8  usbd_core.o(i.USBD_LL_SetSpeed)
    USBD_LL_SetUSBAddress                    0x08003993   Thumb Code    20  usbd_conf.o(i.USBD_LL_SetUSBAddress)
    USBD_LL_SetupStage                       0x080039a7   Thumb Code   110  usbd_core.o(i.USBD_LL_SetupStage)
    USBD_LL_StallEP                          0x08003a15   Thumb Code    20  usbd_conf.o(i.USBD_LL_StallEP)
    USBD_LL_Suspend                          0x08003a29   Thumb Code    20  usbd_core.o(i.USBD_LL_Suspend)
    USBD_LL_Transmit                         0x08003a3d   Thumb Code    32  usbd_conf.o(i.USBD_LL_Transmit)
    USBD_ParseSetupRequest                   0x08003a5d   Thumb Code    40  usbd_ctlreq.o(i.USBD_ParseSetupRequest)
    USBD_RunTestMode                         0x08003a85   Thumb Code     6  usbd_core.o(i.USBD_RunTestMode)
    USBD_SetClassConfig                      0x08003adf   Thumb Code    34  usbd_core.o(i.USBD_SetClassConfig)
    USBD_StdDevReq                           0x08003c05   Thumb Code   114  usbd_ctlreq.o(i.USBD_StdDevReq)
    USBD_StdEPReq                            0x08003c77   Thumb Code   342  usbd_ctlreq.o(i.USBD_StdEPReq)
    USBD_StdItfReq                           0x08003dcd   Thumb Code    74  usbd_ctlreq.o(i.USBD_StdItfReq)
    USB_ActivateEndpoint                     0x08003e19   Thumb Code   188  stm32f4xx_ll_usb.o(i.USB_ActivateEndpoint)
    USB_ActivateSetup                        0x08003ed9   Thumb Code    68  stm32f4xx_ll_usb.o(i.USB_ActivateSetup)
    USB_EP0StartXfer                         0x08003f1d   Thumb Code   426  stm32f4xx_ll_usb.o(i.USB_EP0StartXfer)
    USB_EP0_OutStart                         0x080040cd   Thumb Code    68  stm32f4xx_ll_usb.o(i.USB_EP0_OutStart)
    USB_EPClearStall                         0x08004111   Thumb Code   136  stm32f4xx_ll_usb.o(i.USB_EPClearStall)
    USB_EPSetStall                           0x08004199   Thumb Code   140  stm32f4xx_ll_usb.o(i.USB_EPSetStall)
    USB_EPStartXfer                          0x08004225   Thumb Code   714  stm32f4xx_ll_usb.o(i.USB_EPStartXfer)
    USB_FlushTxFifo                          0x080044f5   Thumb Code    44  stm32f4xx_ll_usb.o(i.USB_FlushTxFifo)
    USB_GetDevSpeed                          0x08004525   Thumb Code    68  stm32f4xx_ll_usb.o(i.USB_GetDevSpeed)
    USB_GetMode                              0x08004569   Thumb Code    10  stm32f4xx_ll_usb.o(i.USB_GetMode)
    USB_ReadDevAllInEpInterrupt              0x08004573   Thumb Code    18  stm32f4xx_ll_usb.o(i.USB_ReadDevAllInEpInterrupt)
    USB_ReadDevAllOutEpInterrupt             0x08004585   Thumb Code    18  stm32f4xx_ll_usb.o(i.USB_ReadDevAllOutEpInterrupt)
    USB_ReadDevInEPInterrupt                 0x08004597   Thumb Code    44  stm32f4xx_ll_usb.o(i.USB_ReadDevInEPInterrupt)
    USB_ReadDevOutEPInterrupt                0x080045c3   Thumb Code    22  stm32f4xx_ll_usb.o(i.USB_ReadDevOutEPInterrupt)
    USB_ReadInterrupts                       0x080045d9   Thumb Code    12  stm32f4xx_ll_usb.o(i.USB_ReadInterrupts)
    USB_ReadPacket                           0x080045e5   Thumb Code    34  stm32f4xx_ll_usb.o(i.USB_ReadPacket)
    USB_SetDevAddress                        0x08004607   Thumb Code    40  stm32f4xx_ll_usb.o(i.USB_SetDevAddress)
    USB_WritePacket                          0x0800462f   Thumb Code    48  stm32f4xx_ll_usb.o(i.USB_WritePacket)
    UsageFault_Handler                       0x0800465f   Thumb Code     4  stm32f4xx_it.o(i.UsageFault_Handler)
    __scatterload_copy                       0x08004663   Thumb Code    14  handlers.o(i.__scatterload_copy)
    __scatterload_null                       0x08004671   Thumb Code     2  handlers.o(i.__scatterload_null)
    __scatterload_zeroinit                   0x08004673   Thumb Code    14  handlers.o(i.__scatterload_zeroinit)
    controller                               0x08004681   Thumb Code   374  main.o(i.controller)
    delayInit                                0x0800481d   Thumb Code    32  util.o(i.delayInit)
    delayWaitms                              0x08004849   Thumb Code    24  util.o(i.delayWaitms)
    delayWaitus                              0x08004861   Thumb Code    72  util.o(i.delayWaitus)
    disableMotors                            0x080048b5   Thumb Code    86  motors.o(i.disableMotors)
    driveMotors                              0x08004915   Thumb Code   216  motors.o(i.driveMotors)
    enableMotors                             0x080049f5   Thumb Code    82  motors.o(i.enableMotors)
    main                                     0x08004a51   Thumb Code    94  main.o(i.main)
    millis                                   0x08004abd   Thumb Code     8  usart.o(i.millis)
    motor_dir                                0x08004ac5   Thumb Code    60  motors.o(i.motor_dir)
    parseUARTbuffer                          0x08004b09   Thumb Code  1330  usart.o(i.parseUARTbuffer)
    reset_IT                                 0x08005049   Thumb Code    50  usart.o(i.reset_IT)
    stateMachine                             0x08005151   Thumb Code    58  main.o(i.stateMachine)
    writeMotors                              0x0800519d   Thumb Code    34  motors.o(i.writeMotors)
    APBAHBPrescTable                         0x080051c4   Data          16  stm32f4xx_hal_rcc.o(.constdata)
    Region$$Table$$Base                      0x08005208   Number         0  anon$$obj.o(Region$$Table)
    Region$$Table$$Limit                     0x08005228   Number         0  anon$$obj.o(Region$$Table)
    uwTick                                   0x20000000   Data           4  stm32f4xx_hal.o(.data)
    SystemCoreClock                          0x20000004   Data           4  system_stm32f4xx.o(.data)
    mode                                     0x20000008   Data           1  main.o(.data)
    modeOld                                  0x20000009   Data           1  main.o(.data)
    button0                                  0x2000000a   Data           1  main.o(.data)
    LineCoding                               0x20000010   Data           8  usbd_cdc_interface.o(.data)
    UserTxBufPtrIn                           0x20000018   Data           4  usbd_cdc_interface.o(.data)
    UserTxBufPtrOut                          0x2000001c   Data           4  usbd_cdc_interface.o(.data)
    USBD_CDC_fops                            0x20000020   Data          16  usbd_cdc_interface.o(.data)
    BuffLength                               0x20000030   Data           4  usbd_cdc_interface.o(.data)
    timestamp1                               0x20000040   Data           4  usart.o(.data)
    timestamp6                               0x20000044   Data           4  usart.o(.data)
    RX3Data                                  0x20000048   Data           3  usart.o(.data)
    RX1Data                                  0x2000004b   Data           3  usart.o(.data)
    joy                                      0x20000050   Data          16  main.o(.bss)
    u                                        0x20000060   Data          24  main.o(.bss)
    hi2s3                                    0x20000078   Data          68  main.o(.bss)
    hspi1                                    0x200000bc   Data          88  main.o(.bss)
    hspi2                                    0x20000114   Data          88  main.o(.bss)
    htim1                                    0x2000016c   Data          60  main.o(.bss)
    htim2                                    0x200001a8   Data          60  main.o(.bss)
    htim3                                    0x200001e4   Data          60  main.o(.bss)
    htim4                                    0x20000220   Data          60  main.o(.bss)
    hpcd_USB_OTG_FS                          0x2000025c   Data         952  main.o(.bss)
    USBD_Device                              0x20000614   Data         548  main.o(.bss)
    UserRxBuffer                             0x20000838   Data        2048  usbd_cdc_interface.o(.bss)
    UserTxBuffer                             0x20001038   Data        2048  usbd_cdc_interface.o(.bss)
    UartHandle                               0x20001838   Data          64  usbd_cdc_interface.o(.bss)
    TimHandle                                0x20001878   Data          60  usbd_cdc_interface.o(.bss)
    hpcd                                     0x200018b4   Data         952  usbd_conf.o(.bss)
    cdcHandle                                0x20001c6c   Data         540  usbd_conf.o(.bss)
    buffer                                   0x20001e88   Data          20  usart.o(.bss)
    huart1                                   0x20001e9c   Data          64  usart.o(.bss)
    huart3                                   0x20001edc   Data          64  usart.o(.bss)
    hdma_usart2_tx                           0x20001f1c   Data          88  usart.o(.bss)
    __initial_sp                             0x20002388   Data           0  startup_stm32f407xx.o(STACK)



==============================================================================

Memory Map of the image

  Image Entry point : 0x08000189

  Load Region LR_IROM1 (Base: 0x08000000, Size: 0x00005278, Max: 0x00100000, ABSOLUTE)

    Execution Region ER_IROM1 (Base: 0x08000000, Size: 0x00005228, Max: 0x00100000, ABSOLUTE)

    Base Addr    Size         Type   Attr      Idx    E Section Name        Object

    0x08000000   0x00000188   Data   RO         4288    RESET               startup_stm32f407xx.o
    0x08000188   0x00000000   Code   RO         4691  * .ARM.Collect$$$$00000000  mc_w.l(entry.o)
    0x08000188   0x00000004   Code   RO         4999    .ARM.Collect$$$$00000001  mc_w.l(entry2.o)
    0x0800018c   0x00000004   Code   RO         5002    .ARM.Collect$$$$00000004  mc_w.l(entry5.o)
    0x08000190   0x00000000   Code   RO         5004    .ARM.Collect$$$$00000008  mc_w.l(entry7b.o)
    0x08000190   0x00000000   Code   RO         5006    .ARM.Collect$$$$0000000A  mc_w.l(entry8b.o)
    0x08000190   0x00000008   Code   RO         5007    .ARM.Collect$$$$0000000B  mc_w.l(entry9a.o)
    0x08000198   0x00000000   Code   RO         5009    .ARM.Collect$$$$0000000D  mc_w.l(entry10a.o)
    0x08000198   0x00000000   Code   RO         5011    .ARM.Collect$$$$0000000F  mc_w.l(entry11a.o)
    0x08000198   0x00000004   Code   RO         5000    .ARM.Collect$$$$00002712  mc_w.l(entry2.o)
    0x0800019c   0x00000024   Code   RO         4289    .text               startup_stm32f407xx.o
    0x080001c0   0x000000e4   Code   RO         4987    .text               mf_w.l(dmul.o)
    0x080002a4   0x000000de   Code   RO         4989    .text               mf_w.l(ddiv.o)
    0x08000382   0x00000026   Code   RO         4991    .text               mf_w.l(f2d.o)
    0x080003a8   0x00000028   Code   RO         4993    .text               mf_w.l(cdcmple.o)
    0x080003d0   0x00000028   Code   RO         4995    .text               mf_w.l(cdrcmple.o)
    0x080003f8   0x00000038   Code   RO         4997    .text               mf_w.l(d2f.o)
    0x08000430   0x00000000   Code   RO         5018    .text               mc_w.l(iusefp.o)
    0x08000430   0x0000006c   Code   RO         5019    .text               mf_w.l(fepilogue.o)
    0x0800049c   0x000000be   Code   RO         5021    .text               mf_w.l(depilogue.o)
    0x0800055a   0x00000002   PAD
    0x0800055c   0x00000024   Code   RO         5027    .text               mc_w.l(init.o)
    0x08000580   0x0000001e   Code   RO         5029    .text               mc_w.l(llshl.o)
    0x0800059e   0x00000020   Code   RO         5031    .text               mc_w.l(llushr.o)
    0x080005be   0x00000004   Code   RO         3397    i.BusFault_Handler  stm32f4xx_it.o
    0x080005c2   0x00000002   PAD
    0x080005c4   0x000000a0   Code   RO         3720    i.CDC_Itf_Control   usbd_cdc_interface.o
    0x08000664   0x00000004   Code   RO         3721    i.CDC_Itf_DeInit    usbd_cdc_interface.o
    0x08000668   0x00000038   Code   RO         3722    i.CDC_Itf_Init      usbd_cdc_interface.o
    0x080006a0   0x00000006   Code   RO         3723    i.CDC_Itf_Receive   usbd_cdc_interface.o
    0x080006a6   0x00000002   Code   RO         3398    i.DebugMon_Handler  stm32f4xx_it.o
    0x080006a8   0x00000004   Code   RO         3473    i.Error_Handler     main.o
    0x080006ac   0x0000000c   Code   RO         4076    i.HAL_Delay         util.o
    0x080006b8   0x0000020c   Code   RO         3297    i.HAL_GPIO_Init     stm32f4xx_hal_gpio.o
    0x080008c4   0x00000010   Code   RO         3299    i.HAL_GPIO_ReadPin  stm32f4xx_hal_gpio.o
    0x080008d4   0x0000000c   Code   RO         3301    i.HAL_GPIO_WritePin  stm32f4xx_hal_gpio.o
    0x080008e0   0x0000000c   Code   RO          282    i.HAL_GetTick       stm32f4xx_hal.o
    0x080008ec   0x00000010   Code   RO          283    i.HAL_IncTick       stm32f4xx_hal.o
    0x080008fc   0x0000003c   Code   RO          284    i.HAL_Init          stm32f4xx_hal.o
    0x08000938   0x00000024   Code   RO          285    i.HAL_InitTick      stm32f4xx_hal.o
    0x0800095c   0x00000042   Code   RO         3632    i.HAL_MspInit       stm32f4xx_hal_msp.o
    0x0800099e   0x0000001c   Code   RO          946    i.HAL_NVIC_EnableIRQ  stm32f4xx_hal_cortex.o
    0x080009ba   0x0000007c   Code   RO          952    i.HAL_NVIC_SetPriority  stm32f4xx_hal_cortex.o
    0x08000a36   0x00000002   PAD
    0x08000a38   0x00000028   Code   RO          953    i.HAL_NVIC_SetPriorityGrouping  stm32f4xx_hal_cortex.o
    0x08000a60   0x0000000e   Code   RO         3809    i.HAL_PCD_ConnectCallback  usbd_conf.o
    0x08000a6e   0x00000020   Code   RO         3810    i.HAL_PCD_DataInStageCallback  usbd_conf.o
    0x08000a8e   0x00000020   Code   RO         3811    i.HAL_PCD_DataOutStageCallback  usbd_conf.o
    0x08000aae   0x0000000e   Code   RO         3812    i.HAL_PCD_DisconnectCallback  usbd_conf.o
    0x08000abc   0x00000068   Code   RO         2317    i.HAL_PCD_EP_ClrStall  stm32f4xx_hal_pcd.o
    0x08000b24   0x0000008c   Code   RO         2320    i.HAL_PCD_EP_Open   stm32f4xx_hal_pcd.o
    0x08000bb0   0x00000078   Code   RO         2321    i.HAL_PCD_EP_Receive  stm32f4xx_hal_pcd.o
    0x08000c28   0x0000007a   Code   RO         2322    i.HAL_PCD_EP_SetStall  stm32f4xx_hal_pcd.o
    0x08000ca2   0x0000007a   Code   RO         2323    i.HAL_PCD_EP_Transmit  stm32f4xx_hal_pcd.o
    0x08000d1c   0x00000558   Code   RO         2325    i.HAL_PCD_IRQHandler  stm32f4xx_hal_pcd.o
    0x08001274   0x00000012   Code   RO         3813    i.HAL_PCD_ISOINIncompleteCallback  usbd_conf.o
    0x08001286   0x00000012   Code   RO         3814    i.HAL_PCD_ISOOUTIncompleteCallback  usbd_conf.o
    0x08001298   0x00000032   Code   RO         3817    i.HAL_PCD_ResetCallback  usbd_conf.o
    0x080012ca   0x0000000e   Code   RO         3818    i.HAL_PCD_ResumeCallback  usbd_conf.o
    0x080012d8   0x0000000e   Code   RO         3819    i.HAL_PCD_SOFCallback  usbd_conf.o
    0x080012e6   0x00000032   Code   RO         2334    i.HAL_PCD_SetAddress  stm32f4xx_hal_pcd.o
    0x08001318   0x00000012   Code   RO         3820    i.HAL_PCD_SetupStageCallback  usbd_conf.o
    0x0800132a   0x0000000e   Code   RO         3821    i.HAL_PCD_SuspendCallback  usbd_conf.o
    0x08001338   0x000001a0   Code   RO         2120    i.HAL_RCC_ClockConfig  stm32f4xx_hal_rcc.o
    0x080014d8   0x00000038   Code   RO         2125    i.HAL_RCC_GetHCLKFreq  stm32f4xx_hal_rcc.o
    0x08001510   0x0000002c   Code   RO         2127    i.HAL_RCC_GetPCLK1Freq  stm32f4xx_hal_rcc.o
    0x0800153c   0x0000002c   Code   RO         2128    i.HAL_RCC_GetPCLK2Freq  stm32f4xx_hal_rcc.o
    0x08001568   0x000000b4   Code   RO         2129    i.HAL_RCC_GetSysClockFreq  stm32f4xx_hal_rcc.o
    0x0800161c   0x00000398   Code   RO         2132    i.HAL_RCC_OscConfig  stm32f4xx_hal_rcc.o
    0x080019b4   0x00000028   Code   RO          955    i.HAL_SYSTICK_CLKSourceConfig  stm32f4xx_hal_cortex.o
    0x080019dc   0x00000034   Code   RO          957    i.HAL_SYSTICK_Config  stm32f4xx_hal_cortex.o
    0x08001a10   0x00000002   Code   RO         1880    i.HAL_TIMEx_BreakCallback  stm32f4xx_hal_tim_ex.o
    0x08001a12   0x00000002   Code   RO         1881    i.HAL_TIMEx_CommutationCallback  stm32f4xx_hal_tim_ex.o
    0x08001a14   0x00000062   Code   RO         1897    i.HAL_TIMEx_MasterConfigSynchronization  stm32f4xx_hal_tim_ex.o
    0x08001a76   0x00000034   Code   RO         2655    i.HAL_TIM_Base_Init  stm32f4xx_hal_tim.o
    0x08001aaa   0x00000002   PAD
    0x08001aac   0x000000e8   Code   RO         3638    i.HAL_TIM_Base_MspInit  stm32f4xx_hal_msp.o
    0x08001b94   0x0000001e   Code   RO         2660    i.HAL_TIM_Base_Start_IT  stm32f4xx_hal_tim.o
    0x08001bb2   0x00000132   Code   RO         2664    i.HAL_TIM_ConfigClockSource  stm32f4xx_hal_tim.o
    0x08001ce4   0x00000002   Code   RO         2684    i.HAL_TIM_IC_CaptureCallback  stm32f4xx_hal_tim.o
    0x08001ce6   0x00000196   Code   RO         2697    i.HAL_TIM_IRQHandler  stm32f4xx_hal_tim.o
    0x08001e7c   0x000000a4   Code   RO         3639    i.HAL_TIM_MspPostInit  stm32f4xx_hal_msp.o
    0x08001f20   0x00000002   Code   RO         2700    i.HAL_TIM_OC_DelayElapsedCallback  stm32f4xx_hal_tim.o
    0x08001f22   0x00000108   Code   RO         2721    i.HAL_TIM_PWM_ConfigChannel  stm32f4xx_hal_tim.o
    0x0800202a   0x00000034   Code   RO         2724    i.HAL_TIM_PWM_Init  stm32f4xx_hal_tim.o
    0x0800205e   0x00000002   Code   RO         2726    i.HAL_TIM_PWM_MspInit  stm32f4xx_hal_tim.o
    0x08002060   0x00000002   Code   RO         2727    i.HAL_TIM_PWM_PulseFinishedCallback  stm32f4xx_hal_tim.o
    0x08002062   0x00000002   PAD
    0x08002064   0x0000004c   Code   RO         2728    i.HAL_TIM_PWM_Start  stm32f4xx_hal_tim.o
    0x080020b0   0x00000088   Code   RO         2731    i.HAL_TIM_PWM_Stop  stm32f4xx_hal_tim.o
    0x08002138   0x00000074   Code   RO         3724    i.HAL_TIM_PeriodElapsedCallback  usbd_cdc_interface.o
    0x080021ac   0x00000002   Code   RO         2738    i.HAL_TIM_TriggerCallback  stm32f4xx_hal_tim.o
    0x080021ae   0x0000000c   Code   RO         4129    i.HAL_UART_ErrorCallback  usart.o
    0x080021ba   0x00000134   Code   RO          611    i.HAL_UART_IRQHandler  stm32f4xx_hal_uart.o
    0x080022ee   0x00000072   Code   RO          612    i.HAL_UART_Init     stm32f4xx_hal_uart.o
    0x08002360   0x00000130   Code   RO         3641    i.HAL_UART_MspInit  stm32f4xx_hal_msp.o
    0x08002490   0x00000070   Code   RO          617    i.HAL_UART_Receive_IT  stm32f4xx_hal_uart.o
    0x08002500   0x0000000c   Code   RO         4130    i.HAL_UART_RxCpltCallback  usart.o
    0x0800250c   0x000000c4   Code   RO          620    i.HAL_UART_Transmit  stm32f4xx_hal_uart.o
    0x080025d0   0x00000002   Code   RO         4131    i.HAL_UART_TxCpltCallback  usart.o
    0x080025d2   0x00000004   Code   RO         3399    i.HardFault_Handler  stm32f4xx_it.o
    0x080025d6   0x00000002   PAD
    0x080025d8   0x0000016c   Code   RO         3474    i.MX_GPIO_Init      main.o
    0x08002744   0x0000007c   Code   RO         3479    i.MX_TIM2_Init      main.o
    0x080027c0   0x00000040   Code   RO         4132    i.MX_USART1_UART_Init  usart.o
    0x08002800   0x00000040   Code   RO         4133    i.MX_USART3_UART_Init  usart.o
    0x08002840   0x00000004   Code   RO         3400    i.MemManage_Handler  stm32f4xx_it.o
    0x08002844   0x00000004   Code   RO         3401    i.NMI_Handler       stm32f4xx_it.o
    0x08002848   0x00000010   Code   RO          959    i.NVIC_GetPriorityGrouping  stm32f4xx_hal_cortex.o
    0x08002858   0x00000028   Code   RO          960    i.NVIC_SetPriority  stm32f4xx_hal_cortex.o
    0x08002880   0x00000010   Code   RO         3402    i.OTG_HS_IRQHandler  stm32f4xx_it.o
    0x08002890   0x000000a2   Code   RO         2339    i.PCD_WriteEmptyTxFifo  stm32f4xx_hal_pcd.o
    0x08002932   0x00000008   Code   RO         3403    i.SysTick_Handler   stm32f4xx_it.o
    0x0800293a   0x00000002   PAD
    0x0800293c   0x000000b8   Code   RO         3484    i.SystemClock_Config  main.o
    0x080029f4   0x00000064   Code   RO         3361    i.SystemInit        system_stm32f4xx.o
    0x08002a58   0x00000010   Code   RO         3404    i.TIM4_IRQHandler   stm32f4xx_it.o
    0x08002a68   0x000000e4   Code   RO         2739    i.TIM_Base_SetConfig  stm32f4xx_hal_tim.o
    0x08002b4c   0x0000001c   Code   RO         2740    i.TIM_CCxChannelCmd  stm32f4xx_hal_tim.o
    0x08002b68   0x00000068   Code   RO         3725    i.TIM_Config        usbd_cdc_interface.o
    0x08002bd0   0x00000018   Code   RO         2746    i.TIM_ETR_SetConfig  stm32f4xx_hal_tim.o
    0x08002be8   0x00000014   Code   RO         2747    i.TIM_ITRx_SetConfig  stm32f4xx_hal_tim.o
    0x08002bfc   0x00000070   Code   RO         2748    i.TIM_OC1_SetConfig  stm32f4xx_hal_tim.o
    0x08002c6c   0x00000078   Code   RO         2749    i.TIM_OC2_SetConfig  stm32f4xx_hal_tim.o
    0x08002ce4   0x00000078   Code   RO         2750    i.TIM_OC3_SetConfig  stm32f4xx_hal_tim.o
    0x08002d5c   0x00000060   Code   RO         2751    i.TIM_OC4_SetConfig  stm32f4xx_hal_tim.o
    0x08002dbc   0x0000002a   Code   RO         2753    i.TIM_TI1_ConfigInputStage  stm32f4xx_hal_tim.o
    0x08002de6   0x0000002c   Code   RO         2755    i.TIM_TI2_ConfigInputStage  stm32f4xx_hal_tim.o
    0x08002e12   0x00000020   Code   RO          630    i.UART_EndTransmit_IT  stm32f4xx_hal_uart.o
    0x08002e32   0x000000a8   Code   RO          631    i.UART_Receive_IT   stm32f4xx_hal_uart.o
    0x08002eda   0x00000002   PAD
    0x08002edc   0x00000368   Code   RO          632    i.UART_SetConfig    stm32f4xx_hal_uart.o
    0x08003244   0x0000006a   Code   RO          633    i.UART_Transmit_IT  stm32f4xx_hal_uart.o
    0x080032ae   0x00000102   Code   RO          634    i.UART_WaitOnFlagUntilTimeout  stm32f4xx_hal_uart.o
    0x080033b0   0x00000010   Code   RO         4134    i.USART1_IRQHandler  usart.o
    0x080033c0   0x00000010   Code   RO         4135    i.USART3_IRQHandler  usart.o
    0x080033d0   0x0000000e   Code   RO         4600    i.USBD_CDC_SetRxBuffer  usbd_cdc.o
    0x080033de   0x00000014   Code   RO         4601    i.USBD_CDC_SetTxBuffer  usbd_cdc.o
    0x080033f2   0x00000038   Code   RO         4603    i.USBD_CDC_TransmitPacket  usbd_cdc.o
    0x0800342a   0x00000016   Code   RO         4296    i.USBD_ClrClassConfig  usbd_core.o
    0x08003440   0x00000044   Code   RO         4434    i.USBD_ClrFeature   usbd_ctlreq.o
    0x08003484   0x00000018   Code   RO         4529    i.USBD_CtlContinueRx  usbd_ioreq.o
    0x0800349c   0x00000018   Code   RO         4530    i.USBD_CtlContinueSendData  usbd_ioreq.o
    0x080034b4   0x00000018   Code   RO         4435    i.USBD_CtlError     usbd_ctlreq.o
    0x080034cc   0x0000001a   Code   RO         4532    i.USBD_CtlReceiveStatus  usbd_ioreq.o
    0x080034e6   0x00000022   Code   RO         4533    i.USBD_CtlSendData  usbd_ioreq.o
    0x08003508   0x0000001a   Code   RO         4534    i.USBD_CtlSendStatus  usbd_ioreq.o
    0x08003522   0x00000050   Code   RO         4436    i.USBD_GetConfig    usbd_ctlreq.o
    0x08003572   0x00000148   Code   RO         4437    i.USBD_GetDescriptor  usbd_ctlreq.o
    0x080036ba   0x00000044   Code   RO         4439    i.USBD_GetStatus    usbd_ctlreq.o
    0x080036fe   0x00000014   Code   RO         3822    i.USBD_LL_ClearStallEP  usbd_conf.o
    0x08003712   0x000000da   Code   RO         4299    i.USBD_LL_DataInStage  usbd_core.o
    0x080037ec   0x00000086   Code   RO         4300    i.USBD_LL_DataOutStage  usbd_core.o
    0x08003872   0x00000006   Code   RO         4301    i.USBD_LL_DevConnected  usbd_core.o
    0x08003878   0x0000001a   Code   RO         4302    i.USBD_LL_DevDisconnected  usbd_core.o
    0x08003892   0x00000038   Code   RO         3829    i.USBD_LL_IsStallEP  usbd_conf.o
    0x080038ca   0x00000006   Code   RO         4303    i.USBD_LL_IsoINIncomplete  usbd_core.o
    0x080038d0   0x00000006   Code   RO         4304    i.USBD_LL_IsoOUTIncomplete  usbd_core.o
    0x080038d6   0x00000020   Code   RO         3830    i.USBD_LL_OpenEP    usbd_conf.o
    0x080038f6   0x00000020   Code   RO         3831    i.USBD_LL_PrepareReceive  usbd_conf.o
    0x08003916   0x00000044   Code   RO         4305    i.USBD_LL_Reset     usbd_core.o
    0x0800395a   0x0000000e   Code   RO         4306    i.USBD_LL_Resume    usbd_core.o
    0x08003968   0x00000022   Code   RO         4307    i.USBD_LL_SOF       usbd_core.o
    0x0800398a   0x00000008   Code   RO         4308    i.USBD_LL_SetSpeed  usbd_core.o
    0x08003992   0x00000014   Code   RO         3832    i.USBD_LL_SetUSBAddress  usbd_conf.o
    0x080039a6   0x0000006e   Code   RO         4309    i.USBD_LL_SetupStage  usbd_core.o
    0x08003a14   0x00000014   Code   RO         3833    i.USBD_LL_StallEP   usbd_conf.o
    0x08003a28   0x00000014   Code   RO         4310    i.USBD_LL_Suspend   usbd_core.o
    0x08003a3c   0x00000020   Code   RO         3836    i.USBD_LL_Transmit  usbd_conf.o
    0x08003a5c   0x00000028   Code   RO         4441    i.USBD_ParseSetupRequest  usbd_ctlreq.o
    0x08003a84   0x00000006   Code   RO         4312    i.USBD_RunTestMode  usbd_core.o
    0x08003a8a   0x00000054   Code   RO         4442    i.USBD_SetAddress   usbd_ctlreq.o
    0x08003ade   0x00000022   Code   RO         4313    i.USBD_SetClassConfig  usbd_core.o
    0x08003b00   0x000000e0   Code   RO         4443    i.USBD_SetConfig    usbd_ctlreq.o
    0x08003be0   0x00000024   Code   RO         4444    i.USBD_SetFeature   usbd_ctlreq.o
    0x08003c04   0x00000072   Code   RO         4445    i.USBD_StdDevReq    usbd_ctlreq.o
    0x08003c76   0x00000156   Code   RO         4446    i.USBD_StdEPReq     usbd_ctlreq.o
    0x08003dcc   0x0000004a   Code   RO         4447    i.USBD_StdItfReq    usbd_ctlreq.o
    0x08003e16   0x00000002   PAD
    0x08003e18   0x000000c0   Code   RO         1072    i.USB_ActivateEndpoint  stm32f4xx_ll_usb.o
    0x08003ed8   0x00000044   Code   RO         1073    i.USB_ActivateSetup  stm32f4xx_ll_usb.o
    0x08003f1c   0x000001b0   Code   RO         1085    i.USB_EP0StartXfer  stm32f4xx_ll_usb.o
    0x080040cc   0x00000044   Code   RO         1086    i.USB_EP0_OutStart  stm32f4xx_ll_usb.o
    0x08004110   0x00000088   Code   RO         1087    i.USB_EPClearStall  stm32f4xx_ll_usb.o
    0x08004198   0x0000008c   Code   RO         1088    i.USB_EPSetStall    stm32f4xx_ll_usb.o
    0x08004224   0x000002d0   Code   RO         1089    i.USB_EPStartXfer   stm32f4xx_ll_usb.o
    0x080044f4   0x00000030   Code   RO         1092    i.USB_FlushTxFifo   stm32f4xx_ll_usb.o
    0x08004524   0x00000044   Code   RO         1094    i.USB_GetDevSpeed   stm32f4xx_ll_usb.o
    0x08004568   0x0000000a   Code   RO         1096    i.USB_GetMode       stm32f4xx_ll_usb.o
    0x08004572   0x00000012   Code   RO         1103    i.USB_ReadDevAllInEpInterrupt  stm32f4xx_ll_usb.o
    0x08004584   0x00000012   Code   RO         1104    i.USB_ReadDevAllOutEpInterrupt  stm32f4xx_ll_usb.o
    0x08004596   0x0000002c   Code   RO         1105    i.USB_ReadDevInEPInterrupt  stm32f4xx_ll_usb.o
    0x080045c2   0x00000016   Code   RO         1106    i.USB_ReadDevOutEPInterrupt  stm32f4xx_ll_usb.o
    0x080045d8   0x0000000c   Code   RO         1107    i.USB_ReadInterrupts  stm32f4xx_ll_usb.o
    0x080045e4   0x00000022   Code   RO         1108    i.USB_ReadPacket    stm32f4xx_ll_usb.o
    0x08004606   0x00000028   Code   RO         1111    i.USB_SetDevAddress  stm32f4xx_ll_usb.o
    0x0800462e   0x00000030   Code   RO         1115    i.USB_WritePacket   stm32f4xx_ll_usb.o
    0x0800465e   0x00000004   Code   RO         3405    i.UsageFault_Handler  stm32f4xx_it.o
    0x08004662   0x0000000e   Code   RO         5037    i.__scatterload_copy  mc_w.l(handlers.o)
    0x08004670   0x00000002   Code   RO         5038    i.__scatterload_null  mc_w.l(handlers.o)
    0x08004672   0x0000000e   Code   RO         5039    i.__scatterload_zeroinit  mc_w.l(handlers.o)
    0x08004680   0x0000019c   Code   RO         3485    i.controller        main.o
    0x0800481c   0x0000002c   Code   RO         4077    i.delayInit         util.o
    0x08004848   0x00000018   Code   RO         4078    i.delayWaitms       util.o
    0x08004860   0x00000054   Code   RO         4079    i.delayWaitus       util.o
    0x080048b4   0x00000060   Code   RO         4232    i.disableMotors     motors.o
    0x08004914   0x000000e0   Code   RO         4233    i.driveMotors       motors.o
    0x080049f4   0x0000005c   Code   RO         4234    i.enableMotors      motors.o
    0x08004a50   0x0000006c   Code   RO         3486    i.main              main.o
    0x08004abc   0x00000008   Code   RO         4136    i.millis            usart.o
    0x08004ac4   0x00000044   Code   RO         4235    i.motor_dir         motors.o
    0x08004b08   0x00000540   Code   RO         4137    i.parseUARTbuffer   usart.o
    0x08005048   0x00000048   Code   RO         4138    i.reset_IT          usart.o
    0x08005090   0x000000c0   Code   RO         4139    i.send_with_ack     usart.o
    0x08005150   0x0000004c   Code   RO         3487    i.stateMachine      main.o
    0x0800519c   0x00000028   Code   RO         4237    i.writeMotors       motors.o
    0x080051c4   0x00000010   Data   RO         2133    .constdata          stm32f4xx_hal_rcc.o
    0x080051d4   0x00000004   PAD
    0x080051d8   0x00000030   Data   RO         3490    .constdata          main.o
    0x08005208   0x00000020   Data   RO         5035    Region$$Table       anon$$obj.o


    Execution Region RW_IRAM1 (Base: 0x20000000, Size: 0x00002388, Max: 0x00020000, ABSOLUTE)

    Base Addr    Size         Type   Attr      Idx    E Section Name        Object

    0x20000000   0x00000004   Data   RW          290    .data               stm32f4xx_hal.o
    0x20000004   0x00000004   Data   RW         3363    .data               system_stm32f4xx.o
    0x20000008   0x00000007   Data   RW         3491    .data               main.o
    0x2000000f   0x00000001   PAD
    0x20000010   0x00000024   Data   RW         3732    .data               usbd_cdc_interface.o
    0x20000034   0x0000000c   Data   RW         4081    .data               util.o
    0x20000040   0x0000000e   Data   RW         4142    .data               usart.o
    0x2000004e   0x00000001   Data   RW         4448    .data               usbd_ctlreq.o
    0x2000004f   0x00000001   PAD
    0x20000050   0x000007e8   Zero   RW         3489    .bss                main.o
    0x20000838   0x0000107c   Zero   RW         3731    .bss                usbd_cdc_interface.o
    0x200018b4   0x000005d4   Zero   RW         3837    .bss                usbd_conf.o
    0x20001e88   0x000000ec   Zero   RW         4141    .bss                usart.o
    0x20001f74   0x00000010   Zero   RW         4238    .bss                motors.o
    0x20001f84   0x00000004   PAD
    0x20001f88   0x00000400   Zero   RW         4286    STACK               startup_stm32f407xx.o


==============================================================================

Image component sizes


      Code (inc. data)   RO Data    RW Data    ZI Data      Debug   Object Name

      1272        102         48          7       2024      12042   main.o
       520         42          0          0         16       3015   motors.o
        36          8        392          0       1024        796   startup_stm32f407xx.o
       124         16          0          4          0       3591   stm32f4xx_hal.o
       340         22          0          0          0      31437   stm32f4xx_hal_cortex.o
       552         48          0          0          0       3051   stm32f4xx_hal_gpio.o
       766         66          0          0          0       3210   stm32f4xx_hal_msp.o
      2188          0          0          0          0       7683   stm32f4xx_hal_pcd.o
      1660         68         16          0          0       5655   stm32f4xx_hal_rcc.o
         0          0          0          0          0     391492   stm32f4xx_hal_rcc_ex.o
      2166         98          0          0          0      16399   stm32f4xx_hal_tim.o
       102          0          0          0          0       2318   stm32f4xx_hal_tim_ex.o
      2166          8          0          0          0       7436   stm32f4xx_hal_uart.o
        62         12          0          0          0       4157   stm32f4xx_it.o
      2118         20          0          0          0      12833   stm32f4xx_ll_usb.o
       100         18          0          4          0       1329   system_stm32f4xx.o
      1802        142          0         14        236       7523   usart.o
        90          0          0          0          0       4160   usbd_cdc.o
       446         54          0         36       4220       4494   usbd_cdc_interface.o
       450          0          0          0       1492      11171   usbd_conf.o
       712          0          0          0          0       9967   usbd_core.o
      1482         30          0          1          0       8811   usbd_ctlreq.o
       134          0          0          0          0       3624   usbd_ioreq.o
       164         24          0         12          0       2864   util.o

    ----------------------------------------------------------------------
     19468        778        492         80       9016     559058   Object Totals
         0          0         32          0          0          0   (incl. Generated)
        16          0          4          2          4          0   (incl. Padding)

    ----------------------------------------------------------------------

      Code (inc. data)   RO Data    RW Data    ZI Data      Debug   Library Member Name

         0          0          0          0          0          0   entry.o
         0          0          0          0          0          0   entry10a.o
         0          0          0          0          0          0   entry11a.o
         8          4          0          0          0          0   entry2.o
         4          0          0          0          0          0   entry5.o
         0          0          0          0          0          0   entry7b.o
         0          0          0          0          0          0   entry8b.o
         8          4          0          0          0          0   entry9a.o
        30          0          0          0          0          0   handlers.o
        36          8          0          0          0         68   init.o
         0          0          0          0          0          0   iusefp.o
        30          0          0          0          0         68   llshl.o
        32          0          0          0          0         68   llushr.o
        40          2          0          0          0         68   cdcmple.o
        40          2          0          0          0         68   cdrcmple.o
        56          0          0          0          0         88   d2f.o
       222          0          0          0          0        100   ddiv.o
       190          0          0          0          0        176   depilogue.o
       228          0          0          0          0         96   dmul.o
        38          0          0          0          0         68   f2d.o
       108          0          0          0          0        168   fepilogue.o

    ----------------------------------------------------------------------
      1072         20          0          0          0       1036   Library Totals
         2          0          0          0          0          0   (incl. Padding)

    ----------------------------------------------------------------------

      Code (inc. data)   RO Data    RW Data    ZI Data      Debug   Library Name

       148         16          0          0          0        204   mc_w.l
       922          4          0          0          0        832   mf_w.l

    ----------------------------------------------------------------------
      1072         20          0          0          0       1036   Library Totals

    ----------------------------------------------------------------------

==============================================================================


      Code (inc. data)   RO Data    RW Data    ZI Data      Debug   

     20540        798        492         80       9016     542178   Grand Totals
     20540        798        492         80       9016     542178   ELF Image Totals
     20540        798        492         80          0          0   ROM Totals

==============================================================================

    Total RO  Size (Code + RO Data)                21032 (  20.54kB)
    Total RW  Size (RW Data + ZI Data)              9096 (   8.88kB)
    Total ROM Size (Code + RO Data + RW Data)      21112 (  20.62kB)

==============================================================================

