<html>
<body>
<pre>
<h1>µVision Build Log</h1>
<h2>Project:</h2>
C:\Development\BLE\STM32\repo\pwm-test\MDK-ARM\keil-project.uvproj
Project File Date:  05/20/2016

<h2>Output:</h2>
Rebuild target 'keil-project'
compiling stm32f4xx_hal_rcc_ex.c...
compiling stm32f4xx_hal_flash.c...
compiling stm32f4xx_hal.c...
compiling stm32f4xx_hal_flash_ex.c...
compiling stm32f4xx_hal_cortex.c...
compiling stm32f4xx_hal_flash_ramfunc.c...
compiling stm32f4xx_hal_pwr_ex.c...
compiling stm32f4xx_hal_pwr.c...
compiling stm32f4xx_hal_tim_ex.c...
compiling stm32f4xx_hal_rcc.c...
compiling stm32f4xx_hal_dma.c...
compiling stm32f4xx_hal_dma_ex.c...
compiling stm32f4xx_hal_tim.c...
compiling stm32f4xx_hal_gpio.c...
compiling system_stm32f4xx.c...
compiling stm32f4xx_it.c...
compiling main.c...
../Src/main.c(147): warning:  #223-D: function "memset" declared implicitly
                memset(&gpio, 0, sizeof(gpio));
../Src/main.c(169): warning:  #223-D: function "memset" declared implicitly
        memset(&gpio, 0, sizeof(gpio));
../Src/main.c(201): warning:  #223-D: function "memset" declared implicitly
        memset(&oc, 0, sizeof(oc));
../Src/main.c(219): warning:  #223-D: function "memset" declared implicitly
        memset(htim, 0, sizeof(*htim));
../Src/main.c(385): warning:  #177-D: function "MX_GPIO_Init" was declared but never referenced
  void MX_GPIO_Init(void)
../Src/main.c(258): warning:  #177-D: function "MX_TIM2_Init" was declared but never referenced
  void MX_TIM2_Init(void)
../Src/main.c(313): warning: C4017W: toggle may be used before being set
                bool toggle;
../Src/main.c: 7 warnings, 0 errors
compiling stm32f4xx_hal_msp.c...
assembling startup_stm32f407xx.s...
linking...
Program Size: Code=5002 RO-data=462 RW-data=12 ZI-data=1028  
"keil-project\keil-project.axf" - 0 Error(s), 7 Warning(s).
Load "keil-project\\keil-project.axf" 
Erase Done.
Programming Done.
Verify OK.
Application running ...
