<html>
<body>
<pre>
<h1>µVision Build Log</h1>
<h2>Project:</h2>
C:\Development\BLE\STM32\tmp\MDK-ARM\keil-project.uvproj
Project File Date:  05/20/2016

<h2>Output:</h2>
Rebuild target 'keil-project'
compiling stm32f4xx_hal_rcc_ex.c...
compiling stm32f4xx_hal_flash.c...
compiling stm32f4xx_hal.c...
compiling stm32f4xx_hal_flash_ex.c...
compiling stm32f4xx_hal_cortex.c...
compiling stm32f4xx_hal_flash_ramfunc.c...
compiling stm32f4xx_hal_pwr_ex.c...
compiling stm32f4xx_hal_pwr.c...
compiling stm32f4xx_hal_tim_ex.c...
compiling stm32f4xx_hal_rcc.c...
compiling stm32f4xx_hal_dma.c...
compiling stm32f4xx_hal_dma_ex.c...
compiling stm32f4xx_hal_tim.c...
compiling stm32f4xx_hal_gpio.c...
compiling system_stm32f4xx.c...
compiling stm32f4xx_it.c...
compiling main.c...
compiling stm32f4xx_hal_msp.c...
assembling startup_stm32f407xx.s...
linking...
Program Size: Code=4636 RO-data=440 RW-data=8 ZI-data=1088  
"keil-project\keil-project.axf" - 0 Error(s), 0 Warning(s).
Load "keil-project\\keil-project.axf" 
Erase Done.
Programming Done.
Verify OK.
Load "keil-project\\keil-project.axf" 
Erase Done.
Programming Done.
Verify OK.
</pre>
</body>
</html>
