ARM Linker, 5.03 [Build 76] [MDK-ARM Standard]

==============================================================================

Section Cross References

    stm32f4xx_hal_rcc_ex.o(i.HAL_RCCEx_PeriphCLKConfig) refers to stm32f4xx_hal.o(i.HAL_GetTick) for HAL_GetTick
    stm32f4xx_hal_flash.o(i.FLASH_SetErrorCode) refers to stm32f4xx_hal_flash.o(.bss) for pFlash
    stm32f4xx_hal_flash.o(i.FLASH_WaitForLastOperation) refers to stm32f4xx_hal.o(i.HAL_GetTick) for HAL_GetTick
    stm32f4xx_hal_flash.o(i.FLASH_WaitForLastOperation) refers to stm32f4xx_hal_flash.o(i.FLASH_SetErrorCode) for FLASH_SetErrorCode
    stm32f4xx_hal_flash.o(i.FLASH_WaitForLastOperation) refers to stm32f4xx_hal_flash.o(.bss) for pFlash
    stm32f4xx_hal_flash.o(i.HAL_FLASH_GetError) refers to stm32f4xx_hal_flash.o(.bss) for pFlash
    stm32f4xx_hal_flash.o(i.HAL_FLASH_IRQHandler) refers to stm32f4xx_hal_flash.o(i.FLASH_SetErrorCode) for FLASH_SetErrorCode
    stm32f4xx_hal_flash.o(i.HAL_FLASH_IRQHandler) refers to stm32f4xx_hal_flash.o(i.HAL_FLASH_OperationErrorCallback) for HAL_FLASH_OperationErrorCallback
    stm32f4xx_hal_flash.o(i.HAL_FLASH_IRQHandler) refers to stm32f4xx_hal_flash.o(i.HAL_FLASH_EndOfOperationCallback) for HAL_FLASH_EndOfOperationCallback
    stm32f4xx_hal_flash.o(i.HAL_FLASH_IRQHandler) refers to stm32f4xx_hal_flash_ex.o(i.FLASH_Erase_Sector) for FLASH_Erase_Sector
    stm32f4xx_hal_flash.o(i.HAL_FLASH_IRQHandler) refers to stm32f4xx_hal_flash_ex.o(i.FLASH_FlushCaches) for FLASH_FlushCaches
    stm32f4xx_hal_flash.o(i.HAL_FLASH_IRQHandler) refers to stm32f4xx_hal_flash.o(.bss) for pFlash
    stm32f4xx_hal_flash.o(i.HAL_FLASH_OB_Launch) refers to stm32f4xx_hal_flash.o(i.FLASH_WaitForLastOperation) for FLASH_WaitForLastOperation
    stm32f4xx_hal_flash.o(i.HAL_FLASH_Program) refers to stm32f4xx_hal_flash.o(i.FLASH_WaitForLastOperation) for FLASH_WaitForLastOperation
    stm32f4xx_hal_flash.o(i.HAL_FLASH_Program) refers to stm32f4xx_hal_flash.o(i.FLASH_Program_Byte) for FLASH_Program_Byte
    stm32f4xx_hal_flash.o(i.HAL_FLASH_Program) refers to stm32f4xx_hal_flash.o(i.FLASH_Program_HalfWord) for FLASH_Program_HalfWord
    stm32f4xx_hal_flash.o(i.HAL_FLASH_Program) refers to stm32f4xx_hal_flash.o(i.FLASH_Program_Word) for FLASH_Program_Word
    stm32f4xx_hal_flash.o(i.HAL_FLASH_Program) refers to stm32f4xx_hal_flash.o(i.FLASH_Program_DoubleWord) for FLASH_Program_DoubleWord
    stm32f4xx_hal_flash.o(i.HAL_FLASH_Program) refers to stm32f4xx_hal_flash.o(.bss) for pFlash
    stm32f4xx_hal_flash.o(i.HAL_FLASH_Program_IT) refers to stm32f4xx_hal_flash.o(i.FLASH_Program_Byte) for FLASH_Program_Byte
    stm32f4xx_hal_flash.o(i.HAL_FLASH_Program_IT) refers to stm32f4xx_hal_flash.o(i.FLASH_Program_HalfWord) for FLASH_Program_HalfWord
    stm32f4xx_hal_flash.o(i.HAL_FLASH_Program_IT) refers to stm32f4xx_hal_flash.o(i.FLASH_Program_Word) for FLASH_Program_Word
    stm32f4xx_hal_flash.o(i.HAL_FLASH_Program_IT) refers to stm32f4xx_hal_flash.o(i.FLASH_Program_DoubleWord) for FLASH_Program_DoubleWord
    stm32f4xx_hal_flash.o(i.HAL_FLASH_Program_IT) refers to stm32f4xx_hal_flash.o(.bss) for pFlash
    stm32f4xx_hal.o(i.HAL_DeInit) refers to stm32f4xx_hal.o(i.HAL_MspDeInit) for HAL_MspDeInit
    stm32f4xx_hal.o(i.HAL_Delay) refers to stm32f4xx_hal.o(i.HAL_GetTick) for HAL_GetTick
    stm32f4xx_hal.o(i.HAL_GetTick) refers to stm32f4xx_hal.o(.data) for uwTick
    stm32f4xx_hal.o(i.HAL_IncTick) refers to stm32f4xx_hal.o(.data) for uwTick
    stm32f4xx_hal.o(i.HAL_Init) refers to stm32f4xx_hal_cortex.o(i.HAL_NVIC_SetPriorityGrouping) for HAL_NVIC_SetPriorityGrouping
    stm32f4xx_hal.o(i.HAL_Init) refers to stm32f4xx_hal.o(i.HAL_InitTick) for HAL_InitTick
    stm32f4xx_hal.o(i.HAL_Init) refers to stm32f4xx_hal_msp.o(i.HAL_MspInit) for HAL_MspInit
    stm32f4xx_hal.o(i.HAL_InitTick) refers to stm32f4xx_hal_rcc.o(i.HAL_RCC_GetHCLKFreq) for HAL_RCC_GetHCLKFreq
    stm32f4xx_hal.o(i.HAL_InitTick) refers to stm32f4xx_hal_cortex.o(i.HAL_SYSTICK_Config) for HAL_SYSTICK_Config
    stm32f4xx_hal.o(i.HAL_InitTick) refers to stm32f4xx_hal_cortex.o(i.HAL_NVIC_SetPriority) for HAL_NVIC_SetPriority
    stm32f4xx_hal_i2s.o(i.HAL_I2S_DMAStop) refers to stm32f4xx_hal_dma.o(i.HAL_DMA_Abort) for HAL_DMA_Abort
    stm32f4xx_hal_i2s.o(i.HAL_I2S_DeInit) refers to stm32f4xx_hal_msp.o(i.HAL_I2S_MspDeInit) for HAL_I2S_MspDeInit
    stm32f4xx_hal_i2s.o(i.HAL_I2S_IRQHandler) refers to stm32f4xx_hal_i2s.o(i.I2S_Receive_IT) for I2S_Receive_IT
    stm32f4xx_hal_i2s.o(i.HAL_I2S_IRQHandler) refers to stm32f4xx_hal_i2s.o(i.I2S_Transmit_IT) for I2S_Transmit_IT
    stm32f4xx_hal_i2s.o(i.HAL_I2S_IRQHandler) refers to stm32f4xx_hal_i2s.o(i.HAL_I2S_ErrorCallback) for HAL_I2S_ErrorCallback
    stm32f4xx_hal_i2s.o(i.HAL_I2S_Init) refers to stm32f4xx_hal_msp.o(i.HAL_I2S_MspInit) for HAL_I2S_MspInit
    stm32f4xx_hal_i2s.o(i.HAL_I2S_Init) refers to stm32f4xx_hal_i2s_ex.o(i.I2S_GetInputClock) for I2S_GetInputClock
[...]
    TIM_TI1_ConfigInputStage                 0x080033d1   Thumb Code    42  stm32f4xx_hal_tim.o(i.TIM_TI1_ConfigInputStage)
    i.TIM_TI2_ConfigInputStage               0x080033fa   Section        0  stm32f4xx_hal_tim.o(i.TIM_TI2_ConfigInputStage)
    TIM_TI2_ConfigInputStage                 0x080033fb   Thumb Code    44  stm32f4xx_hal_tim.o(i.TIM_TI2_ConfigInputStage)
    i.UART_EndTransmit_IT                    0x08003426   Section        0  stm32f4xx_hal_uart.o(i.UART_EndTransmit_IT)
    UART_EndTransmit_IT                      0x08003427   Thumb Code    32  stm32f4xx_hal_uart.o(i.UART_EndTransmit_IT)
    i.UART_Receive_IT                        0x08003446   Section        0  stm32f4xx_hal_uart.o(i.UART_Receive_IT)
    UART_Receive_IT                          0x08003447   Thumb Code   168  stm32f4xx_hal_uart.o(i.UART_Receive_IT)
    i.UART_SetConfig                         0x080034f0   Section        0  stm32f4xx_hal_uart.o(i.UART_SetConfig)
    UART_SetConfig                           0x080034f1   Thumb Code   864  stm32f4xx_hal_uart.o(i.UART_SetConfig)
    i.UART_Transmit_IT                       0x08003858   Section        0  stm32f4xx_hal_uart.o(i.UART_Transmit_IT)
    UART_Transmit_IT                         0x08003859   Thumb Code   106  stm32f4xx_hal_uart.o(i.UART_Transmit_IT)
    i.USART1_IRQHandler                      0x080038c4   Section        0  usart.o(i.USART1_IRQHandler)
    i.USART3_IRQHandler                      0x080038d4   Section        0  usart.o(i.USART3_IRQHandler)
    i.USBD_CDC_DataIn                        0x080038e4   Section        0  usbd_cdc.o(i.USBD_CDC_DataIn)
    USBD_CDC_DataIn                          0x080038e5   Thumb Code    26  usbd_cdc.o(i.USBD_CDC_DataIn)
    i.USBD_CDC_DataOut                       0x080038fe   Section        0  usbd_cdc.o(i.USBD_CDC_DataOut)
    USBD_CDC_DataOut                         0x080038ff   Thumb Code    52  usbd_cdc.o(i.USBD_CDC_DataOut)
    i.USBD_CDC_DeInit                        0x08003932   Section        0  usbd_cdc.o(i.USBD_CDC_DeInit)
    USBD_CDC_DeInit                          0x08003933   Thumb Code    56  usbd_cdc.o(i.USBD_CDC_DeInit)
    i.USBD_CDC_EP0_RxReady                   0x0800396a   Section        0  usbd_cdc.o(i.USBD_CDC_EP0_RxReady)
    USBD_CDC_EP0_RxReady                     0x0800396b   Thumb Code    50  usbd_cdc.o(i.USBD_CDC_EP0_RxReady)
    i.USBD_CDC_GetDeviceQualifierDescriptor  0x0800399c   Section        0  usbd_cdc.o(i.USBD_CDC_GetDeviceQualifierDescriptor)
    i.USBD_CDC_GetFSCfgDesc                  0x080039ac   Section        0  usbd_cdc.o(i.USBD_CDC_GetFSCfgDesc)
    USBD_CDC_GetFSCfgDesc                    0x080039ad   Thumb Code    10  usbd_cdc.o(i.USBD_CDC_GetFSCfgDesc)
    i.USBD_CDC_GetHSCfgDesc                  0x080039bc   Section        0  usbd_cdc.o(i.USBD_CDC_GetHSCfgDesc)
    USBD_CDC_GetHSCfgDesc                    0x080039bd   Thumb Code    10  usbd_cdc.o(i.USBD_CDC_GetHSCfgDesc)
    i.USBD_CDC_GetOtherSpeedCfgDesc          0x080039cc   Section        0  usbd_cdc.o(i.USBD_CDC_GetOtherSpeedCfgDesc)
    USBD_CDC_GetOtherSpeedCfgDesc            0x080039cd   Thumb Code    10  usbd_cdc.o(i.USBD_CDC_GetOtherSpeedCfgDesc)
    i.USBD_CDC_Init                          0x080039dc   Section        0  usbd_cdc.o(i.USBD_CDC_Init)
    USBD_CDC_Init                            0x080039dd   Thumb Code   162  usbd_cdc.o(i.USBD_CDC_Init)
    i.USBD_CDC_RegisterInterface             0x08003a84   Section        0  usbd_cdc.o(i.USBD_CDC_RegisterInterface)
    i.USBD_CDC_SetRxBuffer                   0x08003a92   Section        0  usbd_cdc.o(i.USBD_CDC_SetRxBuffer)
    i.USBD_CDC_SetTxBuffer                   0x08003aa0   Section        0  usbd_cdc.o(i.USBD_CDC_SetTxBuffer)
    i.USBD_CDC_Setup                         0x08003ab4   Section        0  usbd_cdc.o(i.USBD_CDC_Setup)
    USBD_CDC_Setup                           0x08003ab5   Thumb Code   138  usbd_cdc.o(i.USBD_CDC_Setup)
    i.USBD_CDC_TransmitPacket                0x08003b44   Section        0  usbd_cdc.o(i.USBD_CDC_TransmitPacket)
    i.USBD_ClrClassConfig                    0x08003b7c   Section        0  usbd_core.o(i.USBD_ClrClassConfig)
    i.USBD_ClrFeature                        0x08003b92   Section        0  usbd_ctlreq.o(i.USBD_ClrFeature)
    USBD_ClrFeature                          0x08003b93   Thumb Code    68  usbd_ctlreq.o(i.USBD_ClrFeature)
    i.USBD_CtlContinueRx                     0x08003bd6   Section        0  usbd_ioreq.o(i.USBD_CtlContinueRx)
    i.USBD_CtlContinueSendData               0x08003bee   Section        0  usbd_ioreq.o(i.USBD_CtlContinueSendData)
    i.USBD_CtlError                          0x08003c06   Section        0  usbd_ctlreq.o(i.USBD_CtlError)
    i.USBD_CtlPrepareRx                      0x08003c1e   Section        0  usbd_ioreq.o(i.USBD_CtlPrepareRx)
    i.USBD_CtlReceiveStatus                  0x08003c46   Section        0  usbd_ioreq.o(i.USBD_CtlReceiveStatus)
    i.USBD_CtlSendData                       0x08003c60   Section        0  usbd_ioreq.o(i.USBD_CtlSendData)
    i.USBD_CtlSendStatus                     0x08003c82   Section        0  usbd_ioreq.o(i.USBD_CtlSendStatus)
    i.USBD_GetConfig                         0x08003c9c   Section        0  usbd_ctlreq.o(i.USBD_GetConfig)
    USBD_GetConfig                           0x08003c9d   Thumb Code    80  usbd_ctlreq.o(i.USBD_GetConfig)
    i.USBD_GetDescriptor                     0x08003cec   Section        0  usbd_ctlreq.o(i.USBD_GetDescriptor)
    USBD_GetDescriptor                       0x08003ced   Thumb Code   328  usbd_ctlreq.o(i.USBD_GetDescriptor)
    i.USBD_GetLen                            0x08003e34   Section        0  usbd_ctlreq.o(i.USBD_GetLen)
    USBD_GetLen                              0x08003e35   Thumb Code    20  usbd_ctlreq.o(i.USBD_GetLen)
    i.USBD_GetStatus                         0x08003e48   Section        0  usbd_ctlreq.o(i.USBD_GetStatus)
    USBD_GetStatus                           0x08003e49   Thumb Code    68  usbd_ctlreq.o(i.USBD_GetStatus)
    i.USBD_GetString                         0x08003e8c   Section        0  usbd_ctlreq.o(i.USBD_GetString)
    i.USBD_Init                              0x08003ede   Section        0  usbd_core.o(i.USBD_Init)
    i.USBD_LL_ClearStallEP                   0x08003f10   Section        0  usbd_conf.o(i.USBD_LL_ClearStallEP)
    i.USBD_LL_CloseEP                        0x08003f24   Section        0  usbd_conf.o(i.USBD_LL_CloseEP)
    i.USBD_LL_DataInStage                    0x08003f38   Section        0  usbd_core.o(i.USBD_LL_DataInStage)
    i.USBD_LL_DataOutStage                   0x08004012   Section        0  usbd_core.o(i.USBD_LL_DataOutStage)
    i.USBD_LL_DevConnected                   0x08004098   Section        0  usbd_core.o(i.USBD_LL_DevConnected)
    i.USBD_LL_DevDisconnected                0x0800409e   Section        0  usbd_core.o(i.USBD_LL_DevDisconnected)
    i.USBD_LL_GetRxDataSize                  0x080040b8   Section        0  usbd_conf.o(i.USBD_LL_GetRxDataSize)
    i.USBD_LL_Init                           0x080040cc   Section        0  usbd_conf.o(i.USBD_LL_Init)
    i.USBD_LL_IsStallEP                      0x08004130   Section        0  usbd_conf.o(i.USBD_LL_IsStallEP)
    i.USBD_LL_IsoINIncomplete                0x08004168   Section        0  usbd_core.o(i.USBD_LL_IsoINIncomplete)
    i.USBD_LL_IsoOUTIncomplete               0x0800416e   Section        0  usbd_core.o(i.USBD_LL_IsoOUTIncomplete)
    i.USBD_LL_OpenEP                         0x08004174   Section        0  usbd_conf.o(i.USBD_LL_OpenEP)
    i.USBD_LL_PrepareReceive                 0x08004194   Section        0  usbd_conf.o(i.USBD_LL_PrepareReceive)
    i.USBD_LL_Reset                          0x080041b4   Section        0  usbd_core.o(i.USBD_LL_Reset)
    i.USBD_LL_Resume                         0x080041f8   Section        0  usbd_core.o(i.USBD_LL_Resume)
    i.USBD_LL_SOF                            0x08004206   Section        0  usbd_core.o(i.USBD_LL_SOF)
    i.USBD_LL_SetSpeed                       0x08004228   Section        0  usbd_core.o(i.USBD_LL_SetSpeed)
    i.USBD_LL_SetUSBAddress                  0x08004230   Section        0  usbd_conf.o(i.USBD_LL_SetUSBAddress)
    i.USBD_LL_SetupStage                     0x08004244   Section        0  usbd_core.o(i.USBD_LL_SetupStage)
    i.USBD_LL_StallEP                        0x080042b2   Section        0  usbd_conf.o(i.USBD_LL_StallEP)
    i.USBD_LL_Start                          0x080042c6   Section        0  usbd_conf.o(i.USBD_LL_Start)
    i.USBD_LL_Suspend                        0x080042d6   Section        0  usbd_core.o(i.USBD_LL_Suspend)
    i.USBD_LL_Transmit                       0x080042ea   Section        0  usbd_conf.o(i.USBD_LL_Transmit)
    i.USBD_ParseSetupRequest                 0x0800430a   Section        0  usbd_ctlreq.o(i.USBD_ParseSetupRequest)
    i.USBD_RegisterClass                     0x08004332   Section        0  usbd_core.o(i.USBD_RegisterClass)
    i.USBD_RunTestMode                       0x08004342   Section        0  usbd_core.o(i.USBD_RunTestMode)
    i.USBD_SetAddress                        0x08004348   Section        0  usbd_ctlreq.o(i.USBD_SetAddress)
    USBD_SetAddress                          0x08004349   Thumb Code    84  usbd_ctlreq.o(i.USBD_SetAddress)
    i.USBD_SetClassConfig                    0x0800439c   Section        0  usbd_core.o(i.USBD_SetClassConfig)
    i.USBD_SetConfig                         0x080043c0   Section        0  usbd_ctlreq.o(i.USBD_SetConfig)
    USBD_SetConfig                           0x080043c1   Thumb Code   218  usbd_ctlreq.o(i.USBD_SetConfig)
    i.USBD_SetFeature                        0x080044a0   Section        0  usbd_ctlreq.o(i.USBD_SetFeature)
    USBD_SetFeature                          0x080044a1   Thumb Code    36  usbd_ctlreq.o(i.USBD_SetFeature)
    i.USBD_Start                             0x080044c4   Section        0  usbd_core.o(i.USBD_Start)
    i.USBD_StdDevReq                         0x080044d2   Section        0  usbd_ctlreq.o(i.USBD_StdDevReq)
    i.USBD_StdEPReq                          0x08004544   Section        0  usbd_ctlreq.o(i.USBD_StdEPReq)
    i.USBD_StdItfReq                         0x0800469a   Section        0  usbd_ctlreq.o(i.USBD_StdItfReq)
    i.USBD_VCP_ConfigStrDescriptor           0x080046e4   Section        0  usbd_desc.o(i.USBD_VCP_ConfigStrDescriptor)
    i.USBD_VCP_DeviceDescriptor              0x08004708   Section        0  usbd_desc.o(i.USBD_VCP_DeviceDescriptor)
    i.USBD_VCP_InterfaceStrDescriptor        0x08004718   Section        0  usbd_desc.o(i.USBD_VCP_InterfaceStrDescriptor)
    i.USBD_VCP_LangIDStrDescriptor           0x08004740   Section        0  usbd_desc.o(i.USBD_VCP_LangIDStrDescriptor)
    i.USBD_VCP_ManufacturerStrDescriptor     0x08004750   Section        0  usbd_desc.o(i.USBD_VCP_ManufacturerStrDescriptor)
    i.USBD_VCP_ProductStrDescriptor          0x0800477c   Section        0  usbd_desc.o(i.USBD_VCP_ProductStrDescriptor)
    i.USBD_VCP_SerialStrDescriptor           0x080047ac   Section        0  usbd_desc.o(i.USBD_VCP_SerialStrDescriptor)
    i.USB_ActivateEndpoint                   0x080047c4   Section        0  stm32f4xx_ll_usb.o(i.USB_ActivateEndpoint)
    i.USB_ActivateSetup                      0x08004884   Section        0  stm32f4xx_ll_usb.o(i.USB_ActivateSetup)
    i.USB_CoreInit                           0x080048c8   Section        0  stm32f4xx_ll_usb.o(i.USB_CoreInit)
    i.USB_CoreReset                          0x08004938   Section        0  stm32f4xx_ll_usb.o(i.USB_CoreReset)
    USB_CoreReset                            0x08004939   Thumb Code    66  stm32f4xx_ll_usb.o(i.USB_CoreReset)
    i.USB_DeactivateEndpoint                 0x08004980   Section        0  stm32f4xx_ll_usb.o(i.USB_DeactivateEndpoint)
    i.USB_DevConnect                         0x08004a28   Section        0  stm32f4xx_ll_usb.o(i.USB_DevConnect)
    i.USB_DevDisconnect                      0x08004a46   Section        0  stm32f4xx_ll_usb.o(i.USB_DevDisconnect)
    i.USB_DevInit                            0x08004a64   Section        0  stm32f4xx_ll_usb.o(i.USB_DevInit)
    i.USB_DisableGlobalInt                   0x08004c08   Section        0  stm32f4xx_ll_usb.o(i.USB_DisableGlobalInt)
    i.USB_EP0StartXfer                       0x08004c18   Section        0  stm32f4xx_ll_usb.o(i.USB_EP0StartXfer)
    i.USB_EP0_OutStart                       0x08004dc8   Section        0  stm32f4xx_ll_usb.o(i.USB_EP0_OutStart)
    i.USB_EPClearStall                       0x08004e0c   Section        0  stm32f4xx_ll_usb.o(i.USB_EPClearStall)
    i.USB_EPSetStall                         0x08004e94   Section        0  stm32f4xx_ll_usb.o(i.USB_EPSetStall)
    i.USB_EPStartXfer                        0x08004f20   Section        0  stm32f4xx_ll_usb.o(i.USB_EPStartXfer)
    i.USB_EnableGlobalInt                    0x080051f0   Section        0  stm32f4xx_ll_usb.o(i.USB_EnableGlobalInt)
    i.USB_FlushRxFifo                        0x08005200   Section        0  stm32f4xx_ll_usb.o(i.USB_FlushRxFifo)
    i.USB_FlushTxFifo                        0x0800522c   Section        0  stm32f4xx_ll_usb.o(i.USB_FlushTxFifo)
    i.USB_GetDevSpeed                        0x0800525c   Section        0  stm32f4xx_ll_usb.o(i.USB_GetDevSpeed)
    i.USB_GetMode                            0x080052a0   Section        0  stm32f4xx_ll_usb.o(i.USB_GetMode)
    i.USB_ReadDevAllInEpInterrupt            0x080052aa   Section        0  stm32f4xx_ll_usb.o(i.USB_ReadDevAllInEpInterrupt)
    i.USB_ReadDevAllOutEpInterrupt           0x080052bc   Section        0  stm32f4xx_ll_usb.o(i.USB_ReadDevAllOutEpInterrupt)
    i.USB_ReadDevInEPInterrupt               0x080052ce   Section        0  stm32f4xx_ll_usb.o(i.USB_ReadDevInEPInterrupt)
    i.USB_ReadDevOutEPInterrupt              0x080052fa   Section        0  stm32f4xx_ll_usb.o(i.USB_ReadDevOutEPInterrupt)
    i.USB_ReadInterrupts                     0x08005310   Section        0  stm32f4xx_ll_usb.o(i.USB_ReadInterrupts)
    i.USB_ReadPacket                         0x0800531c   Section        0  stm32f4xx_ll_usb.o(i.USB_ReadPacket)
    i.USB_SetCurrentMode                     0x0800533e   Section        0  stm32f4xx_ll_usb.o(i.USB_SetCurrentMode)
    i.USB_SetDevAddress                      0x0800536e   Section        0  stm32f4xx_ll_usb.o(i.USB_SetDevAddress)
    i.USB_SetDevSpeed                        0x08005396   Section        0  stm32f4xx_ll_usb.o(i.USB_SetDevSpeed)
    i.USB_WritePacket                        0x080053aa   Section        0  stm32f4xx_ll_usb.o(i.USB_WritePacket)
    i.UsageFault_Handler                     0x080053da   Section        0  stm32f4xx_it.o(i.UsageFault_Handler)
    i.__0printf$8                            0x080053e0   Section        0  printf8.o(i.__0printf$8)
    i.__io_putchar                           0x08005400   Section        0  usbd_cdc_interface.o(i.__io_putchar)
    i.__scatterload_copy                     0x08005422   Section       14  handlers.o(i.__scatterload_copy)
    i.__scatterload_null                     0x08005430   Section        2  handlers.o(i.__scatterload_null)
    i.__scatterload_zeroinit                 0x08005432   Section       14  handlers.o(i.__scatterload_zeroinit)
    i._printf_core                           0x08005440   Section        0  printf8.o(i._printf_core)
    _printf_core                             0x08005441   Thumb Code   988  printf8.o(i._printf_core)
    i._printf_post_padding                   0x08005848   Section        0  printf8.o(i._printf_post_padding)
    _printf_post_padding                     0x08005849   Thumb Code    38  printf8.o(i._printf_post_padding)
    i._printf_pre_padding                    0x0800586e   Section        0  printf8.o(i._printf_pre_padding)
    _printf_pre_padding                      0x0800586f   Thumb Code    48  printf8.o(i._printf_pre_padding)
    i.cdc_fifo_put                           0x080058a0   Section        0  usbd_cdc_interface.o(i.cdc_fifo_put)
    cdc_fifo_put                             0x080058a1   Thumb Code    46  usbd_cdc_interface.o(i.cdc_fifo_put)
    i.cdc_write                              0x080058dc   Section        0  usbd_cdc_interface.o(i.cdc_write)
    cdc_write                                0x080058dd   Thumb Code    38  usbd_cdc_interface.o(i.cdc_write)
    i.delayInit                              0x08005904   Section        0  util.o(i.delayInit)
    i.delayWaitms                            0x08005930   Section        0  util.o(i.delayWaitms)
    i.delayWaitus                            0x08005948   Section        0  util.o(i.delayWaitus)
    i.fputc                                  0x0800599c   Section        0  usbd_cdc_interface.o(i.fputc)
    i.main                                   0x080059ac   Section        0  main.o(i.main)
    i.millis                                 0x08005af0   Section        0  usart.o(i.millis)
    i.motor_dir                              0x08005af8   Section        0  main.o(i.motor_dir)
    i.motor_enable                           0x08005b70   Section        0  main.o(i.motor_enable)
    i.reset_IT                               0x08005bd4   Section        0  usart.o(i.reset_IT)
    i.usb_init                               0x08005c1c   Section        0  main.o(i.usb_init)
    .constdata                               0x08005c50   Section       16  stm32f4xx_hal_rcc.o(.constdata)
    .data                                    0x20000000   Section        4  stm32f4xx_hal.o(.data)
    .data                                    0x20000004   Section        4  system_stm32f4xx.o(.data)
    .data                                    0x20000008   Section       36  usbd_cdc_interface.o(.data)
    .data                                    0x2000002c   Section        4  usbd_conf.o(.data)
    .data                                    0x20000030   Section       78  usbd_desc.o(.data)
    .data                                    0x20000080   Section       12  util.o(.data)
    ticks                                    0x20000080   Data           4  util.o(.data)
    first                                    0x20000084   Data           4  util.o(.data)
    us_ticks                                 0x20000088   Data           4  util.o(.data)
    .data                                    0x2000008c   Section       14  usart.o(.data)
    .data                                    0x2000009a   Section        1  usbd_ctlreq.o(.data)
    cfgidx                                   0x2000009a   Data           1  usbd_ctlreq.o(.data)
    .data                                    0x2000009c   Section      272  usbd_cdc.o(.data)
    USBD_CDC_DeviceQualifierDesc             0x2000009c   Data          10  usbd_cdc.o(.data)
    ifalt                                    0x200001ab   Data           1  usbd_cdc.o(.data)
    .data                                    0x200001ac   Section        4  stdout.o(.data)
    .bss                                     0x200001b0   Section     1896  main.o(.bss)
    .bss                                     0x20000918   Section     4220  usbd_cdc_interface.o(.bss)
    .bss                                     0x20001994   Section     1492  usbd_conf.o(.bss)
    .bss                                     0x20001f68   Section      256  usbd_desc.o(.bss)
    .bss                                     0x20002068   Section      236  usart.o(.bss)
    .bss                                     0x20002154   Section       88  spi.o(.bss)
    STACK                                    0x200021b0   Section     1024  startup_stm32f407xx.o(STACK)

    Global Symbols

    Symbol Name                              Value     Ov Type        Size  Object(Section)

    BuildAttributes$$THM_ISAv4$E$P$D$K$B$S$7EM$VFPi3$EXTD16$VFPS$VFMA$PE$A:L22UL41UL21$X:L11$S22US41US21$IEEE1$IW$USESV6$~STKCKD$USESV7$~SHL$OTIME$ROPI$IEEEJ$EBA8$MICROLIB$REQ8$PRES8$EABIv2 0x00000000   Number         0  anon$$obj.o ABSOLUTE
    __ARM_use_no_argv                        0x00000000   Number         0  main.o ABSOLUTE
    _printf_a                                0x00000000   Number         0  stubs.o ABSOLUTE
    _printf_c                                0x00000000   Number         0  stubs.o ABSOLUTE
    _printf_charcount                        0x00000000   Number         0  stubs.o ABSOLUTE
    _printf_d                                0x00000000   Number         0  stubs.o ABSOLUTE
    _printf_e                                0x00000000   Number         0  stubs.o ABSOLUTE
    _printf_f                                0x00000000   Number         0  stubs.o ABSOLUTE
    _printf_flags                            0x00000000   Number         0  stubs.o ABSOLUTE
    _printf_fp_dec                           0x00000000   Number         0  stubs.o ABSOLUTE
    _printf_fp_hex                           0x00000000   Number         0  stubs.o ABSOLUTE
    _printf_g                                0x00000000   Number         0  stubs.o ABSOLUTE
    _printf_i                                0x00000000   Number         0  stubs.o ABSOLUTE
    _printf_int_dec                          0x00000000   Number         0  stubs.o ABSOLUTE
    _printf_l                                0x00000000   Number         0  stubs.o ABSOLUTE
    _printf_lc                               0x00000000   Number         0  stubs.o ABSOLUTE
    _printf_ll                               0x00000000   Number         0  stubs.o ABSOLUTE
    _printf_lld                              0x00000000   Number         0  stubs.o ABSOLUTE
    _printf_lli                              0x00000000   Number         0  stubs.o ABSOLUTE
    _printf_llo                              0x00000000   Number         0  stubs.o ABSOLUTE
    _printf_llu                              0x00000000   Number         0  stubs.o ABSOLUTE
    _printf_llx                              0x00000000   Number         0  stubs.o ABSOLUTE
    _printf_longlong_dec                     0x00000000   Number         0  stubs.o ABSOLUTE
    _printf_longlong_hex                     0x00000000   Number         0  stubs.o ABSOLUTE
    _printf_longlong_oct                     0x00000000   Number         0  stubs.o ABSOLUTE
    _printf_ls                               0x00000000   Number         0  stubs.o ABSOLUTE
    _printf_mbtowc                           0x00000000   Number         0  stubs.o ABSOLUTE
    _printf_n                                0x00000000   Number         0  stubs.o ABSOLUTE
    _printf_o                                0x00000000   Number         0  stubs.o ABSOLUTE
    _printf_p                                0x00000000   Number         0  stubs.o ABSOLUTE
    _printf_percent                          0x00000000   Number         0  stubs.o ABSOLUTE
    _printf_pre_padding                      0x00000000   Number         0  stubs.o ABSOLUTE
    _printf_return_value                     0x00000000   Number         0  stubs.o ABSOLUTE
    _printf_s                                0x00000000   Number         0  stubs.o ABSOLUTE
    _printf_sizespec                         0x00000000   Number         0  stubs.o ABSOLUTE
    _printf_str                              0x00000000   Number         0  stubs.o ABSOLUTE
    _printf_truncate_signed                  0x00000000   Number         0  stubs.o ABSOLUTE
    _printf_truncate_unsigned                0x00000000   Number         0  stubs.o ABSOLUTE
    _printf_u                                0x00000000   Number         0  stubs.o ABSOLUTE
    _printf_wc                               0x00000000   Number         0  stubs.o ABSOLUTE
    _printf_wctomb                           0x00000000   Number         0  stubs.o ABSOLUTE
    _printf_widthprec                        0x00000000   Number         0  stubs.o ABSOLUTE
    _printf_x                                0x00000000   Number         0  stubs.o ABSOLUTE
    __cpp_initialize__aeabi_                  - Undefined Weak Reference
    __cxa_finalize                            - Undefined Weak Reference
    _clock_init                               - Undefined Weak Reference
    _microlib_exit                            - Undefined Weak Reference
    __Vectors_Size                           0x00000188   Number         0  startup_stm32f407xx.o ABSOLUTE
    __Vectors                                0x08000000   Data           4  startup_stm32f407xx.o(RESET)
    __Vectors_End                            0x08000188   Data           0  startup_stm32f407xx.o(RESET)
    __main                                   0x08000189   Thumb Code     0  entry.o(.ARM.Collect$$$$00000000)
    _main_stk                                0x08000189   Thumb Code     0  entry2.o(.ARM.Collect$$$$00000001)
    _main_scatterload                        0x0800018d   Thumb Code     0  entry5.o(.ARM.Collect$$$$00000004)
    __main_after_scatterload                 0x08000191   Thumb Code     0  entry5.o(.ARM.Collect$$$$00000004)
    _main_clock                              0x08000191   Thumb Code     0  entry7b.o(.ARM.Collect$$$$00000008)
    _main_cpp_init                           0x08000191   Thumb Code     0  entry8b.o(.ARM.Collect$$$$0000000A)
    _main_init                               0x08000191   Thumb Code     0  entry9a.o(.ARM.Collect$$$$0000000B)
    __rt_final_cpp                           0x08000199   Thumb Code     0  entry10a.o(.ARM.Collect$$$$0000000D)
    __rt_final_exit                          0x08000199   Thumb Code     0  entry11a.o(.ARM.Collect$$$$0000000F)
    Reset_Handler                            0x0800019d   Thumb Code     8  startup_stm32f407xx.o(.text)
    SVC_Handler                              0x080001af   Thumb Code     2  startup_stm32f407xx.o(.text)
    PendSV_Handler                           0x080001b3   Thumb Code     2  startup_stm32f407xx.o(.text)
    ADC_IRQHandler                           0x080001b7   Thumb Code     0  startup_stm32f407xx.o(.text)
    CAN1_RX0_IRQHandler                      0x080001b7   Thumb Code     0  startup_stm32f407xx.o(.text)
    CAN1_RX1_IRQHandler                      0x080001b7   Thumb Code     0  startup_stm32f407xx.o(.text)
    CAN1_SCE_IRQHandler                      0x080001b7   Thumb Code     0  startup_stm32f407xx.o(.text)
    CAN1_TX_IRQHandler                       0x080001b7   Thumb Code     0  startup_stm32f407xx.o(.text)
    CAN2_RX0_IRQHandler                      0x080001b7   Thumb Code     0  startup_stm32f407xx.o(.text)
    CAN2_RX1_IRQHandler                      0x080001b7   Thumb Code     0  startup_stm32f407xx.o(.text)
    CAN2_SCE_IRQHandler                      0x080001b7   Thumb Code     0  startup_stm32f407xx.o(.text)
    CAN2_TX_IRQHandler                       0x080001b7   Thumb Code     0  startup_stm32f407xx.o(.text)
    DCMI_IRQHandler                          0x080001b7   Thumb Code     0  startup_stm32f407xx.o(.text)
    DMA1_Stream0_IRQHandler                  0x080001b7   Thumb Code     0  startup_stm32f407xx.o(.text)
    DMA1_Stream1_IRQHandler                  0x080001b7   Thumb Code     0  startup_stm32f407xx.o(.text)
    DMA1_Stream2_IRQHandler                  0x080001b7   Thumb Code     0  startup_stm32f407xx.o(.text)
    DMA1_Stream3_IRQHandler                  0x080001b7   Thumb Code     0  startup_stm32f407xx.o(.text)
    DMA1_Stream4_IRQHandler                  0x080001b7   Thumb Code     0  startup_stm32f407xx.o(.text)
    DMA1_Stream5_IRQHandler                  0x080001b7   Thumb Code     0  startup_stm32f407xx.o(.text)
    DMA1_Stream6_IRQHandler                  0x080001b7   Thumb Code     0  startup_stm32f407xx.o(.text)
    DMA1_Stream7_IRQHandler                  0x080001b7   Thumb Code     0  startup_stm32f407xx.o(.text)
    DMA2_Stream0_IRQHandler                  0x080001b7   Thumb Code     0  startup_stm32f407xx.o(.text)
    DMA2_Stream1_IRQHandler                  0x080001b7   Thumb Code     0  startup_stm32f407xx.o(.text)
    DMA2_Stream2_IRQHandler                  0x080001b7   Thumb Code     0  startup_stm32f407xx.o(.text)
    DMA2_Stream3_IRQHandler                  0x080001b7   Thumb Code     0  startup_stm32f407xx.o(.text)
    DMA2_Stream4_IRQHandler                  0x080001b7   Thumb Code     0  startup_stm32f407xx.o(.text)
    DMA2_Stream5_IRQHandler                  0x080001b7   Thumb Code     0  startup_stm32f407xx.o(.text)
    DMA2_Stream6_IRQHandler                  0x080001b7   Thumb Code     0  startup_stm32f407xx.o(.text)
    DMA2_Stream7_IRQHandler                  0x080001b7   Thumb Code     0  startup_stm32f407xx.o(.text)
    ETH_IRQHandler                           0x080001b7   Thumb Code     0  startup_stm32f407xx.o(.text)
    ETH_WKUP_IRQHandler                      0x080001b7   Thumb Code     0  startup_stm32f407xx.o(.text)
    EXTI0_IRQHandler                         0x080001b7   Thumb Code     0  startup_stm32f407xx.o(.text)
    EXTI15_10_IRQHandler                     0x080001b7   Thumb Code     0  startup_stm32f407xx.o(.text)
    EXTI1_IRQHandler                         0x080001b7   Thumb Code     0  startup_stm32f407xx.o(.text)
    EXTI2_IRQHandler                         0x080001b7   Thumb Code     0  startup_stm32f407xx.o(.text)
    EXTI3_IRQHandler                         0x080001b7   Thumb Code     0  startup_stm32f407xx.o(.text)
    EXTI4_IRQHandler                         0x080001b7   Thumb Code     0  startup_stm32f407xx.o(.text)
    EXTI9_5_IRQHandler                       0x080001b7   Thumb Code     0  startup_stm32f407xx.o(.text)
    FLASH_IRQHandler                         0x080001b7   Thumb Code     0  startup_stm32f407xx.o(.text)
    FMC_IRQHandler                           0x080001b7   Thumb Code     0  startup_stm32f407xx.o(.text)
    FPU_IRQHandler                           0x080001b7   Thumb Code     0  startup_stm32f407xx.o(.text)
    HASH_RNG_IRQHandler                      0x080001b7   Thumb Code     0  startup_stm32f407xx.o(.text)
    I2C1_ER_IRQHandler                       0x080001b7   Thumb Code     0  startup_stm32f407xx.o(.text)
    I2C1_EV_IRQHandler                       0x080001b7   Thumb Code     0  startup_stm32f407xx.o(.text)
    I2C2_ER_IRQHandler                       0x080001b7   Thumb Code     0  startup_stm32f407xx.o(.text)
    I2C2_EV_IRQHandler                       0x080001b7   Thumb Code     0  startup_stm32f407xx.o(.text)
    I2C3_ER_IRQHandler                       0x080001b7   Thumb Code     0  startup_stm32f407xx.o(.text)
    I2C3_EV_IRQHandler                       0x080001b7   Thumb Code     0  startup_stm32f407xx.o(.text)
    OTG_FS_IRQHandler                        0x080001b7   Thumb Code     0  startup_stm32f407xx.o(.text)
    OTG_FS_WKUP_IRQHandler                   0x080001b7   Thumb Code     0  startup_stm32f407xx.o(.text)
    OTG_HS_EP1_IN_IRQHandler                 0x080001b7   Thumb Code     0  startup_stm32f407xx.o(.text)
    OTG_HS_EP1_OUT_IRQHandler                0x080001b7   Thumb Code     0  startup_stm32f407xx.o(.text)
    OTG_HS_WKUP_IRQHandler                   0x080001b7   Thumb Code     0  startup_stm32f407xx.o(.text)
    PVD_IRQHandler                           0x080001b7   Thumb Code     0  startup_stm32f407xx.o(.text)
    RCC_IRQHandler                           0x080001b7   Thumb Code     0  startup_stm32f407xx.o(.text)
    RTC_Alarm_IRQHandler                     0x080001b7   Thumb Code     0  startup_stm32f407xx.o(.text)
    RTC_WKUP_IRQHandler                      0x080001b7   Thumb Code     0  startup_stm32f407xx.o(.text)
    SDIO_IRQHandler                          0x080001b7   Thumb Code     0  startup_stm32f407xx.o(.text)
    SPI1_IRQHandler                          0x080001b7   Thumb Code     0  startup_stm32f407xx.o(.text)
    SPI2_IRQHandler                          0x080001b7   Thumb Code     0  startup_stm32f407xx.o(.text)
    SPI3_IRQHandler                          0x080001b7   Thumb Code     0  startup_stm32f407xx.o(.text)
    TAMP_STAMP_IRQHandler                    0x080001b7   Thumb Code     0  startup_stm32f407xx.o(.text)
    TIM1_BRK_TIM9_IRQHandler                 0x080001b7   Thumb Code     0  startup_stm32f407xx.o(.text)
    TIM1_CC_IRQHandler                       0x080001b7   Thumb Code     0  startup_stm32f407xx.o(.text)
    TIM1_TRG_COM_TIM11_IRQHandler            0x080001b7   Thumb Code     0  startup_stm32f407xx.o(.text)
    TIM1_UP_TIM10_IRQHandler                 0x080001b7   Thumb Code     0  startup_stm32f407xx.o(.text)
    TIM2_IRQHandler                          0x080001b7   Thumb Code     0  startup_stm32f407xx.o(.text)
    TIM3_IRQHandler                          0x080001b7   Thumb Code     0  startup_stm32f407xx.o(.text)
    TIM5_IRQHandler                          0x080001b7   Thumb Code     0  startup_stm32f407xx.o(.text)
    TIM6_DAC_IRQHandler                      0x080001b7   Thumb Code     0  startup_stm32f407xx.o(.text)
    TIM7_IRQHandler                          0x080001b7   Thumb Code     0  startup_stm32f407xx.o(.text)
    TIM8_BRK_TIM12_IRQHandler                0x080001b7   Thumb Code     0  startup_stm32f407xx.o(.text)
    TIM8_CC_IRQHandler                       0x080001b7   Thumb Code     0  startup_stm32f407xx.o(.text)
    TIM8_TRG_COM_TIM14_IRQHandler            0x080001b7   Thumb Code     0  startup_stm32f407xx.o(.text)
    TIM8_UP_TIM13_IRQHandler                 0x080001b7   Thumb Code     0  startup_stm32f407xx.o(.text)
    UART4_IRQHandler                         0x080001b7   Thumb Code     0  startup_stm32f407xx.o(.text)
    UART5_IRQHandler                         0x080001b7   Thumb Code     0  startup_stm32f407xx.o(.text)
    USART2_IRQHandler                        0x080001b7   Thumb Code     0  startup_stm32f407xx.o(.text)
    USART6_IRQHandler                        0x080001b7   Thumb Code     0  startup_stm32f407xx.o(.text)
    WWDG_IRQHandler                          0x080001b7   Thumb Code     0  startup_stm32f407xx.o(.text)
    __aeabi_memcpy                           0x080001c1   Thumb Code    36  memcpya.o(.text)
    __aeabi_memcpy4                          0x080001c1   Thumb Code     0  memcpya.o(.text)
    __aeabi_memcpy8                          0x080001c1   Thumb Code     0  memcpya.o(.text)
    __aeabi_uldivmod                         0x080001e5   Thumb Code    98  uldiv.o(.text)
    __aeabi_llsl                             0x08000247   Thumb Code    30  llshl.o(.text)
    _ll_shift_l                              0x08000247   Thumb Code     0  llshl.o(.text)
    __scatterload                            0x08000265   Thumb Code    28  init.o(.text)
    __scatterload_rt2                        0x08000265   Thumb Code     0  init.o(.text)
    __aeabi_llsr                             0x08000289   Thumb Code    32  llushr.o(.text)
    _ll_ushift_r                             0x08000289   Thumb Code     0  llushr.o(.text)
    __decompress                             0x080002a9   Thumb Code     0  __dczerorl2.o(.text)
    __decompress1                            0x080002a9   Thumb Code    92  __dczerorl2.o(.text)
    BusFault_Handler                         0x08000305   Thumb Code     4  stm32f4xx_it.o(i.BusFault_Handler)
    DebugMon_Handler                         0x080003eb   Thumb Code     2  stm32f4xx_it.o(i.DebugMon_Handler)
    Error_Handler                            0x080003ed   Thumb Code     4  main.o(i.Error_Handler)
    HAL_Delay                                0x08000425   Thumb Code    12  util.o(i.HAL_Delay)
    HAL_GPIO_Init                            0x08000431   Thumb Code   476  stm32f4xx_hal_gpio.o(i.HAL_GPIO_Init)
    HAL_GPIO_WritePin                        0x0800063d   Thumb Code    12  stm32f4xx_hal_gpio.o(i.HAL_GPIO_WritePin)
    HAL_GetTick                              0x08000649   Thumb Code     6  stm32f4xx_hal.o(i.HAL_GetTick)
    HAL_IncTick                              0x08000655   Thumb Code    12  stm32f4xx_hal.o(i.HAL_IncTick)
    HAL_Init                                 0x08000665   Thumb Code    54  stm32f4xx_hal.o(i.HAL_Init)
    HAL_InitTick                             0x080006a1   Thumb Code    36  stm32f4xx_hal.o(i.HAL_InitTick)
    HAL_MspInit                              0x080006c5   Thumb Code    66  stm32f4xx_hal_msp.o(i.HAL_MspInit)
    HAL_NVIC_EnableIRQ                       0x08000707   Thumb Code    28  stm32f4xx_hal_cortex.o(i.HAL_NVIC_EnableIRQ)
    HAL_NVIC_SetPriority                     0x08000723   Thumb Code   124  stm32f4xx_hal_cortex.o(i.HAL_NVIC_SetPriority)
    HAL_NVIC_SetPriorityGrouping             0x080007a1   Thumb Code    32  stm32f4xx_hal_cortex.o(i.HAL_NVIC_SetPriorityGrouping)
    HAL_PCDEx_SetRxFiFo                      0x080007c9   Thumb Code    10  stm32f4xx_hal_pcd_ex.o(i.HAL_PCDEx_SetRxFiFo)
    HAL_PCDEx_SetTxFiFo                      0x080007d3   Thumb Code    82  stm32f4xx_hal_pcd_ex.o(i.HAL_PCDEx_SetTxFiFo)
    HAL_PCD_ConnectCallback                  0x08000825   Thumb Code    14  usbd_conf.o(i.HAL_PCD_ConnectCallback)
    HAL_PCD_DataInStageCallback              0x08000833   Thumb Code    32  usbd_conf.o(i.HAL_PCD_DataInStageCallback)
    HAL_PCD_DataOutStageCallback             0x08000853   Thumb Code    32  usbd_conf.o(i.HAL_PCD_DataOutStageCallback)
    HAL_PCD_DisconnectCallback               0x08000873   Thumb Code    14  usbd_conf.o(i.HAL_PCD_DisconnectCallback)
    HAL_PCD_EP_Close                         0x08000881   Thumb Code   106  stm32f4xx_hal_pcd.o(i.HAL_PCD_EP_Close)
    HAL_PCD_EP_ClrStall                      0x080008eb   Thumb Code   104  stm32f4xx_hal_pcd.o(i.HAL_PCD_EP_ClrStall)
    HAL_PCD_EP_GetRxCount                    0x08000953   Thumb Code    24  stm32f4xx_hal_pcd.o(i.HAL_PCD_EP_GetRxCount)
    HAL_PCD_EP_Open                          0x0800096b   Thumb Code   140  stm32f4xx_hal_pcd.o(i.HAL_PCD_EP_Open)
    HAL_PCD_EP_Receive                       0x080009f7   Thumb Code   120  stm32f4xx_hal_pcd.o(i.HAL_PCD_EP_Receive)
    HAL_PCD_EP_SetStall                      0x08000a6f   Thumb Code   122  stm32f4xx_hal_pcd.o(i.HAL_PCD_EP_SetStall)
    HAL_PCD_EP_Transmit                      0x08000ae9   Thumb Code   122  stm32f4xx_hal_pcd.o(i.HAL_PCD_EP_Transmit)
    HAL_PCD_IRQHandler                       0x08000b63   Thumb Code  1368  stm32f4xx_hal_pcd.o(i.HAL_PCD_IRQHandler)
    HAL_PCD_ISOINIncompleteCallback          0x080010bb   Thumb Code    18  usbd_conf.o(i.HAL_PCD_ISOINIncompleteCallback)
    HAL_PCD_ISOOUTIncompleteCallback         0x080010cd   Thumb Code    18  usbd_conf.o(i.HAL_PCD_ISOOUTIncompleteCallback)
    HAL_PCD_Init                             0x080010df   Thumb Code   322  stm32f4xx_hal_pcd.o(i.HAL_PCD_Init)
    HAL_PCD_MspInit                          0x08001221   Thumb Code   318  usbd_conf.o(i.HAL_PCD_MspInit)
    HAL_PCD_ResetCallback                    0x08001371   Thumb Code    50  usbd_conf.o(i.HAL_PCD_ResetCallback)
    HAL_PCD_ResumeCallback                   0x080013a3   Thumb Code    14  usbd_conf.o(i.HAL_PCD_ResumeCallback)
    HAL_PCD_SOFCallback                      0x080013b1   Thumb Code    14  usbd_conf.o(i.HAL_PCD_SOFCallback)
    HAL_PCD_SetAddress                       0x080013bf   Thumb Code    50  stm32f4xx_hal_pcd.o(i.HAL_PCD_SetAddress)
    HAL_PCD_SetupStageCallback               0x080013f1   Thumb Code    18  usbd_conf.o(i.HAL_PCD_SetupStageCallback)
    HAL_PCD_Start                            0x08001403   Thumb Code    52  stm32f4xx_hal_pcd.o(i.HAL_PCD_Start)
    HAL_PCD_SuspendCallback                  0x08001437   Thumb Code    14  usbd_conf.o(i.HAL_PCD_SuspendCallback)
    HAL_RCC_ClockConfig                      0x08001445   Thumb Code   408  stm32f4xx_hal_rcc.o(i.HAL_RCC_ClockConfig)
    HAL_RCC_GetHCLKFreq                      0x080015e5   Thumb Code    42  stm32f4xx_hal_rcc.o(i.HAL_RCC_GetHCLKFreq)
    HAL_RCC_GetPCLK1Freq                     0x0800161d   Thumb Code    36  stm32f4xx_hal_rcc.o(i.HAL_RCC_GetPCLK1Freq)
    HAL_RCC_GetPCLK2Freq                     0x08001649   Thumb Code    36  stm32f4xx_hal_rcc.o(i.HAL_RCC_GetPCLK2Freq)
    HAL_RCC_GetSysClockFreq                  0x08001675   Thumb Code   168  stm32f4xx_hal_rcc.o(i.HAL_RCC_GetSysClockFreq)
    HAL_RCC_OscConfig                        0x08001729   Thumb Code   902  stm32f4xx_hal_rcc.o(i.HAL_RCC_OscConfig)
    HAL_SPI_Init                             0x08001ac1   Thumb Code   160  stm32f4xx_hal_spi.o(i.HAL_SPI_Init)
    HAL_SPI_MspInit                          0x08001b61   Thumb Code   210  stm32f4xx_hal_msp.o(i.HAL_SPI_MspInit)
    HAL_SPI_TransmitReceive                  0x08001c4d   Thumb Code   576  stm32f4xx_hal_spi.o(i.HAL_SPI_TransmitReceive)
    HAL_SYSTICK_CLKSourceConfig              0x08001e8d   Thumb Code    40  stm32f4xx_hal_cortex.o(i.HAL_SYSTICK_CLKSourceConfig)
    HAL_SYSTICK_Config                       0x08001eb5   Thumb Code    52  stm32f4xx_hal_cortex.o(i.HAL_SYSTICK_Config)
    HAL_TIMEx_BreakCallback                  0x08001ee9   Thumb Code     2  stm32f4xx_hal_tim_ex.o(i.HAL_TIMEx_BreakCallback)
    HAL_TIMEx_CommutationCallback            0x08001eeb   Thumb Code     2  stm32f4xx_hal_tim_ex.o(i.HAL_TIMEx_CommutationCallback)
    HAL_TIMEx_MasterConfigSynchronization    0x08001eed   Thumb Code    98  stm32f4xx_hal_tim_ex.o(i.HAL_TIMEx_MasterConfigSynchronization)
    HAL_TIM_Base_Init                        0x08001f4f   Thumb Code    52  stm32f4xx_hal_tim.o(i.HAL_TIM_Base_Init)
    HAL_TIM_Base_MspInit                     0x08001f85   Thumb Code   212  stm32f4xx_hal_msp.o(i.HAL_TIM_Base_MspInit)
    HAL_TIM_Base_Start_IT                    0x0800206d   Thumb Code    30  stm32f4xx_hal_tim.o(i.HAL_TIM_Base_Start_IT)
    HAL_TIM_ConfigClockSource                0x0800208b   Thumb Code   306  stm32f4xx_hal_tim.o(i.HAL_TIM_ConfigClockSource)
    HAL_TIM_IC_CaptureCallback               0x080021bd   Thumb Code     2  stm32f4xx_hal_tim.o(i.HAL_TIM_IC_CaptureCallback)
    HAL_TIM_IRQHandler                       0x080021bf   Thumb Code   406  stm32f4xx_hal_tim.o(i.HAL_TIM_IRQHandler)
    HAL_TIM_MspPostInit                      0x08002355   Thumb Code   144  stm32f4xx_hal_msp.o(i.HAL_TIM_MspPostInit)
    HAL_TIM_OC_DelayElapsedCallback          0x080023f9   Thumb Code     2  stm32f4xx_hal_tim.o(i.HAL_TIM_OC_DelayElapsedCallback)
    HAL_TIM_PWM_ConfigChannel                0x080023fb   Thumb Code   264  stm32f4xx_hal_tim.o(i.HAL_TIM_PWM_ConfigChannel)
    HAL_TIM_PWM_Init                         0x08002503   Thumb Code    52  stm32f4xx_hal_tim.o(i.HAL_TIM_PWM_Init)
    HAL_TIM_PWM_MspInit                      0x08002537   Thumb Code     2  stm32f4xx_hal_tim.o(i.HAL_TIM_PWM_MspInit)
    HAL_TIM_PWM_PulseFinishedCallback        0x08002539   Thumb Code     2  stm32f4xx_hal_tim.o(i.HAL_TIM_PWM_PulseFinishedCallback)
    HAL_TIM_PWM_Start                        0x0800253d   Thumb Code    68  stm32f4xx_hal_tim.o(i.HAL_TIM_PWM_Start)
    HAL_TIM_PeriodElapsedCallback            0x08002589   Thumb Code    98  usbd_cdc_interface.o(i.HAL_TIM_PeriodElapsedCallback)
    HAL_TIM_TriggerCallback                  0x080025fd   Thumb Code     2  stm32f4xx_hal_tim.o(i.HAL_TIM_TriggerCallback)
    HAL_UART_ErrorCallback                   0x080025ff   Thumb Code    12  usart.o(i.HAL_UART_ErrorCallback)
    HAL_UART_IRQHandler                      0x0800260b   Thumb Code   308  stm32f4xx_hal_uart.o(i.HAL_UART_IRQHandler)
    HAL_UART_Init                            0x0800273f   Thumb Code   114  stm32f4xx_hal_uart.o(i.HAL_UART_Init)
    HAL_UART_MspInit                         0x080027b1   Thumb Code   278  stm32f4xx_hal_msp.o(i.HAL_UART_MspInit)
    HAL_UART_Receive_IT                      0x080028e1   Thumb Code   112  stm32f4xx_hal_uart.o(i.HAL_UART_Receive_IT)
    HAL_UART_RxCpltCallback                  0x08002951   Thumb Code    12  usart.o(i.HAL_UART_RxCpltCallback)
    HAL_UART_TxCpltCallback                  0x0800295d   Thumb Code    12  usart.o(i.HAL_UART_TxCpltCallback)
    HardFault_Handler                        0x0800297d   Thumb Code     4  stm32f4xx_it.o(i.HardFault_Handler)
    MX_SPI1_Init                             0x08002b49   Thumb Code    54  spi.o(i.MX_SPI1_Init)
    MX_USART1_UART_Init                      0x08002c85   Thumb Code    60  usart.o(i.MX_USART1_UART_Init)
    MX_USART3_UART_Init                      0x08002ce1   Thumb Code    60  usart.o(i.MX_USART3_UART_Init)
    MemManage_Handler                        0x08002d3d   Thumb Code     4  stm32f4xx_it.o(i.MemManage_Handler)
    NMI_Handler                              0x08002d41   Thumb Code     4  stm32f4xx_it.o(i.NMI_Handler)
    OTG_HS_IRQHandler                        0x08002d7d   Thumb Code    10  stm32f4xx_it.o(i.OTG_HS_IRQHandler)
    SPI_Whoami                               0x08002ef5   Thumb Code    76  spi.o(i.SPI_Whoami)
    SysTick_Handler                          0x08002f49   Thumb Code     8  stm32f4xx_it.o(i.SysTick_Handler)
    SystemClock_Config                       0x08002f51   Thumb Code   176  main.o(i.SystemClock_Config)
    SystemInit                               0x08003009   Thumb Code    82  system_stm32f4xx.o(i.SystemInit)
    TIM4_IRQHandler                          0x0800306d   Thumb Code    10  stm32f4xx_it.o(i.TIM4_IRQHandler)
    TIM_Base_SetConfig                       0x0800307d   Thumb Code   184  stm32f4xx_hal_tim.o(i.TIM_Base_SetConfig)
    TIM_CCxChannelCmd                        0x08003161   Thumb Code    28  stm32f4xx_hal_tim.o(i.TIM_CCxChannelCmd)
    TIM_OC2_SetConfig                        0x08003281   Thumb Code   112  stm32f4xx_hal_tim.o(i.TIM_OC2_SetConfig)
    USART1_IRQHandler                        0x080038c5   Thumb Code    10  usart.o(i.USART1_IRQHandler)
    USART3_IRQHandler                        0x080038d5   Thumb Code    10  usart.o(i.USART3_IRQHandler)
    USBD_CDC_GetDeviceQualifierDescriptor    0x0800399d   Thumb Code    10  usbd_cdc.o(i.USBD_CDC_GetDeviceQualifierDescriptor)
    USBD_CDC_RegisterInterface               0x08003a85   Thumb Code    14  usbd_cdc.o(i.USBD_CDC_RegisterInterface)
    USBD_CDC_SetRxBuffer                     0x08003a93   Thumb Code    14  usbd_cdc.o(i.USBD_CDC_SetRxBuffer)
    USBD_CDC_SetTxBuffer                     0x08003aa1   Thumb Code    20  usbd_cdc.o(i.USBD_CDC_SetTxBuffer)
    USBD_CDC_TransmitPacket                  0x08003b45   Thumb Code    56  usbd_cdc.o(i.USBD_CDC_TransmitPacket)
    USBD_ClrClassConfig                      0x08003b7d   Thumb Code    22  usbd_core.o(i.USBD_ClrClassConfig)
    USBD_CtlContinueRx                       0x08003bd7   Thumb Code    24  usbd_ioreq.o(i.USBD_CtlContinueRx)
    USBD_CtlContinueSendData                 0x08003bef   Thumb Code    24  usbd_ioreq.o(i.USBD_CtlContinueSendData)
    USBD_CtlError                            0x08003c07   Thumb Code    24  usbd_ctlreq.o(i.USBD_CtlError)
    USBD_CtlPrepareRx                        0x08003c1f   Thumb Code    40  usbd_ioreq.o(i.USBD_CtlPrepareRx)
    USBD_CtlReceiveStatus                    0x08003c47   Thumb Code    26  usbd_ioreq.o(i.USBD_CtlReceiveStatus)
    USBD_CtlSendData                         0x08003c61   Thumb Code    34  usbd_ioreq.o(i.USBD_CtlSendData)
    USBD_CtlSendStatus                       0x08003c83   Thumb Code    26  usbd_ioreq.o(i.USBD_CtlSendStatus)
    USBD_GetString                           0x08003e8d   Thumb Code    82  usbd_ctlreq.o(i.USBD_GetString)
    USBD_Init                                0x08003edf   Thumb Code    50  usbd_core.o(i.USBD_Init)
    USBD_LL_ClearStallEP                     0x08003f11   Thumb Code    20  usbd_conf.o(i.USBD_LL_ClearStallEP)
    USBD_LL_CloseEP                          0x08003f25   Thumb Code    20  usbd_conf.o(i.USBD_LL_CloseEP)
    USBD_LL_DataInStage                      0x08003f39   Thumb Code   218  usbd_core.o(i.USBD_LL_DataInStage)
    USBD_LL_DataOutStage                     0x08004013   Thumb Code   134  usbd_core.o(i.USBD_LL_DataOutStage)
    USBD_LL_DevConnected                     0x08004099   Thumb Code     6  usbd_core.o(i.USBD_LL_DevConnected)
    USBD_LL_DevDisconnected                  0x0800409f   Thumb Code    26  usbd_core.o(i.USBD_LL_DevDisconnected)
    USBD_LL_GetRxDataSize                    0x080040b9   Thumb Code    18  usbd_conf.o(i.USBD_LL_GetRxDataSize)
    USBD_LL_Init                             0x080040cd   Thumb Code    92  usbd_conf.o(i.USBD_LL_Init)
    USBD_LL_IsStallEP                        0x08004131   Thumb Code    56  usbd_conf.o(i.USBD_LL_IsStallEP)
    USBD_LL_IsoINIncomplete                  0x08004169   Thumb Code     6  usbd_core.o(i.USBD_LL_IsoINIncomplete)
    USBD_LL_IsoOUTIncomplete                 0x0800416f   Thumb Code     6  usbd_core.o(i.USBD_LL_IsoOUTIncomplete)
    USBD_LL_OpenEP                           0x08004175   Thumb Code    32  usbd_conf.o(i.USBD_LL_OpenEP)
    USBD_LL_PrepareReceive                   0x08004195   Thumb Code    32  usbd_conf.o(i.USBD_LL_PrepareReceive)
    USBD_LL_Reset                            0x080041b5   Thumb Code    68  usbd_core.o(i.USBD_LL_Reset)
    USBD_LL_Resume                           0x080041f9   Thumb Code    14  usbd_core.o(i.USBD_LL_Resume)
    USBD_LL_SOF                              0x08004207   Thumb Code    34  usbd_core.o(i.USBD_LL_SOF)
    USBD_LL_SetSpeed                         0x08004229   Thumb Code     8  usbd_core.o(i.USBD_LL_SetSpeed)
    USBD_LL_SetUSBAddress                    0x08004231   Thumb Code    20  usbd_conf.o(i.USBD_LL_SetUSBAddress)
    USBD_LL_SetupStage                       0x08004245   Thumb Code   110  usbd_core.o(i.USBD_LL_SetupStage)
    USBD_LL_StallEP                          0x080042b3   Thumb Code    20  usbd_conf.o(i.USBD_LL_StallEP)
    USBD_LL_Start                            0x080042c7   Thumb Code    16  usbd_conf.o(i.USBD_LL_Start)
    USBD_LL_Suspend                          0x080042d7   Thumb Code    20  usbd_core.o(i.USBD_LL_Suspend)
    USBD_LL_Transmit                         0x080042eb   Thumb Code    32  usbd_conf.o(i.USBD_LL_Transmit)
    USBD_ParseSetupRequest                   0x0800430b   Thumb Code    40  usbd_ctlreq.o(i.USBD_ParseSetupRequest)
    USBD_RegisterClass                       0x08004333   Thumb Code    16  usbd_core.o(i.USBD_RegisterClass)
    USBD_RunTestMode                         0x08004343   Thumb Code     6  usbd_core.o(i.USBD_RunTestMode)
    USBD_SetClassConfig                      0x0800439d   Thumb Code    34  usbd_core.o(i.USBD_SetClassConfig)
    USBD_Start                               0x080044c5   Thumb Code    14  usbd_core.o(i.USBD_Start)
    USBD_StdDevReq                           0x080044d3   Thumb Code   114  usbd_ctlreq.o(i.USBD_StdDevReq)
    USBD_StdEPReq                            0x08004545   Thumb Code   342  usbd_ctlreq.o(i.USBD_StdEPReq)
    USBD_StdItfReq                           0x0800469b   Thumb Code    74  usbd_ctlreq.o(i.USBD_StdItfReq)
    USBD_VCP_ConfigStrDescriptor             0x080046e5   Thumb Code    20  usbd_desc.o(i.USBD_VCP_ConfigStrDescriptor)
    USBD_VCP_DeviceDescriptor                0x08004709   Thumb Code    10  usbd_desc.o(i.USBD_VCP_DeviceDescriptor)
    USBD_VCP_InterfaceStrDescriptor          0x08004719   Thumb Code    20  usbd_desc.o(i.USBD_VCP_InterfaceStrDescriptor)
    USBD_VCP_LangIDStrDescriptor             0x08004741   Thumb Code    10  usbd_desc.o(i.USBD_VCP_LangIDStrDescriptor)
    USBD_VCP_ManufacturerStrDescriptor       0x08004751   Thumb Code    20  usbd_desc.o(i.USBD_VCP_ManufacturerStrDescriptor)
    USBD_VCP_ProductStrDescriptor            0x0800477d   Thumb Code    20  usbd_desc.o(i.USBD_VCP_ProductStrDescriptor)
    USBD_VCP_SerialStrDescriptor             0x080047ad   Thumb Code    18  usbd_desc.o(i.USBD_VCP_SerialStrDescriptor)
    USB_ActivateEndpoint                     0x080047c5   Thumb Code   188  stm32f4xx_ll_usb.o(i.USB_ActivateEndpoint)
    USB_ActivateSetup                        0x08004885   Thumb Code    68  stm32f4xx_ll_usb.o(i.USB_ActivateSetup)
    USB_CoreInit                             0x080048c9   Thumb Code   108  stm32f4xx_ll_usb.o(i.USB_CoreInit)
    USB_DeactivateEndpoint                   0x08004981   Thumb Code   162  stm32f4xx_ll_usb.o(i.USB_DeactivateEndpoint)
    USB_DevConnect                           0x08004a29   Thumb Code    30  stm32f4xx_ll_usb.o(i.USB_DevConnect)
    USB_DevDisconnect                        0x08004a47   Thumb Code    30  stm32f4xx_ll_usb.o(i.USB_DevDisconnect)
    USB_DevInit                              0x08004a65   Thumb Code   402  stm32f4xx_ll_usb.o(i.USB_DevInit)
    USB_DisableGlobalInt                     0x08004c09   Thumb Code    14  stm32f4xx_ll_usb.o(i.USB_DisableGlobalInt)
    USB_EP0StartXfer                         0x08004c19   Thumb Code   426  stm32f4xx_ll_usb.o(i.USB_EP0StartXfer)
    USB_EP0_OutStart                         0x08004dc9   Thumb Code    68  stm32f4xx_ll_usb.o(i.USB_EP0_OutStart)
    USB_EPClearStall                         0x08004e0d   Thumb Code   136  stm32f4xx_ll_usb.o(i.USB_EPClearStall)
    USB_EPSetStall                           0x08004e95   Thumb Code   140  stm32f4xx_ll_usb.o(i.USB_EPSetStall)
    USB_EPStartXfer                          0x08004f21   Thumb Code   714  stm32f4xx_ll_usb.o(i.USB_EPStartXfer)
    USB_EnableGlobalInt                      0x080051f1   Thumb Code    14  stm32f4xx_ll_usb.o(i.USB_EnableGlobalInt)
    USB_FlushRxFifo                          0x08005201   Thumb Code    38  stm32f4xx_ll_usb.o(i.USB_FlushRxFifo)
    USB_FlushTxFifo                          0x0800522d   Thumb Code    44  stm32f4xx_ll_usb.o(i.USB_FlushTxFifo)
    USB_GetDevSpeed                          0x0800525d   Thumb Code    68  stm32f4xx_ll_usb.o(i.USB_GetDevSpeed)
    USB_GetMode                              0x080052a1   Thumb Code    10  stm32f4xx_ll_usb.o(i.USB_GetMode)
    USB_ReadDevAllInEpInterrupt              0x080052ab   Thumb Code    18  stm32f4xx_ll_usb.o(i.USB_ReadDevAllInEpInterrupt)
    USB_ReadDevAllOutEpInterrupt             0x080052bd   Thumb Code    18  stm32f4xx_ll_usb.o(i.USB_ReadDevAllOutEpInterrupt)
    USB_ReadDevInEPInterrupt                 0x080052cf   Thumb Code    44  stm32f4xx_ll_usb.o(i.USB_ReadDevInEPInterrupt)
    USB_ReadDevOutEPInterrupt                0x080052fb   Thumb Code    22  stm32f4xx_ll_usb.o(i.USB_ReadDevOutEPInterrupt)
    USB_ReadInterrupts                       0x08005311   Thumb Code    12  stm32f4xx_ll_usb.o(i.USB_ReadInterrupts)
    USB_ReadPacket                           0x0800531d   Thumb Code    34  stm32f4xx_ll_usb.o(i.USB_ReadPacket)
    USB_SetCurrentMode                       0x0800533f   Thumb Code    48  stm32f4xx_ll_usb.o(i.USB_SetCurrentMode)
    USB_SetDevAddress                        0x0800536f   Thumb Code    40  stm32f4xx_ll_usb.o(i.USB_SetDevAddress)
    USB_SetDevSpeed                          0x08005397   Thumb Code    20  stm32f4xx_ll_usb.o(i.USB_SetDevSpeed)
    USB_WritePacket                          0x080053ab   Thumb Code    48  stm32f4xx_ll_usb.o(i.USB_WritePacket)
    UsageFault_Handler                       0x080053db   Thumb Code     4  stm32f4xx_it.o(i.UsageFault_Handler)
    __0printf$8                              0x080053e1   Thumb Code    22  printf8.o(i.__0printf$8)
    __1printf$8                              0x080053e1   Thumb Code     0  printf8.o(i.__0printf$8)
    __2printf                                0x080053e1   Thumb Code     0  printf8.o(i.__0printf$8)
    __io_putchar                             0x08005401   Thumb Code    34  usbd_cdc_interface.o(i.__io_putchar)
    __scatterload_copy                       0x08005423   Thumb Code    14  handlers.o(i.__scatterload_copy)
    __scatterload_null                       0x08005431   Thumb Code     2  handlers.o(i.__scatterload_null)
    __scatterload_zeroinit                   0x08005433   Thumb Code    14  handlers.o(i.__scatterload_zeroinit)
    delayInit                                0x08005905   Thumb Code    32  util.o(i.delayInit)
    delayWaitms                              0x08005931   Thumb Code    24  util.o(i.delayWaitms)
    delayWaitus                              0x08005949   Thumb Code    72  util.o(i.delayWaitus)
    fputc                                    0x0800599d   Thumb Code    14  usbd_cdc_interface.o(i.fputc)
    main                                     0x080059ad   Thumb Code   302  main.o(i.main)
    millis                                   0x08005af1   Thumb Code     8  usart.o(i.millis)
    motor_dir                                0x08005af9   Thumb Code   102  main.o(i.motor_dir)
    motor_enable                             0x08005b71   Thumb Code    96  main.o(i.motor_enable)
    reset_IT                                 0x08005bd5   Thumb Code    50  usart.o(i.reset_IT)
    usb_init                                 0x08005c1d   Thumb Code    36  main.o(i.usb_init)
    APBAHBPrescTable                         0x08005c50   Data          16  stm32f4xx_hal_rcc.o(.constdata)
    Region$$Table$$Base                      0x08005c60   Number         0  anon$$obj.o(Region$$Table)
    Region$$Table$$Limit                     0x08005c80   Number         0  anon$$obj.o(Region$$Table)
    uwTick                                   0x20000000   Data           4  stm32f4xx_hal.o(.data)
    SystemCoreClock                          0x20000004   Data           4  system_stm32f4xx.o(.data)
    LineCoding                               0x20000008   Data           8  usbd_cdc_interface.o(.data)
    UserTxBufPtrIn                           0x20000010   Data           4  usbd_cdc_interface.o(.data)
    UserTxBufPtrOut                          0x20000014   Data           4  usbd_cdc_interface.o(.data)
    USBD_CDC_fops                            0x20000018   Data          16  usbd_cdc_interface.o(.data)
    BuffLength                               0x20000028   Data           4  usbd_cdc_interface.o(.data)
    vp_cdcHandle                             0x2000002c   Data           4  usbd_conf.o(.data)
    VCP_Desc                                 0x20000030   Data          28  usbd_desc.o(.data)
    USBD_DeviceDesc                          0x2000004c   Data          18  usbd_desc.o(.data)
    USBD_LangIDDesc                          0x20000060   Data           4  usbd_desc.o(.data)
    USBD_StringSerial                        0x20000064   Data          26  usbd_desc.o(.data)
    timestamp1                               0x2000008c   Data           4  usart.o(.data)
    timestamp6                               0x20000090   Data           4  usart.o(.data)
    RX3Data                                  0x20000094   Data           3  usart.o(.data)
    RX1Data                                  0x20000097   Data           3  usart.o(.data)
    USBD_CDC                                 0x200000a8   Data          56  usbd_cdc.o(.data)
    USBD_CDC_CfgHSDesc                       0x200000e0   Data          67  usbd_cdc.o(.data)
    USBD_CDC_CfgFSDesc                       0x20000124   Data          67  usbd_cdc.o(.data)
    USBD_CDC_OtherSpeedCfgDesc               0x20000168   Data          67  usbd_cdc.o(.data)
    __stdout                                 0x200001ac   Data           4  stdout.o(.data)
    hi2s3                                    0x200001b0   Data          68  main.o(.bss)
    hspi2                                    0x200001f4   Data          88  main.o(.bss)
    htim1                                    0x2000024c   Data          60  main.o(.bss)
    htim2                                    0x20000288   Data          60  main.o(.bss)
    htim3                                    0x200002c4   Data          60  main.o(.bss)
    htim4                                    0x20000300   Data          60  main.o(.bss)
    hpcd_USB_OTG_FS                          0x2000033c   Data         952  main.o(.bss)
    USBD_Device                              0x200006f4   Data         548  main.o(.bss)
    UserRxBuffer                             0x20000918   Data        2048  usbd_cdc_interface.o(.bss)
    UserTxBuffer                             0x20001118   Data        2048  usbd_cdc_interface.o(.bss)
    UartHandle                               0x20001918   Data          64  usbd_cdc_interface.o(.bss)
    TimHandle                                0x20001958   Data          60  usbd_cdc_interface.o(.bss)
    hpcd                                     0x20001994   Data         952  usbd_conf.o(.bss)
    cdcHandle                                0x20001d4c   Data         540  usbd_conf.o(.bss)
    USBD_StrDesc                             0x20001f68   Data         256  usbd_desc.o(.bss)
    buffer                                   0x20002068   Data          20  usart.o(.bss)
    huart1                                   0x2000207c   Data          64  usart.o(.bss)
    huart3                                   0x200020bc   Data          64  usart.o(.bss)
    hdma_usart2_tx                           0x200020fc   Data          88  usart.o(.bss)
    hspi1                                    0x20002154   Data          88  spi.o(.bss)
    __initial_sp                             0x200025b0   Data           0  startup_stm32f407xx.o(STACK)



==============================================================================

Memory Map of the image

  Image Entry point : 0x08000189

  Load Region LR_IROM1 (Base: 0x08000000, Size: 0x00005e30, Max: 0x00100000, ABSOLUTE, COMPRESSED[0x00005d4c])

    Execution Region ER_IROM1 (Base: 0x08000000, Size: 0x00005c80, Max: 0x00100000, ABSOLUTE)

    Base Addr    Size         Type   Attr      Idx    E Section Name        Object

    0x08000000   0x00000188   Data   RO         4475    RESET               startup_stm32f407xx.o
    0x08000188   0x00000000   Code   RO         4894  * .ARM.Collect$$$$00000000  mc_w.l(entry.o)
    0x08000188   0x00000004   Code   RO         5201    .ARM.Collect$$$$00000001  mc_w.l(entry2.o)
    0x0800018c   0x00000004   Code   RO         5204    .ARM.Collect$$$$00000004  mc_w.l(entry5.o)
    0x08000190   0x00000000   Code   RO         5206    .ARM.Collect$$$$00000008  mc_w.l(entry7b.o)
    0x08000190   0x00000000   Code   RO         5208    .ARM.Collect$$$$0000000A  mc_w.l(entry8b.o)
    0x08000190   0x00000008   Code   RO         5209    .ARM.Collect$$$$0000000B  mc_w.l(entry9a.o)
    0x08000198   0x00000000   Code   RO         5211    .ARM.Collect$$$$0000000D  mc_w.l(entry10a.o)
    0x08000198   0x00000000   Code   RO         5213    .ARM.Collect$$$$0000000F  mc_w.l(entry11a.o)
    0x08000198   0x00000004   Code   RO         5202    .ARM.Collect$$$$00002712  mc_w.l(entry2.o)
    0x0800019c   0x00000024   Code   RO         4476    .text               startup_stm32f407xx.o
    0x080001c0   0x00000024   Code   RO         4928    .text               mc_w.l(memcpya.o)
    0x080001e4   0x00000062   Code   RO         5217    .text               mc_w.l(uldiv.o)
    0x08000246   0x0000001e   Code   RO         5219    .text               mc_w.l(llshl.o)
    0x08000264   0x00000024   Code   RO         5241    .text               mc_w.l(init.o)
    0x08000288   0x00000020   Code   RO         5243    .text               mc_w.l(llushr.o)
    0x080002a8   0x0000005c   Code   RO         5253    .text               mc_w.l(__dczerorl2.o)
    0x08000304   0x00000004   Code   RO         3397    i.BusFault_Handler  stm32f4xx_it.o
    0x08000308   0x000000a0   Code   RO         3840    i.CDC_Itf_Control   usbd_cdc_interface.o
    0x080003a8   0x00000004   Code   RO         3841    i.CDC_Itf_DeInit    usbd_cdc_interface.o
    0x080003ac   0x00000038   Code   RO         3842    i.CDC_Itf_Init      usbd_cdc_interface.o
    0x080003e4   0x00000006   Code   RO         3843    i.CDC_Itf_Receive   usbd_cdc_interface.o
    0x080003ea   0x00000002   Code   RO         3398    i.DebugMon_Handler  stm32f4xx_it.o
    0x080003ec   0x00000004   Code   RO         3473    i.Error_Handler     main.o
    0x080003f0   0x00000034   Code   RO         4141    i.Get_SerialNum     usbd_desc.o
    0x08000424   0x0000000c   Code   RO         4215    i.HAL_Delay         util.o
    0x08000430   0x0000020c   Code   RO         3297    i.HAL_GPIO_Init     stm32f4xx_hal_gpio.o
    0x0800063c   0x0000000c   Code   RO         3301    i.HAL_GPIO_WritePin  stm32f4xx_hal_gpio.o
    0x08000648   0x0000000c   Code   RO          282    i.HAL_GetTick       stm32f4xx_hal.o
    0x08000654   0x00000010   Code   RO          283    i.HAL_IncTick       stm32f4xx_hal.o
    0x08000664   0x0000003c   Code   RO          284    i.HAL_Init          stm32f4xx_hal.o
    0x080006a0   0x00000024   Code   RO          285    i.HAL_InitTick      stm32f4xx_hal.o
    0x080006c4   0x00000042   Code   RO         3752    i.HAL_MspInit       stm32f4xx_hal_msp.o
    0x08000706   0x0000001c   Code   RO          946    i.HAL_NVIC_EnableIRQ  stm32f4xx_hal_cortex.o
    0x08000722   0x0000007c   Code   RO          952    i.HAL_NVIC_SetPriority  stm32f4xx_hal_cortex.o
    0x0800079e   0x00000002   PAD
    0x080007a0   0x00000028   Code   RO          953    i.HAL_NVIC_SetPriorityGrouping  stm32f4xx_hal_cortex.o
    0x080007c8   0x0000000a   Code   RO         1730    i.HAL_PCDEx_SetRxFiFo  stm32f4xx_hal_pcd_ex.o
    0x080007d2   0x00000052   Code   RO         1731    i.HAL_PCDEx_SetTxFiFo  stm32f4xx_hal_pcd_ex.o
    0x08000824   0x0000000e   Code   RO         3948    i.HAL_PCD_ConnectCallback  usbd_conf.o
    0x08000832   0x00000020   Code   RO         3949    i.HAL_PCD_DataInStageCallback  usbd_conf.o
    0x08000852   0x00000020   Code   RO         3950    i.HAL_PCD_DataOutStageCallback  usbd_conf.o
    0x08000872   0x0000000e   Code   RO         3951    i.HAL_PCD_DisconnectCallback  usbd_conf.o
    0x08000880   0x0000006a   Code   RO         2316    i.HAL_PCD_EP_Close  stm32f4xx_hal_pcd.o
    0x080008ea   0x00000068   Code   RO         2317    i.HAL_PCD_EP_ClrStall  stm32f4xx_hal_pcd.o
    0x08000952   0x00000018   Code   RO         2319    i.HAL_PCD_EP_GetRxCount  stm32f4xx_hal_pcd.o
    0x0800096a   0x0000008c   Code   RO         2320    i.HAL_PCD_EP_Open   stm32f4xx_hal_pcd.o
    0x080009f6   0x00000078   Code   RO         2321    i.HAL_PCD_EP_Receive  stm32f4xx_hal_pcd.o
    0x08000a6e   0x0000007a   Code   RO         2322    i.HAL_PCD_EP_SetStall  stm32f4xx_hal_pcd.o
    0x08000ae8   0x0000007a   Code   RO         2323    i.HAL_PCD_EP_Transmit  stm32f4xx_hal_pcd.o
    0x08000b62   0x00000558   Code   RO         2325    i.HAL_PCD_IRQHandler  stm32f4xx_hal_pcd.o
    0x080010ba   0x00000012   Code   RO         3952    i.HAL_PCD_ISOINIncompleteCallback  usbd_conf.o
    0x080010cc   0x00000012   Code   RO         3953    i.HAL_PCD_ISOOUTIncompleteCallback  usbd_conf.o
    0x080010de   0x00000142   Code   RO         2328    i.HAL_PCD_Init      stm32f4xx_hal_pcd.o
    0x08001220   0x00000150   Code   RO         3955    i.HAL_PCD_MspInit   usbd_conf.o
    0x08001370   0x00000032   Code   RO         3956    i.HAL_PCD_ResetCallback  usbd_conf.o
    0x080013a2   0x0000000e   Code   RO         3957    i.HAL_PCD_ResumeCallback  usbd_conf.o
    0x080013b0   0x0000000e   Code   RO         3958    i.HAL_PCD_SOFCallback  usbd_conf.o
    0x080013be   0x00000032   Code   RO         2334    i.HAL_PCD_SetAddress  stm32f4xx_hal_pcd.o
    0x080013f0   0x00000012   Code   RO         3959    i.HAL_PCD_SetupStageCallback  usbd_conf.o
    0x08001402   0x00000034   Code   RO         2336    i.HAL_PCD_Start     stm32f4xx_hal_pcd.o
    0x08001436   0x0000000e   Code   RO         3960    i.HAL_PCD_SuspendCallback  usbd_conf.o
    0x08001444   0x000001a0   Code   RO         2120    i.HAL_RCC_ClockConfig  stm32f4xx_hal_rcc.o
    0x080015e4   0x00000038   Code   RO         2125    i.HAL_RCC_GetHCLKFreq  stm32f4xx_hal_rcc.o
    0x0800161c   0x0000002c   Code   RO         2127    i.HAL_RCC_GetPCLK1Freq  stm32f4xx_hal_rcc.o
    0x08001648   0x0000002c   Code   RO         2128    i.HAL_RCC_GetPCLK2Freq  stm32f4xx_hal_rcc.o
    0x08001674   0x000000b4   Code   RO         2129    i.HAL_RCC_GetSysClockFreq  stm32f4xx_hal_rcc.o
    0x08001728   0x00000398   Code   RO         2132    i.HAL_RCC_OscConfig  stm32f4xx_hal_rcc.o
    0x08001ac0   0x000000a0   Code   RO         1385    i.HAL_SPI_Init      stm32f4xx_hal_spi.o
    0x08001b60   0x000000ec   Code   RO         3756    i.HAL_SPI_MspInit   stm32f4xx_hal_msp.o
    0x08001c4c   0x00000240   Code   RO         1394    i.HAL_SPI_TransmitReceive  stm32f4xx_hal_spi.o
    0x08001e8c   0x00000028   Code   RO          955    i.HAL_SYSTICK_CLKSourceConfig  stm32f4xx_hal_cortex.o
    0x08001eb4   0x00000034   Code   RO          957    i.HAL_SYSTICK_Config  stm32f4xx_hal_cortex.o
    0x08001ee8   0x00000002   Code   RO         1880    i.HAL_TIMEx_BreakCallback  stm32f4xx_hal_tim_ex.o
    0x08001eea   0x00000002   Code   RO         1881    i.HAL_TIMEx_CommutationCallback  stm32f4xx_hal_tim_ex.o
    0x08001eec   0x00000062   Code   RO         1897    i.HAL_TIMEx_MasterConfigSynchronization  stm32f4xx_hal_tim_ex.o
    0x08001f4e   0x00000034   Code   RO         2655    i.HAL_TIM_Base_Init  stm32f4xx_hal_tim.o
    0x08001f82   0x00000002   PAD
    0x08001f84   0x000000e8   Code   RO         3758    i.HAL_TIM_Base_MspInit  stm32f4xx_hal_msp.o
    0x0800206c   0x0000001e   Code   RO         2660    i.HAL_TIM_Base_Start_IT  stm32f4xx_hal_tim.o
    0x0800208a   0x00000132   Code   RO         2664    i.HAL_TIM_ConfigClockSource  stm32f4xx_hal_tim.o
    0x080021bc   0x00000002   Code   RO         2684    i.HAL_TIM_IC_CaptureCallback  stm32f4xx_hal_tim.o
    0x080021be   0x00000196   Code   RO         2697    i.HAL_TIM_IRQHandler  stm32f4xx_hal_tim.o
    0x08002354   0x000000a4   Code   RO         3759    i.HAL_TIM_MspPostInit  stm32f4xx_hal_msp.o
    0x080023f8   0x00000002   Code   RO         2700    i.HAL_TIM_OC_DelayElapsedCallback  stm32f4xx_hal_tim.o
    0x080023fa   0x00000108   Code   RO         2721    i.HAL_TIM_PWM_ConfigChannel  stm32f4xx_hal_tim.o
    0x08002502   0x00000034   Code   RO         2724    i.HAL_TIM_PWM_Init  stm32f4xx_hal_tim.o
    0x08002536   0x00000002   Code   RO         2726    i.HAL_TIM_PWM_MspInit  stm32f4xx_hal_tim.o
    0x08002538   0x00000002   Code   RO         2727    i.HAL_TIM_PWM_PulseFinishedCallback  stm32f4xx_hal_tim.o
    0x0800253a   0x00000002   PAD
    0x0800253c   0x0000004c   Code   RO         2728    i.HAL_TIM_PWM_Start  stm32f4xx_hal_tim.o
    0x08002588   0x00000074   Code   RO         3844    i.HAL_TIM_PeriodElapsedCallback  usbd_cdc_interface.o
    0x080025fc   0x00000002   Code   RO         2738    i.HAL_TIM_TriggerCallback  stm32f4xx_hal_tim.o
    0x080025fe   0x0000000c   Code   RO         4268    i.HAL_UART_ErrorCallback  usart.o
    0x0800260a   0x00000134   Code   RO          611    i.HAL_UART_IRQHandler  stm32f4xx_hal_uart.o
    0x0800273e   0x00000072   Code   RO          612    i.HAL_UART_Init     stm32f4xx_hal_uart.o
    0x080027b0   0x00000130   Code   RO         3761    i.HAL_UART_MspInit  stm32f4xx_hal_msp.o
    0x080028e0   0x00000070   Code   RO          617    i.HAL_UART_Receive_IT  stm32f4xx_hal_uart.o
    0x08002950   0x0000000c   Code   RO         4269    i.HAL_UART_RxCpltCallback  usart.o
    0x0800295c   0x00000020   Code   RO         4270    i.HAL_UART_TxCpltCallback  usart.o
    0x0800297c   0x00000004   Code   RO         3399    i.HardFault_Handler  stm32f4xx_it.o
    0x08002980   0x0000003e   Code   RO         4142    i.IntToUnicode      usbd_desc.o
    0x080029be   0x00000002   PAD
    0x080029c0   0x00000188   Code   RO         3474    i.MX_GPIO_Init      main.o
    0x08002b48   0x00000040   Code   RO         4424    i.MX_SPI1_Init      spi.o
    0x08002b88   0x0000007c   Code   RO         3479    i.MX_TIM2_Init      main.o
    0x08002c04   0x00000080   Code   RO         3480    i.MX_TIM3_Init      main.o
    0x08002c84   0x0000005c   Code   RO         4271    i.MX_USART1_UART_Init  usart.o
    0x08002ce0   0x0000005c   Code   RO         4272    i.MX_USART3_UART_Init  usart.o
    0x08002d3c   0x00000004   Code   RO         3400    i.MemManage_Handler  stm32f4xx_it.o
    0x08002d40   0x00000004   Code   RO         3401    i.NMI_Handler       stm32f4xx_it.o
    0x08002d44   0x00000010   Code   RO          959    i.NVIC_GetPriorityGrouping  stm32f4xx_hal_cortex.o
    0x08002d54   0x00000028   Code   RO          960    i.NVIC_SetPriority  stm32f4xx_hal_cortex.o
    0x08002d7c   0x00000010   Code   RO         3402    i.OTG_HS_IRQHandler  stm32f4xx_it.o
    0x08002d8c   0x000000a2   Code   RO         2339    i.PCD_WriteEmptyTxFifo  stm32f4xx_hal_pcd.o
    0x08002e2e   0x00000028   Code   RO         1409    i.SPI_CheckFlag_BSY  stm32f4xx_hal_spi.o
    0x08002e56   0x0000009e   Code   RO         1427    i.SPI_WaitFlagStateUntilTimeout  stm32f4xx_hal_spi.o
    0x08002ef4   0x00000054   Code   RO         4426    i.SPI_Whoami        spi.o
    0x08002f48   0x00000008   Code   RO         3403    i.SysTick_Handler   stm32f4xx_it.o
    0x08002f50   0x000000b8   Code   RO         3484    i.SystemClock_Config  main.o
    0x08003008   0x00000064   Code   RO         3361    i.SystemInit        system_stm32f4xx.o
    0x0800306c   0x00000010   Code   RO         3404    i.TIM4_IRQHandler   stm32f4xx_it.o
    0x0800307c   0x000000e4   Code   RO         2739    i.TIM_Base_SetConfig  stm32f4xx_hal_tim.o
    0x08003160   0x0000001c   Code   RO         2740    i.TIM_CCxChannelCmd  stm32f4xx_hal_tim.o
    0x0800317c   0x00000068   Code   RO         3845    i.TIM_Config        usbd_cdc_interface.o
    0x080031e4   0x00000018   Code   RO         2746    i.TIM_ETR_SetConfig  stm32f4xx_hal_tim.o
    0x080031fc   0x00000014   Code   RO         2747    i.TIM_ITRx_SetConfig  stm32f4xx_hal_tim.o
    0x08003210   0x00000070   Code   RO         2748    i.TIM_OC1_SetConfig  stm32f4xx_hal_tim.o
    0x08003280   0x00000078   Code   RO         2749    i.TIM_OC2_SetConfig  stm32f4xx_hal_tim.o
    0x080032f8   0x00000078   Code   RO         2750    i.TIM_OC3_SetConfig  stm32f4xx_hal_tim.o
    0x08003370   0x00000060   Code   RO         2751    i.TIM_OC4_SetConfig  stm32f4xx_hal_tim.o
    0x080033d0   0x0000002a   Code   RO         2753    i.TIM_TI1_ConfigInputStage  stm32f4xx_hal_tim.o
    0x080033fa   0x0000002c   Code   RO         2755    i.TIM_TI2_ConfigInputStage  stm32f4xx_hal_tim.o
    0x08003426   0x00000020   Code   RO          630    i.UART_EndTransmit_IT  stm32f4xx_hal_uart.o
    0x08003446   0x000000a8   Code   RO          631    i.UART_Receive_IT   stm32f4xx_hal_uart.o
    0x080034ee   0x00000002   PAD
    0x080034f0   0x00000368   Code   RO          632    i.UART_SetConfig    stm32f4xx_hal_uart.o
    0x08003858   0x0000006a   Code   RO          633    i.UART_Transmit_IT  stm32f4xx_hal_uart.o
    0x080038c2   0x00000002   PAD
    0x080038c4   0x00000010   Code   RO         4273    i.USART1_IRQHandler  usart.o
    0x080038d4   0x00000010   Code   RO         4274    i.USART3_IRQHandler  usart.o
    0x080038e4   0x0000001a   Code   RO         4776    i.USBD_CDC_DataIn   usbd_cdc.o
    0x080038fe   0x00000034   Code   RO         4777    i.USBD_CDC_DataOut  usbd_cdc.o
    0x08003932   0x00000038   Code   RO         4778    i.USBD_CDC_DeInit   usbd_cdc.o
    0x0800396a   0x00000032   Code   RO         4779    i.USBD_CDC_EP0_RxReady  usbd_cdc.o
    0x0800399c   0x00000010   Code   RO         4780    i.USBD_CDC_GetDeviceQualifierDescriptor  usbd_cdc.o
    0x080039ac   0x00000010   Code   RO         4781    i.USBD_CDC_GetFSCfgDesc  usbd_cdc.o
    0x080039bc   0x00000010   Code   RO         4782    i.USBD_CDC_GetHSCfgDesc  usbd_cdc.o
    0x080039cc   0x00000010   Code   RO         4783    i.USBD_CDC_GetOtherSpeedCfgDesc  usbd_cdc.o
    0x080039dc   0x000000a8   Code   RO         4784    i.USBD_CDC_Init     usbd_cdc.o
    0x08003a84   0x0000000e   Code   RO         4786    i.USBD_CDC_RegisterInterface  usbd_cdc.o
    0x08003a92   0x0000000e   Code   RO         4787    i.USBD_CDC_SetRxBuffer  usbd_cdc.o
    0x08003aa0   0x00000014   Code   RO         4788    i.USBD_CDC_SetTxBuffer  usbd_cdc.o
    0x08003ab4   0x00000090   Code   RO         4789    i.USBD_CDC_Setup    usbd_cdc.o
    0x08003b44   0x00000038   Code   RO         4790    i.USBD_CDC_TransmitPacket  usbd_cdc.o
    0x08003b7c   0x00000016   Code   RO         4483    i.USBD_ClrClassConfig  usbd_core.o
    0x08003b92   0x00000044   Code   RO         4621    i.USBD_ClrFeature   usbd_ctlreq.o
    0x08003bd6   0x00000018   Code   RO         4716    i.USBD_CtlContinueRx  usbd_ioreq.o
    0x08003bee   0x00000018   Code   RO         4717    i.USBD_CtlContinueSendData  usbd_ioreq.o
    0x08003c06   0x00000018   Code   RO         4622    i.USBD_CtlError     usbd_ctlreq.o
    0x08003c1e   0x00000028   Code   RO         4718    i.USBD_CtlPrepareRx  usbd_ioreq.o
    0x08003c46   0x0000001a   Code   RO         4719    i.USBD_CtlReceiveStatus  usbd_ioreq.o
    0x08003c60   0x00000022   Code   RO         4720    i.USBD_CtlSendData  usbd_ioreq.o
    0x08003c82   0x0000001a   Code   RO         4721    i.USBD_CtlSendStatus  usbd_ioreq.o
    0x08003c9c   0x00000050   Code   RO         4623    i.USBD_GetConfig    usbd_ctlreq.o
    0x08003cec   0x00000148   Code   RO         4624    i.USBD_GetDescriptor  usbd_ctlreq.o
    0x08003e34   0x00000014   Code   RO         4625    i.USBD_GetLen       usbd_ctlreq.o
    0x08003e48   0x00000044   Code   RO         4626    i.USBD_GetStatus    usbd_ctlreq.o
    0x08003e8c   0x00000052   Code   RO         4627    i.USBD_GetString    usbd_ctlreq.o
    0x08003ede   0x00000032   Code   RO         4485    i.USBD_Init         usbd_core.o
    0x08003f10   0x00000014   Code   RO         3961    i.USBD_LL_ClearStallEP  usbd_conf.o
    0x08003f24   0x00000014   Code   RO         3962    i.USBD_LL_CloseEP   usbd_conf.o
    0x08003f38   0x000000da   Code   RO         4486    i.USBD_LL_DataInStage  usbd_core.o
    0x08004012   0x00000086   Code   RO         4487    i.USBD_LL_DataOutStage  usbd_core.o
    0x08004098   0x00000006   Code   RO         4488    i.USBD_LL_DevConnected  usbd_core.o
    0x0800409e   0x0000001a   Code   RO         4489    i.USBD_LL_DevDisconnected  usbd_core.o
    0x080040b8   0x00000012   Code   RO         3966    i.USBD_LL_GetRxDataSize  usbd_conf.o
    0x080040ca   0x00000002   PAD
    0x080040cc   0x00000064   Code   RO         3967    i.USBD_LL_Init      usbd_conf.o
    0x08004130   0x00000038   Code   RO         3968    i.USBD_LL_IsStallEP  usbd_conf.o
    0x08004168   0x00000006   Code   RO         4490    i.USBD_LL_IsoINIncomplete  usbd_core.o
    0x0800416e   0x00000006   Code   RO         4491    i.USBD_LL_IsoOUTIncomplete  usbd_core.o
    0x08004174   0x00000020   Code   RO         3969    i.USBD_LL_OpenEP    usbd_conf.o
    0x08004194   0x00000020   Code   RO         3970    i.USBD_LL_PrepareReceive  usbd_conf.o
    0x080041b4   0x00000044   Code   RO         4492    i.USBD_LL_Reset     usbd_core.o
    0x080041f8   0x0000000e   Code   RO         4493    i.USBD_LL_Resume    usbd_core.o
    0x08004206   0x00000022   Code   RO         4494    i.USBD_LL_SOF       usbd_core.o
    0x08004228   0x00000008   Code   RO         4495    i.USBD_LL_SetSpeed  usbd_core.o
    0x08004230   0x00000014   Code   RO         3971    i.USBD_LL_SetUSBAddress  usbd_conf.o
    0x08004244   0x0000006e   Code   RO         4496    i.USBD_LL_SetupStage  usbd_core.o
    0x080042b2   0x00000014   Code   RO         3972    i.USBD_LL_StallEP   usbd_conf.o
    0x080042c6   0x00000010   Code   RO         3973    i.USBD_LL_Start     usbd_conf.o
    0x080042d6   0x00000014   Code   RO         4497    i.USBD_LL_Suspend   usbd_core.o
    0x080042ea   0x00000020   Code   RO         3975    i.USBD_LL_Transmit  usbd_conf.o
    0x0800430a   0x00000028   Code   RO         4628    i.USBD_ParseSetupRequest  usbd_ctlreq.o
    0x08004332   0x00000010   Code   RO         4498    i.USBD_RegisterClass  usbd_core.o
    0x08004342   0x00000006   Code   RO         4499    i.USBD_RunTestMode  usbd_core.o
    0x08004348   0x00000054   Code   RO         4629    i.USBD_SetAddress   usbd_ctlreq.o
    0x0800439c   0x00000022   Code   RO         4500    i.USBD_SetClassConfig  usbd_core.o
    0x080043be   0x00000002   PAD
    0x080043c0   0x000000e0   Code   RO         4630    i.USBD_SetConfig    usbd_ctlreq.o
    0x080044a0   0x00000024   Code   RO         4631    i.USBD_SetFeature   usbd_ctlreq.o
    0x080044c4   0x0000000e   Code   RO         4501    i.USBD_Start        usbd_core.o
    0x080044d2   0x00000072   Code   RO         4632    i.USBD_StdDevReq    usbd_ctlreq.o
    0x08004544   0x00000156   Code   RO         4633    i.USBD_StdEPReq     usbd_ctlreq.o
    0x0800469a   0x0000004a   Code   RO         4634    i.USBD_StdItfReq    usbd_ctlreq.o
    0x080046e4   0x00000024   Code   RO         4143    i.USBD_VCP_ConfigStrDescriptor  usbd_desc.o
    0x08004708   0x00000010   Code   RO         4144    i.USBD_VCP_DeviceDescriptor  usbd_desc.o
    0x08004718   0x00000028   Code   RO         4145    i.USBD_VCP_InterfaceStrDescriptor  usbd_desc.o
    0x08004740   0x00000010   Code   RO         4146    i.USBD_VCP_LangIDStrDescriptor  usbd_desc.o
    0x08004750   0x0000002c   Code   RO         4147    i.USBD_VCP_ManufacturerStrDescriptor  usbd_desc.o
    0x0800477c   0x00000030   Code   RO         4148    i.USBD_VCP_ProductStrDescriptor  usbd_desc.o
    0x080047ac   0x00000018   Code   RO         4149    i.USBD_VCP_SerialStrDescriptor  usbd_desc.o
    0x080047c4   0x000000c0   Code   RO         1072    i.USB_ActivateEndpoint  stm32f4xx_ll_usb.o
    0x08004884   0x00000044   Code   RO         1073    i.USB_ActivateSetup  stm32f4xx_ll_usb.o
    0x080048c8   0x00000070   Code   RO         1075    i.USB_CoreInit      stm32f4xx_ll_usb.o
    0x08004938   0x00000048   Code   RO         1076    i.USB_CoreReset     stm32f4xx_ll_usb.o
    0x08004980   0x000000a8   Code   RO         1078    i.USB_DeactivateEndpoint  stm32f4xx_ll_usb.o
    0x08004a28   0x0000001e   Code   RO         1079    i.USB_DevConnect    stm32f4xx_ll_usb.o
    0x08004a46   0x0000001e   Code   RO         1080    i.USB_DevDisconnect  stm32f4xx_ll_usb.o
    0x08004a64   0x000001a4   Code   RO         1081    i.USB_DevInit       stm32f4xx_ll_usb.o
    0x08004c08   0x0000000e   Code   RO         1082    i.USB_DisableGlobalInt  stm32f4xx_ll_usb.o
    0x08004c16   0x00000002   PAD
    0x08004c18   0x000001b0   Code   RO         1085    i.USB_EP0StartXfer  stm32f4xx_ll_usb.o
    0x08004dc8   0x00000044   Code   RO         1086    i.USB_EP0_OutStart  stm32f4xx_ll_usb.o
    0x08004e0c   0x00000088   Code   RO         1087    i.USB_EPClearStall  stm32f4xx_ll_usb.o
    0x08004e94   0x0000008c   Code   RO         1088    i.USB_EPSetStall    stm32f4xx_ll_usb.o
    0x08004f20   0x000002d0   Code   RO         1089    i.USB_EPStartXfer   stm32f4xx_ll_usb.o
    0x080051f0   0x0000000e   Code   RO         1090    i.USB_EnableGlobalInt  stm32f4xx_ll_usb.o
    0x080051fe   0x00000002   PAD
    0x08005200   0x0000002c   Code   RO         1091    i.USB_FlushRxFifo   stm32f4xx_ll_usb.o
    0x0800522c   0x00000030   Code   RO         1092    i.USB_FlushTxFifo   stm32f4xx_ll_usb.o
    0x0800525c   0x00000044   Code   RO         1094    i.USB_GetDevSpeed   stm32f4xx_ll_usb.o
    0x080052a0   0x0000000a   Code   RO         1096    i.USB_GetMode       stm32f4xx_ll_usb.o
    0x080052aa   0x00000012   Code   RO         1103    i.USB_ReadDevAllInEpInterrupt  stm32f4xx_ll_usb.o
    0x080052bc   0x00000012   Code   RO         1104    i.USB_ReadDevAllOutEpInterrupt  stm32f4xx_ll_usb.o
    0x080052ce   0x0000002c   Code   RO         1105    i.USB_ReadDevInEPInterrupt  stm32f4xx_ll_usb.o
    0x080052fa   0x00000016   Code   RO         1106    i.USB_ReadDevOutEPInterrupt  stm32f4xx_ll_usb.o
    0x08005310   0x0000000c   Code   RO         1107    i.USB_ReadInterrupts  stm32f4xx_ll_usb.o
    0x0800531c   0x00000022   Code   RO         1108    i.USB_ReadPacket    stm32f4xx_ll_usb.o
    0x0800533e   0x00000030   Code   RO         1110    i.USB_SetCurrentMode  stm32f4xx_ll_usb.o
    0x0800536e   0x00000028   Code   RO         1111    i.USB_SetDevAddress  stm32f4xx_ll_usb.o
    0x08005396   0x00000014   Code   RO         1112    i.USB_SetDevSpeed   stm32f4xx_ll_usb.o
    0x080053aa   0x00000030   Code   RO         1115    i.USB_WritePacket   stm32f4xx_ll_usb.o
    0x080053da   0x00000004   Code   RO         3405    i.UsageFault_Handler  stm32f4xx_it.o
    0x080053de   0x00000002   PAD
    0x080053e0   0x00000020   Code   RO         5139    i.__0printf$8       mc_w.l(printf8.o)
    0x08005400   0x00000022   Code   RO         3847    i.__io_putchar      usbd_cdc_interface.o
    0x08005422   0x0000000e   Code   RO         5247    i.__scatterload_copy  mc_w.l(handlers.o)
    0x08005430   0x00000002   Code   RO         5248    i.__scatterload_null  mc_w.l(handlers.o)
    0x08005432   0x0000000e   Code   RO         5249    i.__scatterload_zeroinit  mc_w.l(handlers.o)
    0x08005440   0x00000408   Code   RO         5146    i._printf_core      mc_w.l(printf8.o)
    0x08005848   0x00000026   Code   RO         5147    i._printf_post_padding  mc_w.l(printf8.o)
    0x0800586e   0x00000030   Code   RO         5148    i._printf_pre_padding  mc_w.l(printf8.o)
    0x0800589e   0x00000002   PAD
    0x080058a0   0x0000003c   Code   RO         3848    i.cdc_fifo_put      usbd_cdc_interface.o
    0x080058dc   0x00000026   Code   RO         3849    i.cdc_write         usbd_cdc_interface.o
    0x08005902   0x00000002   PAD
    0x08005904   0x0000002c   Code   RO         4216    i.delayInit         util.o
    0x08005930   0x00000018   Code   RO         4217    i.delayWaitms       util.o
    0x08005948   0x00000054   Code   RO         4218    i.delayWaitus       util.o
    0x0800599c   0x0000000e   Code   RO         3850    i.fputc             usbd_cdc_interface.o
    0x080059aa   0x00000002   PAD
    0x080059ac   0x00000144   Code   RO         3487    i.main              main.o
    0x08005af0   0x00000008   Code   RO         4275    i.millis            usart.o
    0x08005af8   0x00000078   Code   RO         3488    i.motor_dir         main.o
    0x08005b70   0x00000064   Code   RO         3489    i.motor_enable      main.o
    0x08005bd4   0x00000048   Code   RO         4277    i.reset_IT          usart.o
    0x08005c1c   0x00000034   Code   RO         3490    i.usb_init          main.o
    0x08005c50   0x00000010   Data   RO         2133    .constdata          stm32f4xx_hal_rcc.o
    0x08005c60   0x00000020   Data   RO         5245    Region$$Table       anon$$obj.o


    Execution Region RW_IRAM1 (Base: 0x20000000, Size: 0x000025b0, Max: 0x00020000, ABSOLUTE, COMPRESSED[0x000000cc])

    Base Addr    Size         Type   Attr      Idx    E Section Name        Object

    0x20000000   0x00000004   Data   RW          290    .data               stm32f4xx_hal.o
    0x20000004   0x00000004   Data   RW         3363    .data               system_stm32f4xx.o
    0x20000008   0x00000024   Data   RW         3852    .data               usbd_cdc_interface.o
    0x2000002c   0x00000004   Data   RW         3977    .data               usbd_conf.o
    0x20000030   0x0000004e   Data   RW         4151    .data               usbd_desc.o
    0x2000007e   0x00000002   PAD
    0x20000080   0x0000000c   Data   RW         4220    .data               util.o
    0x2000008c   0x0000000e   Data   RW         4280    .data               usart.o
    0x2000009a   0x00000001   Data   RW         4635    .data               usbd_ctlreq.o
    0x2000009b   0x00000001   PAD
    0x2000009c   0x00000110   Data   RW         4791    .data               usbd_cdc.o
    0x200001ac   0x00000004   Data   RW         4899    .data               mc_w.l(stdout.o)
    0x200001b0   0x00000768   Zero   RW         3491    .bss                main.o
    0x20000918   0x0000107c   Zero   RW         3851    .bss                usbd_cdc_interface.o
    0x20001994   0x000005d4   Zero   RW         3976    .bss                usbd_conf.o
    0x20001f68   0x00000100   Zero   RW         4150    .bss                usbd_desc.o
    0x20002068   0x000000ec   Zero   RW         4279    .bss                usart.o
    0x20002154   0x00000058   Zero   RW         4427    .bss                spi.o
    0x200021ac   0x00000004   PAD
    0x200021b0   0x00000400   Zero   RW         4473    STACK               startup_stm32f407xx.o


==============================================================================

Image component sizes


      Code (inc. data)   RO Data    RW Data    ZI Data      Debug   Object Name

      1428        118          0          0       1896     388610   main.o
       148         18          0          0         88       1252   spi.o
        36          8        392          0       1024        800   startup_stm32f407xx.o
       124         16          0          4          0       3635   stm32f4xx_hal.o
       340         22          0          0          0      31477   stm32f4xx_hal_cortex.o
       536         48          0          0          0       2408   stm32f4xx_hal_gpio.o
      1002         92          0          0          0       4028   stm32f4xx_hal_msp.o
      2692          0          0          0          0      10657   stm32f4xx_hal_pcd.o
        92          0          0          0          0       1812   stm32f4xx_hal_pcd_ex.o
      1660         68         16          0          0       5707   stm32f4xx_hal_rcc.o
         0          0          0          0          0     391424   stm32f4xx_hal_rcc_ex.o
       934          0          0          0          0       4013   stm32f4xx_hal_spi.o
      2030         88          0          0          0      15828   stm32f4xx_hal_tim.o
       102          0          0          0          0       2346   stm32f4xx_hal_tim_ex.o
      1712          8          0          0          0       5632   stm32f4xx_hal_uart.o
        62         12          0          0          0       4209   stm32f4xx_it.o
      3090         60          0          0          0      20346   stm32f4xx_ll_usb.o
       100         18          0          4          0       1349   system_stm32f4xx.o
       352        118          0         14        236       5469   usart.o
       664         36          0        272          0      11725   usbd_cdc.o
       592         68          0         36       4220      12872   usbd_cdc_interface.o
       940         26          0          4       1492      14466   usbd_conf.o
       792          0          0          0          0      12029   usbd_core.o
      1584         30          0          1          0      10176   usbd_ctlreq.o
       338        116          0         78        256       6570   usbd_desc.o
       174          0          0          0          0       4356   usbd_ioreq.o
       164         24          0         12          0       2896   util.o

    ----------------------------------------------------------------------
     21714        994        440        428       9216     976092   Object Totals
         0          0         32          0          0          0   (incl. Generated)
        26          0          0          3          4          0   (incl. Padding)

    ----------------------------------------------------------------------

      Code (inc. data)   RO Data    RW Data    ZI Data      Debug   Library Member Name

        92          0          0          0          0          0   __dczerorl2.o
         0          0          0          0          0          0   entry.o
         0          0          0          0          0          0   entry10a.o
         0          0          0          0          0          0   entry11a.o
         8          4          0          0          0          0   entry2.o
         4          0          0          0          0          0   entry5.o
         0          0          0          0          0          0   entry7b.o
         0          0          0          0          0          0   entry8b.o
         8          4          0          0          0          0   entry9a.o
        30          0          0          0          0          0   handlers.o
        36          8          0          0          0         68   init.o
        30          0          0          0          0         68   llshl.o
        32          0          0          0          0         68   llushr.o
        36          0          0          0          0         68   memcpya.o
      1150         54          0          0          0        352   printf8.o
         0          0          0          4          0          0   stdout.o
        98          0          0          0          0         92   uldiv.o

    ----------------------------------------------------------------------
      1526         70          0          4          0        716   Library Totals
         2          0          0          0          0          0   (incl. Padding)

    ----------------------------------------------------------------------

      Code (inc. data)   RO Data    RW Data    ZI Data      Debug   Library Name

      1524         70          0          4          0        716   mc_w.l

    ----------------------------------------------------------------------
      1526         70          0          4          0        716   Library Totals

    ----------------------------------------------------------------------

==============================================================================


      Code (inc. data)   RO Data    RW Data    ZI Data      Debug   

     23240       1064        440        432       9216     953896   Grand Totals
     23240       1064        440        204       9216     953896   ELF Image Totals (compressed)
     23240       1064        440        204          0          0   ROM Totals

==============================================================================

    Total RO  Size (Code + RO Data)                23680 (  23.13kB)
    Total RW  Size (RW Data + ZI Data)              9648 (   9.42kB)
    Total ROM Size (Code + RO Data + RW Data)      23884 (  23.32kB)

==============================================================================

