<html>
<body>
<pre>
<h1>µVision Build Log</h1>
<h2>Project:</h2>
C:\Development\BLE\STM32\sb-stm32f4-projects\17 - Andrew k board - tests\pwm_test - Copy\MDK-ARM\keil-project.uvproj
Project File Date:  07/22/2016

<h2>Output:</h2>
Build target 'keil-project'
compiling stm32f4xx_hal_msp.c...
linking...
Program Size: Code=21544 RO-data=440 RW-data=460 ZI-data=9228  
"keil-project\keil-project.axf" - 0 Error(s), 0 Warning(s).
Load "keil-project\\keil-project.axf" 
Erase Done.
Programming Done.
Verify OK.
Application running ...
</pre>
</body>
</html>
red but never referenced
  void MX_I2S3_Init(void)
../Src/main.c(327): warning:  #177-D: function "MX_SPI2_Init" was declared but never referenced
  void MX_SPI2_Init(void)
../Src/main.c(346): warning:  #177-D: function "MX_TIM1_Init" was declared but never referenced
  void MX_TIM1_Init(void)
../Src/main.c(423): warning:  #177-D: function "MX_TIM3_Init" was declared but never referenced
  void MX_TIM3_Init(void)
../Src/main.c(461): warning:  #177-D: function "MX_TIM4_Init" was declared but never referenced
  void MX_TIM4_Init(void)
../Src/main.c(519): warning:  #177-D: function "MX_USB_OTG_FS_PCD_Init" was declared but never referenced
  void MX_USB_OTG_FS_PCD_Init(void)
../Src/main.c(95): warning:  #177-D: variable "drive_flag" was declared but never referenced
  static bool drive_flag = false; 
../Src/main.c: 9 warnings, 0 errors
compiling IMU.c...
..\Src\IMU.c(58): warning:  #550-D: variable "response" was set but never used
          uint8_t response;
..\Src\IMU.c(118): warning:  #550-D: variable "error" was set but never used
        HAL_StatusTypeDef error = HAL_OK;
..\Src\IMU.c(253): warning:  #550-D: variable "x" was set but never used
        uint8_t x[2];
..\Src\IMU.c(254): warning:  #177-D: variable "discard" was declared but never referenced
        uint8_t discard;
..\Src\IMU.c(404): warning:  #1035-D: single-precision operand implicitly converted to double-precision
                AccelDataLPF[axis] = (float)(AccelData[axis])*(0.09) + AccelDataLPF[axis] * ( 1.0 - 0.09); //filter accelerometer
..\Src\IMU.c: 5 warnings, 0 errors
linking...
Program Size: Code=21520 RO-data=440 RW-data=460 ZI-data=9228  
"keil-project\keil-project.axf" - 0 Error(s), 14 Warning(s).
Load "keil-project\\keil-project.axf" 
Erase Done.
Programming Done.
Verify OK.
Application running ...
compiling main.c...
../Src/main.c(224): warning:  #177-D: variable "c" was declared but never referenced
    uint16_t c = 0; 
../Src/main.c(225): warning:  #177-D: variable "cmd" was declared but never referenced
    int cmd = 0; 
../Src/main.c(289): warning:  #177-D: function "MX_I2S3_Init" was declared but never referenced
  void MX_I2S3_Init(void)
../Src/main.c(327): warning:  #177-D: function "MX_SPI2_Init" was declared but never referenced
  void MX_SPI2_Init(void)
../Src/main.c(346): warning:  #177-D: function "MX_TIM1_Init" was declared but never referenced
  void MX_TIM1_Init(void)
../Src/main.c(423): warning:  #177-D: function "MX_TIM3_Init" was declared but never referenced
  void MX_TIM3_Init(void)
../Src/main.c(461): warning:  #177-D: function "MX_TIM4_Init" was declared but never referenced
  void MX_TIM4_Init(void)
../Src/main.c(519): warning:  #177-D: function "MX_USB_OTG_FS_PCD_Init" was declared but never referenced
  void MX_USB_OTG_FS_PCD_Init(void)
../Src/main.c(95): warning:  #177-D: variable "drive_flag" was declared but never referenced
  static bool drive_flag = false; 
../Src/main.c: 9 warnings, 0 errors
"../Src/main.c" - 0 Error(s), 9 Warning(s).
citly converted to double-precision
                AccelDataLPF[axis] = (float)(AccelData[axis])*(0.09) + AccelDataLPF[axis] * ( 1.0 - 0.09); //filter accelerometer
..\Src\IMU.c: 5 warnings, 0 errors
assembling startup_stm32f407xx.s...
compiling usbd_core.c...
compiling usbd_ctlreq.c...
compiling usbd_ioreq.c...
compiling usbd_cdc.c...
linking...
keil-project\keil-project.axf: Error: L6218E: Undefined symbol SPI_Whoami (referred from main.o).
Not enough information to list image symbols.
Finished: 1 information, 0 warning and 1 error messages.
"keil-project\keil-project.axf" - 1 Error(s), 18 Warning(s).
Target not created
